09-11 16:25:10.105 V/WindowManager( 1049): Collecting in transition 1868: ActivityRecord{aee8b4 u0 com.samsung.android.lool/com.samsung.android.sm.iafd.dialog.AppErrorDialogActivity t235 f}}, caller=com.android.server.wm.TransitionController.collect:7 com.android.server.wm.ActivityRecord.setVisibility:189 com.android.server.wm.ActivityRecord.finishIfPossible:82 com.android.server.wm.ActivityClientController.finishActivity:225 android.app.IActivityClientController$Stub.onTransact:822 
09-11 16:25:10.108 V/WindowManagerShell( 1587): Transition requested (#1868): android.os.BinderProxy@58375e3 TransitionRequestInfo { type = CLOSE, triggerTask = TaskInfo{userId=0 taskId=235 displayId=0 isRunning=false baseIntent=Intent { act=com.samsung.android.sm.ACTION_START_APP_ERROR_DIALOG flg=0x14800000 pkg=com.samsung.android.lool cmp=com.samsung.android.lool/com.samsung.android.sm.iafd.dialog.AppErrorDialogActivity } baseActivity=null topActivity=null origActivity=null realActivity=ComponentInfo{com.samsung.android.lool/com.samsung.android.sm.iafd.dialog.AppErrorDialogActivity} numActivities=0 lastActiveTime=443811855 supportsMultiWindow=true resizeMode=1 isResizeable=true minWidth=-1 minHeight=-1 maxWidth=-1 maxHeight=-1 defaultMinSize=220 token=WCT{android.window.IWindowContainerToken$Stub$Proxy@7768be0} topActivityType=1 pictureInPictureParams=null shouldDockBigOverlays=false launchIntoPipHostTaskId=-1 lastParentTaskIdBeforePip=-1 displayCutoutSafeInsets=Rect(0, 96 - 0, 0) topActivityInfo=null launchCookies=[] positionInParent=Point(0, 0) parentTaskId=-1 isFocused=true isVisible=true isVisibleRequested=true isSleeping=false topActivityInSizeCompat=false locusId=null displayAreaFeatureId=1 isTopActivityTransparent=false isTopActivityStyleFloating=false appCompatTaskInfo=AppCompatTaskInfo { topActivityInSizeCompat=false eligibleForLetterboxEducation= false isLetterboxEducationEnabled= false isLetterboxDoubleTapEnabled= false eligibleForUserAspectRatioButton= false topActivityBoundsLetterboxed= false isFromLetterboxDoubleTap= false topActivityLetterboxVerticalPosition= -1 topActivityLetterboxHorizontalPosition= -1 topActivityLetterboxWidth=-1 topActivityLetterboxHeight=-1 topActivityLetterboxAppWidth=-1 topActivityLetterboxAppHeight=-1 isUserFullscreenOverrideEnabled=false isSystemFullscreenOverrideEnabled=false hasMinAspectRatioOverride=false cameraCompatTaskInfo=CameraCompatTaskInfo { freeformCameraCompatMode=inactive} topActivityBounds=null topActivityInDisplayCompat=false} originallySupportedMultiWindow=true hasWallpaper=false rootAffinity=null isTopTaskInStage=false isTranslucentTask=true CoverLauncherWidgetTask=false isAllowedSeamlessRotation=false isTopTransparentActivity=true snappingGuideBounds=null isAliasManaged=false hasConfigChanged=false isAiKeyRemoveAppTask=false}, pipTask = null, remoteTransition = null, displayChange = null, flags = 0, debugId = 1868 }
09-11 16:25:10.119 I/HoneySpace.TopTaskSource( 2316): onTaskMovedToFront : taskId = 6, displayId = 0
09-11 16:25:10.121 V/WindowManager( 1049): Starting Transition 1868, caller=com.android.server.wm.WindowOrganizerController.startTransition:37 com.android.server.wm.WindowOrganizerController.startTransition:1 android.window.IWindowOrganizerController$Stub.onTransact:271 
09-11 16:25:10.123 I/HoneySpace.TopTaskUseCase( 2316): topTaskId 6, DisplayId : 0
09-11 16:25:10.125 I/HoneySpace.RecentTasks( 2316): onRecentTasksChanged
09-11 16:25:10.126 I/SemDvfsHyPerManager( 1049): acquire hyper - AMS_APP_HOME/1049@27, type = -999
09-11 16:25:10.127 I/SurfaceFlinger(  747): [LayerHierarchy{RequestedLayerState{576fe26 StatusBar#87 parentId=24751} 1 children}] reparent to LayerHierarchy{RequestedLayerState{Surface(name=576fe26 StatusBar)/@0x7624b46 - animation-leash of insets_animation#24751 parentId=86} 1 children}
09-11 16:25:10.127 I/SurfaceFlinger(  747): [LayerHierarchy{RequestedLayerState{50debd8 NavigationBar0#23251 parentId=24752} 1 children}] reparent to LayerHierarchy{RequestedLayerState{Surface(name=50debd8 NavigationBar0)/@0x8139047 - animation-leash of insets_animation#24752 parentId=23250} 1 children}
09-11 16:25:10.127 I/SurfaceFlinger(  747): [LayerHierarchy{RequestedLayerState{e6dd713 com.samsung.android.lool/com.samsung.android.sm.iafd.dialog.AppErrorDialogActivity#24739 parentId=24750 z=1} 2 children}] reparent to LayerHierarchy{RequestedLayerState{Surface(name=e6dd713 com.samsung.android.lool/com.samsung.android.sm.iafd.dialog.AppErrorDialogActivity)/@0xba1e9ae - animation-leash of window_animation#24750 parentId=24738 z=1} 1 children}
09-11 16:25:10.127 I/SurfaceFlinger(  747): [LayerHierarchy{RequestedLayerState{Surface(name=576fe26 StatusBar)/@0x7624b46 - animation-leash of insets_animation#24740} no children}] reparent to OffscreenRoot
09-11 16:25:10.127 I/SurfaceFlinger(  747): [LayerHierarchy{RequestedLayerState{Surface(name=576fe26 StatusBar)/@0x7624b46 - animation-leash of insets_animation#24740} no children}] RelativeParent to null
09-11 16:25:10.127 I/SurfaceFlinger(  747): [LayerHierarchy{RequestedLayerState{Surface(name=50debd8 NavigationBar0)/@0x8139047 - animation-leash of insets_animation#24741} no children}] reparent to OffscreenRoot
09-11 16:25:10.127 I/SurfaceFlinger(  747): [LayerHierarchy{RequestedLayerState{Surface(name=50debd8 NavigationBar0)/@0x8139047 - animation-leash of insets_animation#24741} no children}] RelativeParent to null
09-11 16:25:10.127 I/CocktailBarManagerServiceContainer( 1049): handleMessage: entry what = 6
09-11 16:25:10.127 I/CocktailBarManagerServiceImpl( 1049): notePauseComponent : no active host
09-11 16:25:10.127 I/HYPER-HAL(  689): [RequestManager.cpp]acquire(): Acquired ID : 579453  [1049 / 27]    HINT : AMS_APP_HOME    list : 
09-11 16:25:10.128 I/SurfaceFlinger(  747): id=24741 Removed Surface(name=50debd8 NavigationBar0)/@0x8139047 - animation-leash of insets_animation#24741 (137)
09-11 16:25:10.128 D/ActivityManagerPerformance( 1049): AMP_acquire() HOME
09-11 16:25:10.128 I/SurfaceFlinger(  747): id=24740 Removed Surface(name=576fe26 StatusBar)/@0x7624b46 - animation-leash of insets_animation#24740 (137)
09-11 16:25:10.128 D/SGM:FgCheckThread( 1049): TaskStackListener.onTaskFocusChanged(), taskId=235, focused=false
09-11 16:25:10.128 D/SGM:FgCheckThread( 1049): TaskStackListener.onTaskFocusChanged(), taskId=6, focused=true
09-11 16:25:10.129 D/SGM:FgCheckThread( 1049):   sendRunningComponentFocus(), pkgName: com.sec.android.app.launcher, userId: 0
09-11 16:25:10.129 D/InputDispatcher( 1049): Focused application(0): ActivityRecord{666bdaf u0 com.sec.android.app.launcher/.activities.LauncherActivity t6}
09-11 16:25:10.130 D/AS.MultiSoundManager( 1049): mForegroundUid = 10127
09-11 16:25:10.130 D/WindowManager( 1049): Changing focus from Window{1211057 u0 com.samsung.android.lool/com.samsung.android.sm.iafd.dialog.AppErrorDialogActivity} to Window{1f5a5af u0 com.sec.android.app.launcher/com.sec.android.app.launcher.activities.LauncherActivity} displayId=0 Callers=com.android.server.wm.ActivityTaskManagerService.setLastResumedActivityUncheckLocked:264 com.android.server.wm.ActivityTaskSupervisor.updateTopResumedActivityIfNeeded:50 com.android.server.wm.TaskFragment.setResumedActivity:29 com.android.server.wm.ActivityRecord.setState:104 
09-11 16:25:10.130 I/WindowManager( 1049): Cancelling animation restarting=true, leash=Surface(name=Surface(name=576fe26 StatusBar)/@0x7624b46 - animation-leash of insets_animation)/@0xea5f2e8
09-11 16:25:10.130 I/WindowManager( 1049): Reparenting to original parent: Surface(name=WindowToken{32568 type=2000 android.os.BinderProxy@b81d65a})/@0x5ed9107, destroy=false, syncState=0, syncCommitDepth=0, surface=Surface(name=576fe26 StatusBar)/@0x7624b46
09-11 16:25:10.130 I/WindowManager( 1049): Reparenting to leash, surface=Surface(name=576fe26 StatusBar)/@0x7624b46, syncState=0, syncCommitDepth=0, leashParent=Surface(name=WindowToken{32568 type=2000 android.os.BinderProxy@b81d65a})/@0x5ed9107
09-11 16:25:10.131 I/SurfaceFlinger(  747): id=24753 createSurf, flag=24000, Surface(name=576fe26 StatusBar)/@0x7624b46 - animation-leash of insets_animation#24753
09-11 16:25:10.132 D/SGM:FgCheckThread( 1049): onLooperPrepared(), msg: MSG_TASK_FOCUSED, pkgName: com.sec.android.app.launcher, userId: 0
09-11 16:25:10.132 D/SGM:FgCheckThread( 1049): handleTaskFocused().
09-11 16:25:10.132 D/SGM:FgCheckThread( 1049): sendFocusOutConditionally() - mPrevNotiPkg: (unknown), userId: 0
09-11 16:25:10.132 D/SGM:FgCheckThread( 1049):   handleTaskFocused(), pkgName: com.sec.android.app.launcher, userID:0 mResumedPkgMap does not containsKey.
09-11 16:25:10.132 D/WindowManager( 1049): makeSurface duration=2 leash=Surface(name=Surface(name=576fe26 StatusBar)/@0x7624b46 - animation-leash of insets_animation)/@0xe753832
09-11 16:25:10.132 D/InsetsSourceProvider( 1049): updateControlForTarget: control=InsetsSourceControl: {743a0000 mType=statusBars initiallyVisible mSurfacePosition=Point(0, 0) mInsetsHint=Insets{left=0, top=96, right=0, bottom=0}}, target=Window{1f5a5af u0 com.sec.android.app.launcher/com.sec.android.app.launcher.activities.LauncherActivity}, from=com.android.server.wm.InsetsStateController.onControlTargetChanged:81 com.android.server.wm.InsetsPolicy.updateBarControlTarget:163 com.android.server.wm.DisplayPolicy.updateSystemBarAttributes:281 com.android.server.wm.WindowManagerService.updateFocusedWindowLocked:375 com.android.server.wm.ActivityTaskManagerService.setLastResumedActivityUncheckLocked:264 
09-11 16:25:10.132 I/WindowManager( 1049): Cancelling animation restarting=true, leash=Surface(name=Surface(name=50debd8 NavigationBar0)/@0x8139047 - animation-leash of insets_animation)/@0xdc47a6
09-11 16:25:10.132 I/WindowManager( 1049): Reparenting to original parent: Surface(name=WindowToken{584f8b5 type=2019 android.os.BinderProxy@705c39f})/@0x4344074, destroy=false, syncState=0, syncCommitDepth=0, surface=Surface(name=50debd8 NavigationBar0)/@0x8139047
09-11 16:25:10.133 I/WindowManager( 1049): Reparenting to leash, surface=Surface(name=50debd8 NavigationBar0)/@0x8139047, syncState=0, syncCommitDepth=0, leashParent=Surface(name=WindowToken{584f8b5 type=2019 android.os.BinderProxy@705c39f})/@0x4344074
09-11 16:25:10.133 I/SemDvfsHyPerManager( 3725): acquire hyper - APP_START_HOME/3725@15, type = -999
09-11 16:25:10.133 I/SurfaceFlinger(  747): id=24754 createSurf, flag=24000, Surface(name=50debd8 NavigationBar0)/@0x8139047 - animation-leash of insets_animation#24754
09-11 16:25:10.133 I/HYPER-HAL(  689): [RequestManager.cpp]acquire(): Acquired ID : 6995685  [3725 / 15]    HINT : APP_START    list : [KERNEL_APP_START_NOTIFY / 0] [TIMEOUT / 1500] 
09-11 16:25:10.134 D/WindowManager( 1049): makeSurface duration=2 leash=Surface(name=Surface(name=50debd8 NavigationBar0)/@0x8139047 - animation-leash of insets_animation)/@0x5939b39
09-11 16:25:10.134 D/InsetsSourceProvider( 1049): updateControlForTarget: control=InsetsSourceControl: {29220001 mType=navigationBars initiallyVisible mSurfacePosition=Point(0, 2205) mInsetsHint=Insets{left=0, top=0, right=0, bottom=42}}, target=Window{1f5a5af u0 com.sec.android.app.launcher/com.sec.android.app.launcher.activities.LauncherActivity}, from=com.android.server.wm.InsetsStateController.onControlTargetChanged:81 com.android.server.wm.InsetsPolicy.updateBarControlTarget:176 com.android.server.wm.DisplayPolicy.updateSystemBarAttributes:281 com.android.server.wm.WindowManagerService.updateFocusedWindowLocked:375 com.android.server.wm.ActivityTaskManagerService.setLastResumedActivityUncheckLocked:264 
09-11 16:25:10.134 D/WindowManager( 1049): updateSystemBarAttributes: displayId=0, focusedCanBeNavColorWin=false, win=Window{1f5a5af u0 com.sec.android.app.launcher/com.sec.android.app.launcher.activities.LauncherActivity}, navColorWin=Window{1f5a5af u0 com.sec.android.app.launcher/com.sec.android.app.launcher.activities.LauncherActivity}, caller=com.android.server.wm.WindowManagerService.updateFocusedWindowLocked:375 com.android.server.wm.ActivityTaskManagerService.setLastResumedActivityUncheckLocked:264 com.android.server.wm.ActivityTaskSupervisor.updateTopResumedActivityIfNeeded:50 
09-11 16:25:10.134 D/WindowManager( 1049): updateSystemBarAttributes, bhv=2, apr=0, statusBarAprRegions=[AppearanceRegion{ bounds=[0,0][1080,2340]}], requestedVisibilities=-9
09-11 16:25:10.135 D/SysUiState( 1587): SysUiState changed: old=0x10020000 new=0x10000000
09-11 16:25:10.135 V/SystemKeyManager( 1049): updateFocusedWindow() is called, com.sec.android.app.launcher/com.sec.android.app.launcher.activities.LauncherActivity
09-11 16:25:10.135 D/ActivityTaskManager( 1049): scheduleTopResumedActivityChanged, onTop=true, r=ActivityRecord{666bdaf u0 com.sec.android.app.launcher/.activities.LauncherActivity t6}, caller=com.android.server.wm.ActivityTaskSupervisor.updateTopResumedActivityIfNeeded:62 com.android.server.wm.TaskFragment.setResumedActivity:29 com.android.server.wm.ActivityRecord.setState:104 com.android.server.wm.TaskFragment.resumeTopActivity:1800 com.android.server.wm.Task.resumeTopActivityInnerLocked:98 com.android.server.wm.Task.resumeTopActivityUncheckedLocked:23 
09-11 16:25:10.135 V/WindowManager( 1049): Computed rotation=ROTATION_0 (0) for display id=0 based on lastOrientation=SCREEN_ORIENTATION_UNSPECIFIED (-1) and oldRotation=ROTATION_0 (0), caller=com.android.server.wm.DisplayRotation.updateOrientation:25 com.android.server.wm.DisplayContent.updateOrientation:65 com.android.server.wm.DisplayContent.updateOrientation:11 com.android.server.wm.RootWindowContainer.ensureVisibilityAndConfig:7 com.android.server.wm.TaskFragment.resumeTopActivity:1819 com.android.server.wm.Task.resumeTopActivityInnerLocked:98 
09-11 16:25:10.136 D/WindowManagerServiceExt( 1049): updateTaskbarTargetIfNeeded: reset
09-11 16:25:10.136 I/HoneySpace.SystemUiRepository( 2316): systemUiFlags: awake
09-11 16:25:10.137 V/WindowManager( 1049): SyncGroup 1868: Finished!
09-11 16:25:10.137 D/ChangeTransitionController( 1049): onTransactionReady: TransitionRecord{45b5594 id=1868 type=CLOSE flags=0x0}
09-11 16:25:10.137 V/WindowManager( 1049): Start calculating TransitionInfo based on participants: {ActivityRecord{aee8b4 u0 com.samsung.android.lool/com.samsung.android.sm.iafd.dialog.AppErrorDialogActivity t235 f}}, Task{576df23 #235 type=standard I=com.samsung.android.lool/com.samsung.android.sm.iafd.dialog.AppErrorDialogActivity}}
09-11 16:25:10.137 V/WindowManager( 1049):   Final targets: [Task{576df23 #235 type=standard I=com.samsung.android.lool/com.samsung.android.sm.iafd.dialog.AppErrorDialogActivity}]
09-11 16:25:10.138 I/SurfaceFlinger(  747): destroyed Surface(name=576fe26 StatusBar)/@0x7624b46 - animation-leash of insets_animation#24740
09-11 16:25:10.138 I/SurfaceFlinger(  747): destroyed Surface(name=50debd8 NavigationBar0)/@0x8139047 - animation-leash of insets_animation#24741
09-11 16:25:10.138 I/SurfaceFlinger(  747): id=24755 createSurf, flag=84004, Transition Root: Task=235#24755
09-11 16:25:10.138 I/SurfaceFlinger(  747): [Surface(name=50debd8 NavigationBar0)/@0x8139047 - animation-leash of insets_animation#24754] attach to parent LayerHierarchy{RequestedLayerState{WindowToken{584f8b5 type=2019 android.os.BinderProxy@705c39f}#23250 parentId=31} 2 children}
09-11 16:25:10.138 I/SurfaceFlinger(  747): [Surface(name=576fe26 StatusBar)/@0x7624b46 - animation-leash of insets_animation#24753] attach to parent LayerHierarchy{RequestedLayerState{WindowToken{32568 type=2000 android.os.BinderProxy@b81d65a}#86 parentId=19} 2 children}
09-11 16:25:10.138 I/HoneySpace.TaskbarEventTracker( 2316): invokeEvent() called with: event = SystemUiStateChanged(stateFlags=268435456)
09-11 16:25:10.139 I/Layer   (  747): id=24740 Destroyed Surface(name=576fe26 StatusBar)/@0x7624b46 - animation-leash of insets_animation#24740
09-11 16:25:10.139 I/Layer   (  747): id=24741 Destroyed Surface(name=50debd8 NavigationBar0)/@0x8139047 - animation-leash of insets_animation#24741
09-11 16:25:10.140 V/WindowManager( 1049): Calling onTransitionReady: {id=1868 t=CLOSE f=0x0 trk=0 r=[0@Point(0, 0)] c=[
09-11 16:25:10.140 V/WindowManager( 1049):         {WCT{RemoteToken{930bd47 Task{576df23 #235 type=standard I=com.samsung.android.lool/com.samsung.android.sm.iafd.dialog.AppErrorDialogActivity}}} m=CLOSE f=TRANSLUCENT|EDGE_EXTENSION_RESTRICTION leash=Surface(name=Task=235)/@0x2a05d61 sb=Rect(0, 0 - 1080, 2340) eb=Rect(0, 0 - 1080, 2340) d=0 taskParent=-1 inset=Rect(0, 96 - 0, 42)}
09-11 16:25:10.140 V/WindowManager( 1049):     ]}
09-11 16:25:10.140 D/RestrictionPolicy( 1049): isScreenCaptureEnabled : ret=true userId=0
09-11 16:25:10.140 D/RestrictionPolicy( 1049): isScreenCaptureEnabled : ret=true userId=0
09-11 16:25:10.140 D/ScreenCapture( 1049): [Capture_TEST] : setIsScreenShotBySystem false
09-11 16:25:10.142 V/WindowManagerShell( 1587): onTransitionReady(transaction=4505420834705)
09-11 16:25:10.143 I/HoneySpace.Launcher( 2316): !@Boot_EBS_D: Launcher.onResume()
09-11 16:25:10.146 I/HoneySpace.Memory-Monitor( 2316): cancelTrimIfNeeded
09-11 16:25:10.146 I/HoneySpace.Launcher( 2316): updateLauncherShowing false -> true
09-11 16:25:10.147 I/HoneySpace.PredictionDataSourceImpl( 2316): requestPredictionUpdate 0 true
09-11 16:25:10.148 I/HoneySpace.PredictionDataSourceImpl( 2316): requestPredictionUpdate 1 true
09-11 16:25:10.149 I/SurfaceFlinger(  747): [Transition Root: Task=235#24755] attach to parent LayerHierarchy{RequestedLayerState{DefaultTaskDisplayArea_d0#11 parentId=10} 8 children}
09-11 16:25:10.149 I/HoneySpace.ShellTransitionManager( 2316): myHomeResumed
09-11 16:25:10.149 I/HoneySpace.LiveIconSupplier( 2316): time tick - 52, CLOCK, 16:25 - 16:24, view: #3d97502, parent: ApplistCellLayout#7640766
09-11 16:25:10.149 I/HoneySpace.CapturedBlurManager( 2316): capturedBlurView: resume(33424689)
09-11 16:25:10.150 I/HoneySpace.ResumeTimer( 2316): last resume updated : 111189479
09-11 16:25:10.151 I/LauncherActivityInfo( 2316): Trying to load live icon for com.sec.android.app.clockpackage
09-11 16:25:10.153 I/SearchHoneyPot( 2316): onViewCreated: onResume
09-11 16:25:10.155 V/WindowManager( 1049): Sent Transition (#1868) createdAt=09-11 16:25:10.102 via request=TransitionRequestInfo { type = CLOSE, triggerTask = TaskInfo{userId=0 taskId=235 displayId=0 isRunning=false baseIntent=Intent { act=com.samsung.android.sm.ACTION_START_APP_ERROR_DIALOG flg=0x14800000 pkg=com.samsung.android.lool cmp=com.samsung.android.lool/com.samsung.android.sm.iafd.dialog.AppErrorDialogActivity } baseActivity=null topActivity=null origActivity=null realActivity=ComponentInfo{com.samsung.android.lool/com.samsung.android.sm.iafd.dialog.AppErrorDialogActivity} numActivities=0 lastActiveTime=443811855 supportsMultiWindow=true resizeMode=1 isResizeable=true minWidth=-1 minHeight=-1 maxWidth=-1 maxHeight=-1 defaultMinSize=220 token=WCT{RemoteToken{930bd47 Task{576df23 #235 type=standard I=com.samsung.android.lool/com.samsung.android.sm.iafd.dialog.AppErrorDialogActivity}}} topActivityType=1 pictureInPictureParams=null shouldDockBigOverlays=false launchIntoPipHostTaskId=-1 lastParentTaskIdBeforePip=-1 displayCutoutSafeInsets=Rect(0, 96 - 0, 0) topActivityInfo=null launchCookies=[] positionInParent=Point(0, 0) parentTaskId=-1 isFocused=true isVisible=true isVisibleRequested=true isSleeping=false topActivityInSizeCompat=false locusId=null displayAreaFeatureId=1 isTopActivityTransparent=false isTopActivityStyleFloating=false appCompatTaskInfo=AppCompatTaskInfo { topActivityInSizeCompat=false eligibleForLetterboxEducation= false isLetterboxEducationEnabled= false isLetterboxDoubleTapEnabled= false eligibleForUserAspectRatioButton= false topActivityBoundsLetterboxed= false isFromLetterboxDoubleTap= false topActivityLetterboxVerticalPosition= -1 topActivityLetterboxHorizontalPosition= -1 topActivityLetterboxWidth=-1 topActivityLetterboxHeight=-1 topActivityLetterboxAppWidth=-1 topActivityLetterboxAppHeight=-1 isUserFullscreenOverrideEnabled=false isSystemFullscreenOverrideEnabled=false hasMinAspectRatioOverride=false cameraCompatTaskInfo=CameraCompatTaskInfo { freeformCameraCompatMode=inactive} topActivityBounds=null topActivityInDisplayCompat=false} originallySupportedMultiWindow=true hasWallpaper=false rootAffinity=null isTopTaskInStage=false isTranslucentTask=true CoverLauncherWidgetTask=false isAllowedSeamlessRotation=false isTopTransparentActivity=true snappingGuideBounds=null isAliasManaged=false hasConfigChanged=false isAiKeyRemoveAppTask=false}, pipTask = null, remoteTransition = null, displayChange = null, flags = 0, debugId = 1868 }
09-11 16:25:10.155 I/InsetsController(19005): onStateChanged: host=com.samsung.android.lool/com.samsung.android.sm.iafd.dialog.AppErrorDialogActivity, from=android.view.ViewRootImpl.handleInsetsControlChanged:2888, state=InsetsState: {mDisplayFrame=Rect(0, 0 - 1080, 2340), mDisplayCutout=DisplayCutout{insets=Rect(0, 96 - 0, 0) waterfall=Insets{left=0, top=0, right=0, bottom=0} boundingRect={Bounds=[Rect(0, 0 - 0, 0), Rect(472, 0 - 608, 96), Rect(0, 0 - 0, 0), Rect(0, 0 - 0, 0)]} cutoutPathParserInfo={CutoutPathParserInfo{displayWidth=1080 displayHeight=2340 physicalDisplayWidth=1080 physicalDisplayHeight=2340 density={2.8125} cutoutSpec={M 0,0 H -24.177777778 V 34.13333333333333 H 24.177777778 V 0 H 0 Z @dp} rotation={0} scale={1.0} physicalPixelDisplaySizeRatio={1.0}}} sideOverrides={}}, mRoundedCorners=RoundedCorners{[RoundedCorner{position=TopLeft, radius=118, center=Point(118, 118)}, RoundedCorner{position=TopRight, radius=118, center=Point(962, 118)}, RoundedCorner{position=BottomRight, radius=118, center=Point(962, 2222)}, RoundedCorner{position=BottomLeft, radius=118, center=Point(118, 2222)}]}  mRoundedCornerFrame=Rect(0, 0 - 1080, 2340), mPrivacyIndicatorBounds=PrivacyIndicatorBounds {static bounds=Rect(956, 0 - 1080, 96) rotation=0}, mDisplayShape=DisplayShape{ spec=-311912193 displayWidth=1080 displayHeight=2340 physicalPixelDisplaySizeRatio=1.0 rotation=0 offsetX=0 offsetY=0 scale=1.0}, mSources= { InsetsSource: {3 mType=ime mFrame=[0,0][0,0] mVisible=false mFlags= mSideHint=NONE mBoundingRects=null}, InsetsSource: {27 mType=displayCutout mFrame=[0,0][1080,96] mVisible=true mFlags= mSideHint=TOP mBoundingRects=null}, InsetsSource: {29220001 mType=navigationBars mFrame=[0,2298][1080,2340] mVisible=true mFlags=SUPPRESS_SCRIM mSideHint=BOTTOM mBoundingRects=null}, InsetsSource: {29220004 mType=systemGestures mFrame=[0,0][84,2340] mVisible=true mFlags= mSideHint=LEFT mBoundingRects=null}, InsetsSource: {29220005 mType=mandatorySystemGestures mFrame=[0,2250][1080,2340] mVisible=true mFlags= mSideHint=BOTTOM mBoundingRects=null}, InsetsSource: {29220006 mType=tappableElement mFrame=[0,0][0,0] mVisible=true mFlags= mSideHint=NONE mBoundingRects=null}, InsetsSource: {29220024 mType=systemGestures mFrame=[996,0][1080,2340] mVisible=true mFlags= mSideHint=RIGHT mBoundingRects=null}, InsetsSource: {743a0000 mType=statusBars mFrame=[0,0][1080,96] mVisible=true mFlags= mSideHint=TOP mBoundingRects=null}, InsetsSource: {743a0005 mType=mandatorySystemGestures mFrame=[0,0][1080,130] mVisible=true mFlags= mSideHint=TOP mBoundingRects=null}, InsetsSource: {743a0006 mType=tappableElement mFrame=[0,0][1080,96] mVisible=true mFlags= mSideHint=TOP mBoundingRects=null} }
09-11 16:25:10.155 V/WindowManager( 1049):     startWCT=WindowContainerTransaction { changes = {} hops = [] errorCallbackToken=null taskFragmentOrganizer=null }
09-11 16:25:10.155 I/InsetsSourceConsumer(19005): applyRequestedVisibilityToControl: visible=true, type=statusBars, host=com.samsung.android.lool/com.samsung.android.sm.iafd.dialog.AppErrorDialogActivity
09-11 16:25:10.155 V/WindowManager( 1049):     info={id=1868 t=CLOSE f=0x0 trk=0 r=[0@Point(0, 0)] c=[
09-11 16:25:10.155 V/WindowManager( 1049):         {WCT{RemoteToken{930bd47 Task{576df23 #235 type=standard I=com.samsung.android.lool/com.samsung.android.sm.iafd.dialog.AppErrorDialogActivity}}} m=CLOSE f=TRANSLUCENT|EDGE_EXTENSION_RESTRICTION leash=Surface(name=Task=235)/@0x2a05d61 sb=Rect(0, 0 - 1080, 2340) eb=Rect(0, 0 - 1080, 2340) d=0 taskParent=-1 inset=Rect(0, 96 - 0, 42)}
09-11 16:25:10.155 V/WindowManager( 1049):     ]}
09-11 16:25:10.156 I/InsetsSourceConsumer(19005): applyRequestedVisibilityToControl: visible=true, type=navigationBars, host=com.samsung.android.lool/com.samsung.android.sm.iafd.dialog.AppErrorDialogActivity
09-11 16:25:10.158 I/HoneySpace.SPayHandler( 2316): updateSpayHandler, show = true, defaultPage = true
09-11 16:25:10.160 I/SurfaceFlinger(  747): [LayerHierarchy{RequestedLayerState{ImeContainer#16 parentId=118 relativeParentId=23288 z=1} 1 children}] RelativeParent to LayerHierarchy{RequestedLayerState{1f5a5af com.sec.android.app.launcher/com.sec.android.app.launcher.activities.LauncherActivity#23288 parentId=118} 2 children}
09-11 16:25:10.160 I/SurfaceFlinger(  747): [LayerHierarchy{RequestedLayerState{576fe26 StatusBar#87 parentId=24753} 1 children}] reparent to LayerHierarchy{RequestedLayerState{Surface(name=576fe26 StatusBar)/@0x7624b46 - animation-leash of insets_animation#24753 parentId=86} 1 children}
09-11 16:25:10.160 I/SurfaceFlinger(  747): [LayerHierarchy{RequestedLayerState{50debd8 NavigationBar0#23251 parentId=24754} 1 children}] reparent to LayerHierarchy{RequestedLayerState{Surface(name=50debd8 NavigationBar0)/@0x8139047 - animation-leash of insets_animation#24754 parentId=23250} 1 children}
09-11 16:25:10.160 I/SurfaceFlinger(  747): [LayerHierarchy{RequestedLayerState{Surface(name=576fe26 StatusBar)/@0x7624b46 - animation-leash of insets_animation#24751} no children}] reparent to OffscreenRoot
09-11 16:25:10.160 I/SurfaceFlinger(  747): [LayerHierarchy{RequestedLayerState{Surface(name=576fe26 StatusBar)/@0x7624b46 - animation-leash of insets_animation#24751} no children}] RelativeParent to null
09-11 16:25:10.160 I/SurfaceFlinger(  747): [LayerHierarchy{RequestedLayerState{Surface(name=50debd8 NavigationBar0)/@0x8139047 - animation-leash of insets_animation#24752} no children}] reparent to OffscreenRoot
09-11 16:25:10.160 I/SurfaceFlinger(  747): [LayerHierarchy{RequestedLayerState{Surface(name=50debd8 NavigationBar0)/@0x8139047 - animation-leash of insets_animation#24752} no children}] RelativeParent to null
09-11 16:25:10.161 I/bmrp    ( 3107): onResume
09-11 16:25:10.162 I/SurfaceFlinger(  747): id=24752 Removed Surface(name=50debd8 NavigationBar0)/@0x8139047 - animation-leash of insets_animation#24752 (138)
09-11 16:25:10.163 I/SurfaceFlinger(  747): id=24751 Removed Surface(name=576fe26 StatusBar)/@0x7624b46 - animation-leash of insets_animation#24751 (138)
09-11 16:25:10.164 D/SGM:FgCheckThread( 1049): notePauseComponent(), received pkgName: com.samsung.android.lool, userId: 0
09-11 16:25:10.165 D/SGM:FgCheckThread( 1049): notePauseComponent(), received pkgName: com.samsung.android.lool, userId: 0
09-11 16:25:10.165 D/SGM:FgCheckThread( 1049): notifyFocusInOut(). of pkg: com.samsung.android.lool, type: 20, isSecGameFamily: false, userId: 0
09-11 16:25:10.165 I/InsetsSourceConsumer( 2316): applyRequestedVisibilityToControl: visible=true, type=statusBars, host=com.sec.android.app.launcher/com.sec.android.app.launcher.activities.LauncherActivity
09-11 16:25:10.165 I/InsetsSourceConsumer( 2316): applyRequestedVisibilityToControl: visible=true, type=navigationBars, host=com.sec.android.app.launcher/com.sec.android.app.launcher.activities.LauncherActivity
09-11 16:25:10.166 D/SGM:GameManager( 1049): identifyGamePackage. com.samsung.android.lool, mCurrentUserId: 0, callerUserId: 0, callingMethodInfo: com.samsung.android.game.SemGameManager.isGamePackage(SemGameManager.java:105)
09-11 16:25:10.166 D/SGM:SemGameManager( 1049): isGamePackage(), pkgName=com.samsung.android.lool, ret=false
09-11 16:25:10.166 D/SGM:FgCheckThread( 1049):   notifyFocusInOut(). unexpected type. 20
09-11 16:25:10.167 D/SurfaceFlinger(  747): [input] setFocusedWindow: 1f5a5af com.sec.android.app.launcher/com.sec.android.app.launcher.activities.LauncherActivity
09-11 16:25:10.167 I/ApplicationPackageManager( 2316): package : com.sec.android.app.clockpackage, useAppIconResources : false
09-11 16:25:10.170 I/SDHMS:l ( 3725): handleResumeComponent : put = com.sec.android.app.launcher, userid = 0 instanceid =160301480
09-11 16:25:10.171 D/InputDispatcher( 1049): Once focus requested (0): 1f5a5af com.sec.android.app.launcher/com.sec.android.app.launcher.activities.LauncherActivity
09-11 16:25:10.171 D/InputDispatcher( 1049): Focus entered window (0): 1f5a5af com.sec.android.app.launcher/com.sec.android.app.launcher.activities.LauncherActivity
09-11 16:25:10.171 I/SurfaceFlinger(  747): destroyed Surface(name=576fe26 StatusBar)/@0x7624b46 - animation-leash of insets_animation#24751
09-11 16:25:10.171 I/SurfaceFlinger(  747): destroyed Surface(name=50debd8 NavigationBar0)/@0x8139047 - animation-leash of insets_animation#24752
09-11 16:25:10.172 W/System  (22717): A resource failed to call close. 
09-11 16:25:10.172 I/HoneySpace.TopTaskSource( 2316): onTaskFocusChanged(): taskId = 6
09-11 16:25:10.172 I/HoneySpace.TopTaskSource( 2316): onTaskMovedToFront : taskId = 6, displayId = 0
09-11 16:25:10.173 I/Layer   (  747): id=24751 Destroyed Surface(name=576fe26 StatusBar)/@0x7624b46 - animation-leash of insets_animation#24751
09-11 16:25:10.173 I/Layer   (  747): id=24752 Destroyed Surface(name=50debd8 NavigationBar0)/@0x8139047 - animation-leash of insets_animation#24752
09-11 16:25:10.174 V/WindowManagerShell( 1587): onTransitionReady (#1868) android.os.BinderProxy@58375e3: {id=1868 t=CLOSE f=0x0 trk=0 r=[0@Point(0, 0)] c=[{WCT{android.window.IWindowContainerToken$Stub$Proxy@8ed8d3f} m=CLOSE f=TRANSLUCENT|EDGE_EXTENSION_RESTRICTION leash=Surface(name=Task=235)/@0xb57fe99 sb=Rect(0, 0 - 1080, 2340) eb=Rect(0, 0 - 1080, 2340) d=0 taskParent=-1 inset=Rect(0, 96 - 0, 42)}]}
09-11 16:25:10.175 I/SurfaceControlRegistry( 1587): hide, t=FinishTransaction_SyncId<1868> sc=Task=235, caller=android.view.SurfaceControl$Transaction.hide:3258 com.android.wm.shell.transition.Transitions.dispatchReady:929 com.android.wm.shell.transition.Transitions.onTransitionReady:244 com.android.wm.shell.transition.Transitions$TransitionPlayerImpl$$ExternalSyntheticLambda0.run:13 android.os.Handler.handleCallback:959 android.os.Handler.dispatchMessage:100 
09-11 16:25:10.175 V/WindowManagerShell( 1587): Playing animation for (#1868) android.os.BinderProxy@58375e3@0
09-11 16:25:10.177 I/SurfaceControlRegistry( 1587): show, t=StartTransaction_SyncId<1868> sc=Transition Root: Task=235, caller=android.view.SurfaceControl$Transaction.show:3232 com.android.wm.shell.transition.Transitions.playTransition:81 com.android.wm.shell.transition.Transitions.processReadyQueue:250 com.android.wm.shell.transition.Transitions.dispatchReady:1007 com.android.wm.shell.transition.Transitions.onTransitionReady:244 com.android.wm.shell.transition.Transitions$TransitionPlayerImpl$$ExternalSyntheticLambda0.run:13 
09-11 16:25:10.178 V/WindowManagerShell( 1587):  try handler com.android.wm.shell.transition.DefaultMixedHandler@b10d277
09-11 16:25:10.178 V/WindowManagerShell( 1587):  try handler com.android.wm.shell.keyguard.KeyguardTransitionHandler@5540ee4
09-11 16:25:10.179 V/WindowManagerShell( 1587):  try handler com.android.wm.shell.pip.PipTransition@9abff4d
09-11 16:25:10.179 V/WindowManagerShell( 1587):  try handler com.android.wm.shell.activityembedding.ActivityEmbeddingController@8935a02
09-11 16:25:10.179 V/WindowManagerShell( 1587):  try handler com.android.wm.shell.splitscreen.StageCoordinator@bb61f13
09-11 16:25:10.180 V/WindowManagerShell( 1587):  try handler com.android.wm.shell.recents.RecentsTransitionHandler@5b53550
09-11 16:25:10.180 V/ShellRecents( 1587): RecentsTransitionHandler.startAnimation: no controller found
09-11 16:25:10.180 V/WindowManagerShell( 1587):  try handler com.android.wm.shell.transition.RemoteTransitionHandler@464349
09-11 16:25:10.181 V/WindowManagerShell( 1587): Transition doesn't have explicit remote, search filters for match for {id=1868 t=CLOSE f=0x0 trk=0 r=[0@Point(0, 0)] c=[{WCT{android.window.IWindowContainerToken$Stub$Proxy@8ed8d3f} m=CLOSE f=TRANSLUCENT|EDGE_EXTENSION_RESTRICTION leash=Surface(name=Task=235)/@0xb57fe99 sb=Rect(0, 0 - 1080, 2340) eb=Rect(0, 0 - 1080, 2340) d=0 taskParent=-1 inset=Rect(0, 96 - 0, 42)}]}
09-11 16:25:10.181 V/WindowManagerShell( 1587):  Checking filter Pair{{types=[] flags=0x0] notFlags=0x100 checks=[{atype=home independent=true modes=[OPEN,TO_FRONT] flags=NONE mustBeTask=false order=TOP topActivity=ComponentInfo{com.sec.android.app.launcher/com.sec.android.app.launcher.Launcher} launchCookie=null},{atype=recents independent=true modes=[CLOSE,TO_BACK] flags=NONE mustBeTask=false order=ANY topActivity=null launchCookie=null}]} RemoteTransition { remoteTransition = android.window.IRemoteTransition$Stub$Proxy@8cf087, appThread = android.app.IApplicationThread$Stub$Proxy@cb5bbb4, debugName = QuickstepLaunchHomeFromRecentsflags =NONE }}
09-11 16:25:10.182 I/InputMethodManager( 2316): startInputInner - IInputMethodManagerGlobalInvoker.startInputOrWindowGainedFocus
09-11 16:25:10.183 I/BpBinder(  747): onLastStrongRef automatically unlinking death recipients: 
09-11 16:25:10.185 D/InputMethodManagerService( 1049): setWindowStateInner, windowToken=android.os.BinderProxy@ef0a98e, state=ImeTargetWindowState{ imeToken null imeFocusChanged false hasEditorFocused false requestedImeVisible false imeDisplayId 0 softInputModeState STATE_UNSPECIFIED|ADJUST_NOTHING isStartInputByGainFocus true}
09-11 16:25:10.185 V/InputMethodManagerService( 1049): Same window without editor will hide input
09-11 16:25:10.185 V/WindowManagerShell( 1587):  Checking filter Pair{{types=[] flags=0x0] notFlags=0x100 checks=[{atype=home independent=true modes=[OPEN,TO_FRONT] flags=NONE mustBeTask=false order=TOP topActivity=ComponentInfo{com.sec.android.app.launcher/com.sec.android.app.launcher.Launcher} launchCookie=null},{atype=standard independent=true modes=[CLOSE,TO_BACK] flags=NONE mustBeTask=false order=ANY topActivity=null launchCookie=null}]} RemoteTransition { remoteTransition = android.window.IRemoteTransition$Stub$Proxy@f3d555e, appThread = android.app.IApplicationThread$Stub$Proxy@1d42d3f, debugName = QuickstepLaunchHomeflags =NONE }}
09-11 16:25:10.185 V/WindowManagerShell( 1587):  Delegate animation for (#1868) to null
09-11 16:25:10.185 V/WindowManagerShell( 1587):  try handler com.android.wm.shell.transition.DefaultTransitionHandler@9e1144e
09-11 16:25:10.186 V/WindowManagerShell( 1587): start default transition animation, info = {id=1868 t=CLOSE f=0x0 trk=0 r=[0@Point(0, 0)] c=[{WCT{android.window.IWindowContainerToken$Stub$Proxy@8ed8d3f} m=CLOSE f=TRANSLUCENT|EDGE_EXTENSION_RESTRICTION leash=Surface(name=Task=235)/@0xb57fe99 sb=Rect(0, 0 - 1080, 2340) eb=Rect(0, 0 - 1080, 2340) d=0 taskParent=-1 inset=Rect(0, 96 - 0, 42)}]}
09-11 16:25:10.187 I/CocktailBarManagerServiceContainer( 1049): handleMessage: entry what = 5
09-11 16:25:10.187 V/WindowManagerShell( 1587): loadAnimation: anim=android.view.animation.AnimationSet@420eb55 animAttr=0x7 type=CLOSE isEntrance=false
09-11 16:25:10.187 V/WindowManagerShell( 1587):    wallpaperTransit=WALLPAPER_NONE translucent=true
09-11 16:25:10.187 I/CocktailBarManagerServiceImpl( 1049): noteResumeComponent : no active host
09-11 16:25:10.187 V/WindowManagerShell( 1587):    change={WCT{android.window.IWindowContainerToken$Stub$Proxy@8ed8d3f} m=CLOSE f=TRANSLUCENT|EDGE_EXTENSION_RESTRICTION leash=Surface(name=Task=235)/@0xb57fe99 sb=Rect(0, 0 - 1080, 2340) eb=Rect(0, 0 - 1080, 2340) d=0 taskParent=-1 inset=Rect(0, 96 - 0, 42)}
09-11 16:25:10.188 D/SGM:GameManager( 1049): identifyGamePackage. com.sec.android.app.launcher, mCurrentUserId: 0, callerUserId: 0, callingMethodInfo: com.samsung.android.game.SemGameManager.isGamePackage(SemGameManager.java:105)
09-11 16:25:10.188 D/SGM:SemGameManager( 1049): isGamePackage(), pkgName=com.sec.android.app.launcher, ret=false
09-11 16:25:10.188 I/ImeTracker( 1049): com.sec.android.app.launcher:bc7211d7: onRequestHide at ORIGIN_SERVER reason HIDE_SAME_WINDOW_FOCUSED_WITHOUT_EDITOR fromUser false
09-11 16:25:10.189 V/InputMethodManagerService( 1049): applyImeVisibility state=5
09-11 16:25:10.190 I/SurfaceControlRegistry( 1587): apply, t=StartTransaction_SyncId<1868>, caller=android.view.SurfaceControl$Transaction.apply:3135 android.view.SurfaceControl$Transaction.apply:3122 android.view.SurfaceControl$Transaction.apply:3078 com.android.wm.shell.transition.DefaultTransitionHandler.startAnimation:2823 com.android.wm.shell.transition.Transitions.dispatchTransition:93 com.android.wm.shell.transition.Transitions.playTransition:700 
09-11 16:25:10.190 V/WindowManagerShell( 1587):  animated by com.android.wm.shell.transition.DefaultTransitionHandler@9e1144e
09-11 16:25:10.191 D/InputMethodManagerService( 1049): setWindowStateInner, windowToken=android.os.BinderProxy@ef0a98e, state=ImeTargetWindowState{ imeToken android.os.Binder@933c32c imeFocusChanged false hasEditorFocused false requestedImeVisible false imeDisplayId 0 softInputModeState STATE_UNSPECIFIED|ADJUST_NOTHING isStartInputByGainFocus true}
09-11 16:25:10.191 I/HoneySpace.HistoryViewModel@20407973@OneUI( 2316): Illegal access. Unknown type. skip load history items
09-11 16:25:10.191 I/ImeTracker( 1049): com.sec.android.app.launcher:bc7211d7: onCancelled at PHASE_SERVER_SHOULD_HIDE
09-11 16:25:10.191 V/InputMethodManagerService( 1049): hideCurrentInputLocked : canceled, shouldHideSoftInput=false, mInputShown=false, mImeWindowVis=0
09-11 16:25:10.191 D/SGM:FgCheckThread( 1049): noteResumeComponent(), received pkgName: com.sec.android.app.launcher, userId: 0
09-11 16:25:10.191 D/InputMethodManagerService( 1049): mDesktopModeManager null!
09-11 16:25:10.191 V/InputMethodManagerService( 1049): semComputeImeDisplayIdForTarget: displayId=0
09-11 16:25:10.193 E/SurfaceFlinger(  747): alpha changed 0.030 -> 0.000 - Surface(name=e6dd713 com.samsung.android.lool/com.samsung.android.sm.iafd.dialog.AppErrorDialogActivity)/@0xba1e9ae - animation-leash of window_animation#24750
09-11 16:25:10.193 I/SurfaceFlinger(  747): Layer [Transition Root: Task=235#24755] hidden!! flag(0)
09-11 16:25:10.193 I/SurfaceFlinger(  747): [LayerHierarchy{RequestedLayerState{Task=235#24737 parentId=24755 z=3} 1 children}] reparent to LayerHierarchy{RequestedLayerState{Transition Root: Task=235#24755 parentId=11 z=4} 1 children}
09-11 16:25:10.194 D/SGM:FgCheckThread( 1049): onLooperPrepared(), msg: MSG_APP_RESUME, pkgName: com.sec.android.app.launcher, userid: 0
09-11 16:25:10.194 D/SGM:FgCheckThread( 1049): handleResume().
09-11 16:25:10.194 D/SGM:FgCheckThread( 1049): sendFocusOutConditionally() - mPrevNotiPkg: (unknown), userId: 0
09-11 16:25:10.194 D/SGM:FgCheckThread( 1049):   handleResume(). pkgName: com.sec.android.app.launcher, userId: 0, category: non-game
09-11 16:25:10.194 D/SGM:FgCheckThread( 1049): notifyFocusInOut(). of pkg: com.sec.android.app.launcher, type: 4, isSecGameFamily: false, userId: 0
09-11 16:25:10.194 D/SGM:FgCheckThread( 1049):   notifyFocusInOut(). unexpected mPrevNotiType: -1
09-11 16:25:10.194 D/SGM:SystemHelper( 1049): callReleaseBlock needReleaseBlock:false
09-11 16:25:10.196 I/LiveIconUtil( 2316): getLiveIcon was called in ClockPackage
09-11 16:25:10.198 D/InputMethodManagerService( 1049): isImeSwitcherDisabledPackage : false
09-11 16:25:10.199 I/LiveIconUtil( 2316): getLiveIcon res = com.sec.android.app.clockpackage
09-11 16:25:10.199 E/{OngoingActivityController}( 1587): getTaskInfo find task 235 fail. taskInfoList.size:3
09-11 16:25:10.200 I/{OngoingActivityController}( 1587): onTaskFocusChanged focused:false, baseActivity:null
09-11 16:25:10.200 D/SurfaceFlinger(  747): Display 4633128672291735931 HWC layers:
09-11 16:25:10.200 D/SurfaceFlinger(  747):        DEVICE |   0xb40000719aa2fd00 | 0000 | RGBA_8888    |    0.0    0.0 1080.0 2340.0 |    0    0 1080 2340 | Wallpaper BBQ wrapper 5_system#91 (1)
09-11 16:25:10.200 D/SurfaceFlinger(  747):        DEVICE |   0xb4000071759b8780 | 0001 | RGBA_8888    |    0.0    0.0 1080.0 2340.0 |    0    0 1080 2340 | com.sec.android.app.launcher/com.sec[...]ivities.LauncherActivity$_2316#24731 (3)
09-11 16:25:10.200 D/SurfaceFlinger(  747):   SOLID_COLOR |                      | 0001 | Unknown      |    0.0    0.0    0.0    0.0 |    0    0 1080 2340 | Dim Layer for - Task=235#24749
09-11 16:25:10.200 D/SurfaceFlinger(  747):        DEVICE |   0xb400007175633f80 | 0001 | RGBA_8888    |    0.0    0.0 1080.0   96.0 |    0    0 1080   96 | StatusBar$_1587#95 (22543)
09-11 16:25:10.200 D/SurfaceFlinger(  747):        DEVICE |   0xb4000071752d6b00 | 0001 | RGBA_8888    |    0.0    0.0 1080.0  135.0 |    0 2205 1080 2340 | NavigationBar0$_1587#23260 (1400)
09-11 16:25:10.200 D/SurfaceFlinger(  747): 
09-11 16:25:10.201 D/InputMethodManagerService( 1049): checkDisplayOfStartInputAndUpdateKeyboard: displayId=0, mFocusedDisplayId=0
09-11 16:25:10.201 D/InputTransport( 1049): Input channel constructed: 'ClientS', fd=937
09-11 16:25:10.201 D/InputTransport( 1049): Input channel destroyed: 'ClientS', fd=937
09-11 16:25:10.202 I/HBD     ( 4098): HoneyBoardService onFinishInput 
09-11 16:25:10.203 I/HBD     ( 4098): a IC have been unbinding,  RemoteInputConnection{idHash=#11e289b}
09-11 16:25:10.203 I/HBD     ( 4098): HoneyBoardService [PF_CL][onFinishInput]  1 ms 
09-11 16:25:10.205 I/HBD     ( 4098): HoneyBoardService [IMI] onStartInput - caller pid : 2316 , caller uid : 10127 
09-11 16:25:10.205 I/HBD     ( 4098): t updateConfigs 
09-11 16:25:10.205 I/HBD     ( 4098): t isEnabledNightMode : true 
09-11 16:25:10.205 I/HBD     ( 4098): a IC have been binding, RemoteInputConnection{idHash=#11e289b} 
09-11 16:25:10.205 I/HBD     ( 4098): g [EditorInputType]setPrivateImeOptionsToTable privateImeOptions ( null )
09-11 16:25:10.205 I/HBD     ( 4098): b incognitoMode : false 
09-11 16:25:10.205 I/HBD     ( 4098): b needOff = true , isForceOff = false, isNullInputClass : true 
09-11 16:25:10.205 I/HBD     ( 4098): g getDefaultInputRange : UNKNOWN 
09-11 16:25:10.205 I/HBD     ( 4098): g getDefaultInputRange : UNKNOWN 
09-11 16:25:10.205 I/HBD     ( 4098): g getDefaultInputRange : UNKNOWN 
09-11 16:25:10.207 I/HBD     ( 4098): b needOff = true , isForceOff = false, isNullInputClass : true 
09-11 16:25:10.207 I/HBD     ( 4098): b update cached prediction status : false 
09-11 16:25:10.207 I/HBD     ( 4098): g getDefaultInputRange : UNKNOWN 
09-11 16:25:10.207 I/HBD     ( 4098): a currentState : 0 
09-11 16:25:10.208 I/HBD     ( 4098): b [UpdatePolicy] [post] a: 0 cl: 65537 kit: [0/0] vt: 0 ir: 1 
09-11 16:25:10.210 I/HBD     ( 4098): a [NRIC] resetNoResponseState 
09-11 16:25:10.210 I/HBD     ( 4098): b needOff = true , isForceOff = false, isNullInputClass : true 
09-11 16:25:10.210 I/HBD     ( 4098): b update cached prediction status : false 
09-11 16:25:10.210 I/HBD     ( 4098): b [AiWriter] setContact : com.sec.android.app.launcher
09-11 16:25:10.211 I/HBD     ( 4098): HoneyBoardService [PF_OP][onStartInput]  6 ms 
09-11 16:25:10.213 I/{OngoingActivityController}( 1587): onTaskFocusChanged focused:true, baseActivity:ComponentInfo{com.sec.android.app.launcher/com.sec.android.app.launcher.Launcher}
09-11 16:25:10.214 I/ActivityManager( 1049): Killing 21351:com.google.android.googlequicksearchbox:search/u0a218 (adj 995): empty #17
09-11 16:25:10.215 I/ActivityManager( 1049): Killing 20543:com.samsung.android.inputshare/u0a85 (adj 995): empty #18
09-11 16:25:10.218 W/SmApplication(22312): onTrimMemory : 40
09-11 16:25:10.218 I/DC.AppIconCache(22312): clear icon cache
09-11 16:25:10.227 W/SmApplication(19005): onTrimMemory : 20
09-11 16:25:10.227 I/DC.AppIconCache(19005): clear icon cache
09-11 16:25:10.228 I/LiveIconUtil( 2316): stdIconSize : 135 , targetIconSize : 163
09-11 16:25:10.228 I/LiveIconUtil( 2316): iconDpi : 640 , mTargetIconDpi : 450
09-11 16:25:10.230 D/SGM:GameManager( 1049): identifyGamePackage. com.sec.android.app.launcher, mCurrentUserId: 0, callerUserId: 0, callingMethodInfo: com.samsung.android.game.IGameManagerService$Stub.onTransact(IGameManagerService.java:228)
09-11 16:25:10.234 D/PerProcessNandswap$NandswapHandler( 1049): nandswap start for non-activity com.samsung.android.authfw(pid 22197) action:14 adj:955 type:1
09-11 16:25:10.237 I/SDHMS:l ( 3725): onTaskStackChanged
09-11 16:25:10.238 I/SDHMS:N0( 3725): p2p-if:: false, , 
09-11 16:25:10.239 I/SemDvfsHyPerManager( 3725): acquire hyper - TABaseBoost/3725@20, type = -999
09-11 16:25:10.241 I/{OngoingActivityDataHelper}( 1587): setBaseActivityComponentName:ComponentInfo{com.sec.android.app.launcher/com.sec.android.app.launcher.Launcher}
09-11 16:25:10.242 I/HYPER-HAL(  689): [RequestManager.cpp]acquire(): Acquired ID : 7014405  [3725 / 20]    HINT :      list : [TABoost / 1] 
09-11 16:25:10.254 D/PerProcessNandswap$NandswapHandler( 1049): nandswap end for non-activity com.samsung.android.authfw(pid 22197) ret:8098942976 adj:955
09-11 16:25:10.256 I/HoneySpace.RecentTasks( 2316): onRecentTasksChanged
09-11 16:25:10.256 I/SCS@AiSearch user 0(20009): (SearchProvider) onTrimMemory(): 40
09-11 16:25:10.261 D/SystemUIService( 1587): SYSUI_RAM_OPTIMIZATION onTrimMemory=20
09-11 16:25:10.261 D/CentralSurfaces( 1587): SYSUI_RAM_OPTIMIZATION onTrimMemory=20
09-11 16:25:10.261 D/HWUI    ( 1587): CacheManager::trimMemory(20)
09-11 16:25:10.264 I/HoneySpace.HistoryViewModel@20407973@OneUI( 2316): Illegal access. Unknown type. skip load history items
09-11 16:25:10.265 I/Zygote  (  656): Process 20543 exited due to signal 9 (Killed)
09-11 16:25:10.270 D/DisplayManagerService( 1049): Drop pending events for gone uid 10085
09-11 16:25:10.275 I/HoneySpace.PredictionDataSourceImpl( 2316): TYPE_SUGGESTED_APPS updated: 9
09-11 16:25:10.277 I/GestureDetector( 1049): handleMessage TAP
09-11 16:25:10.277 I/GestureDetector( 1049): handleMessage TAP
09-11 16:25:10.278 I/HoneySpace.PredictionDataSourceImpl( 2316): TYPE_RECOMMENDED_WIDGETS updated: 36
09-11 16:25:10.281 I/Zygote  (  656): Process 21351 exited due to signal 9 (Killed)
09-11 16:25:10.282 I/libprocessgroup( 1049): Removed cgroup /sys/fs/cgroup/uid_10218/pid_21351
09-11 16:25:10.283 E/AppIconSolution( 2316): Couldn't get theme package resources, package is null
09-11 16:25:10.283 I/AppIconSolution( 2316): load= live icon for com.sec.android.app.clockpackage, from overlay = false
09-11 16:25:10.285 D/ConnectivityService( 1049): releasing NetworkRequest [ REQUEST id=14636, [ Capabilities: INTERNET&NOT_RESTRICTED&TRUSTED&NOT_VCN_MANAGED&NOT_BANDWIDTH_CONSTRAINED Uid: 10218 RequestorUid: 10218 RequestorPkg: com.google.android.googlequicksearchbox UnderlyingNetworks: Null] ] (release request)
09-11 16:25:10.285 I/libprocessgroup( 1049): Removed cgroup /sys/fs/cgroup/uid_10085/pid_20543
09-11 16:25:10.287 I/LauncherActivityInfo( 2316): packageName: com.sec.android.app.clockpackage, useThemeIcon: false, height: 288, width: 288, density: 640
09-11 16:25:10.290 D/ConnectivityService( 1049):  Removing from current network [196 WIFI], leaving 166 requests.
09-11 16:25:10.292 W/ActivityManager( 1049): Scheduling restart of crashed service com.google.android.googlequicksearchbox/com.google.frameworks.client.data.android.server.tiktok.assistant.SearchProcessEndpointService in 1000ms for connection
09-11 16:25:10.296 I/HoneySpace.LiveIconSupplier( 2316): updateIcon - 52, CLOCK, true - 16:25, view: #3d97502, parent: ApplistCellLayout#7640766
09-11 16:25:10.297 V/WindowManagerShell( 1587): Transition animation finished (aborted=false), notifying core (#1868) android.os.BinderProxy@58375e3@0
09-11 16:25:10.298 I/SurfaceControlRegistry( 1587): apply, t=FinishTransaction_SyncId<1868>, caller=android.view.SurfaceControl$Transaction.apply:3135 android.view.SurfaceControl$Transaction.apply:3122 android.view.SurfaceControl$Transaction.apply:3078 com.android.wm.shell.transition.Transitions.onFinish:308 com.android.wm.shell.transition.Transitions$$ExternalSyntheticLambda8.onTransitionFinished:10 com.android.wm.shell.transition.DefaultTransitionHandler$$ExternalSyntheticLambda6.run:36 
09-11 16:25:10.299 V/WindowManager( 1049): Finish Transition: TransitionRecord{45b5594 id=1868 type=CLOSE flags=0x0}, caller=com.android.server.wm.WindowOrganizerController.finishTransitionInner:26 com.android.server.wm.WindowOrganizerController.finishAllTransitions:59 android.window.IWindowOrganizerController$Stub.onTransact:311 
09-11 16:25:10.300 V/WindowManager( 1049): Loading animations: picked package=com.samsung.android.lool
09-11 16:25:10.300 I/WindowManager( 1049): Reparenting to leash, surface=Surface(name=1211057 com.samsung.android.lool/com.samsung.android.sm.iafd.dialog.AppErrorDialogActivity)/@0x11376d7, syncState=0, syncCommitDepth=0, leashParent=Surface(name=ActivityRecord{aee8b4 u0 com.samsung.android.lool/com.samsung.android.sm.iafd.dialog.AppErrorDialogActivity t235})/@0x3b7b34f
09-11 16:25:10.300 I/SurfaceFlinger(  747): id=24756 createSurf, flag=24000, Surface(name=1211057 com.samsung.android.lool/com.samsung.android.sm.iafd.dialog.AppErrorDialogActivity)/@0x11376d7 - animation-leash of window_animation#24756
09-11 16:25:10.301 V/WindowManager( 1049): Finish Transition (#1868): created at 09-11 16:25:10.102 collect-started=1.622ms request-sent=2.084ms started=19.189ms ready=33.417ms sent=37.461ms finished=196.667ms
09-11 16:25:10.301 D/WindowManager( 1049): makeSurface duration=1 leash=Surface(name=Surface(name=1211057 com.samsung.android.lool/com.samsung.android.sm.iafd.dialog.AppErrorDialogActivity)/@0x11376d7 - animation-leash of window_animation)/@0x4c94bc4
