09-11 16:25:11.156 I/HBD     ( 4098): h Write selected lang for DE  
09-11 16:25:11.156 I/HBD     ( 4098): b [UpdatePolicy] [post] a: 31 cl: 65537 kit: [0/0] vt: 0 ir: 1 
09-11 16:25:11.156 I/HBD     ( 4098): h writeToFile path : /data/user_de/0/com.samsung.android.honeyboard/files/selected.json 
09-11 16:25:11.156 I/HBD     ( 4098): h writeToFile json : {"version":"4.1","currentLanguageOrder":0,"selected":[{"activeOptionList":["auto_replace","auto_spacing","writing_assistant"],"bilingualId":-1,"engName":"English","id":65537,"inputType":"qwerty","isUsed":true,"isUsedBilingual":false}]} 
09-11 16:25:11.157 I/HBD     ( 4098): HoneyBoardService [PF_OP][onStartInput]  63 ms 
09-11 16:25:11.157 I/InputMethodService( 4098): scheduleImeSurfaceRemoval: removeImeSurface is posted.
09-11 16:25:11.158 I/HBD     ( 4098): p updated Sub Types. English 
09-11 16:25:11.158 W/fb4a.AppInitScheduler|Run(22893):   Finished LithoConfiguration in 8ms
09-11 16:25:11.158 W/fb4a.AppInitScheduler|Run(22893): Running DgwEarlySyncInitializer
09-11 16:25:11.158 D/KNOX_MDM_SettingsProvider( 1049): isChangeAllowed() : name = enabled_input_methods
09-11 16:25:11.158 D/KNOX_MDM_SettingsProvider( 1049): edmUri: content://com.sec.knox.provider/RestrictionPolicy3
09-11 16:25:11.158 D/KNOX_MDM_SettingsProvider( 1049): projectionArgs: isSettingsChangesAllowed
09-11 16:25:11.158 D/KNOX_MDM_SettingsProvider( 1049): selectionArgs: false
09-11 16:25:11.158 D/KNOX_MDM_SettingsProvider( 1049): selectionArgs: 10184
09-11 16:25:11.158 W/fb4a.AppInitScheduler|Run(22893):   Finished DgwEarlySyncInitializer in 0ms
09-11 16:25:11.158 D/SecContentProvider( 1049): query(), uri = 17 selection = isSettingsChangesAllowed
09-11 16:25:11.159 W/fb4a.AppInitScheduler|Run(22893): Running DownloadedFbResources
09-11 16:25:11.159 D/SecContentProvider( 1049): called from android.uid.honeyboard:10184
09-11 16:25:11.159 D/RestrictionPolicy( 1049): isSettingsChangesAllowedAsUser, userId 0 : true
09-11 16:25:11.159 D/KNOX_MDM_SettingsProvider( 1049): ret = 1
09-11 16:25:11.160 I/HBD     ( 4098): h writeToFile complete 
09-11 16:25:11.163 I/HBD     ( 4098): a InputMethodSubtype is set as local:en_US 
09-11 16:25:11.163 I/HoneySpace.DiscoverClientCallback( 2316): onOverlayMoveUpdated : 0.9296296
09-11 16:25:11.165 I/InputMethodManagerService( 1049): subtype state: oldSubtype = android.view.inputmethod.InputMethodSubtype@10001 newSubtype = android.view.inputmethod.InputMethodSubtype@10001 force = false, intent received : false
09-11 16:25:11.169 D/KNOX_MDM_SettingsProvider( 1049): isChangeAllowed() : name = default_input_method
09-11 16:25:11.169 D/KNOX_MDM_SettingsProvider( 1049): edmUri: content://com.sec.knox.provider/RestrictionPolicy3
09-11 16:25:11.169 D/KNOX_MDM_SettingsProvider( 1049): projectionArgs: isSettingsChangesAllowed
09-11 16:25:11.169 D/KNOX_MDM_SettingsProvider( 1049): selectionArgs: false
09-11 16:25:11.169 D/KNOX_MDM_SettingsProvider( 1049): selectionArgs: 10184
09-11 16:25:11.170 D/SecContentProvider( 1049): query(), uri = 17 selection = isSettingsChangesAllowed
09-11 16:25:11.170 D/SecContentProvider( 1049): called from android.uid.honeyboard:10184
09-11 16:25:11.170 D/RestrictionPolicy( 1049): isSettingsChangesAllowedAsUser, userId 0 : true
09-11 16:25:11.170 D/KNOX_MDM_SettingsProvider( 1049): ret = 1
09-11 16:25:11.171 I/HBD     ( 4098): p updated Sub Types. English 
09-11 16:25:11.173 I/HoneySpace.DiscoverClientCallback( 2316): onOverlayMoveUpdated : 0.9398148
09-11 16:25:11.177 W/fb4a.AppInitScheduler|Run(22893):   Finished AnalyticsInit in 38ms
09-11 16:25:11.177 W/fb4a.AppInitScheduler|Run(22893): Running ErrorReporterSecondaryInit
09-11 16:25:11.177 W/fb4a.AppInitScheduler|Run(22893):   Finished FbSharedPreferenceInitializerAsync in 171ms
09-11 16:25:11.177 W/fb4a.AppInitScheduler|Run(22893): Running Fb4aReactEagerInitHotMCUnpacker
09-11 16:25:11.180 E/fb4a.AppState(22893): Returning default for firstRunInfo
09-11 16:25:11.180 E/fb4a.AppState(22893): Returning default for firstRunInfo
09-11 16:25:11.180 E/fb4a.AppState(22893): Returning default for firstRunInfo
09-11 16:25:11.180 W/fb4a.AppInitScheduler|Run(22893):   Finished Fb4aReactEagerInitHotMCUnpacker in 3ms
09-11 16:25:11.180 W/fb4a.AppInitScheduler|Run(22893): Running FbMsysPostBootstrapListenerRegistrarOnAppInit
09-11 16:25:11.180 W/fb4a.AppInitScheduler|Run(22893):   Finished ErrorReporterSecondaryInit in 3ms
09-11 16:25:11.182 W/fb4a.AppInitScheduler|Run(22893): Running NotifyAppStateManagerOnCreateComplete
09-11 16:25:11.182 W/fb4a.AppInitScheduler|Run(22893):   Finished LogController in 72ms
09-11 16:25:11.183 W/fb4a.AppInitScheduler|Run(22893): Running FixieNoSync
09-11 16:25:11.183 W/fb4a.AppInitScheduler|Run(22893):   Finished FixieNoSync in 0ms
09-11 16:25:11.183 W/fb4a.AppInitScheduler|Run(22893): Running INeedInitForSharedPrefsListenerRegister
09-11 16:25:11.184 I/HoneySpace.DiscoverClientCallback( 2316): onOverlayMoveUpdated : 0.95
09-11 16:25:11.184 W/fb4a.AppInitScheduler|Run(22893):   Finished NotifyAppStateManagerOnCreateComplete in 2ms
09-11 16:25:11.184 W/fb4a.AppInitScheduler|Schedule(22893):   Executing 128:FbSharedUIQREnvironment
09-11 16:25:11.184 W/fb4a.AppInitScheduler|Run(22893): Running FbSharedUIQREnvironment
09-11 16:25:11.186 W/fb4a.AppInitScheduler|Run(22893):   Finished ComposerSavedSessionStoreInitializer in 27ms
09-11 16:25:11.188 W/fb4a.AppInitScheduler|Run(22893): Running InitFury
09-11 16:25:11.189 W/fb4a.AppInitScheduler|Run(22893):   Finished FbMsysPostBootstrapListenerRegistrarOnAppInit in 0ms
09-11 16:25:11.190 I/InputMethodManagerService( 1049): subtype state: oldSubtype = android.view.inputmethod.InputMethodSubtype@10001 newSubtype = android.view.inputmethod.InputMethodSubtype@10001 force = false, intent received : false
09-11 16:25:11.192 I/HBD     ( 4098): a InputMethodSubtype is set as local:en_US 
09-11 16:25:11.194 I/HoneySpace.DiscoverClientCallback( 2316): onOverlayMoveUpdated : 0.9583333
09-11 16:25:11.198 W/fb4a.EndToEndAnalyticsEventListener(22893): WRITE_ANALYTICS_TO_LOGCAT = null, EndToEnd.isRunningEndToEndTest() = false
09-11 16:25:11.198 W/fb4a.AppInitScheduler|Run(22893): Running InitHelium
09-11 16:25:11.198 W/fb4a.AppInitScheduler|Run(22893):   Finished InitHelium in 0ms
09-11 16:25:11.198 W/fb4a.AppInitScheduler|Schedule(22893):   Executing 186:InitSessionCookie
09-11 16:25:11.198 W/fb4a.AppInitScheduler|Run(22893): Running InitLacrimaLaterInit
09-11 16:25:11.199 W/fb4a.lacrima(22893): FbErrorReportingConfig.laterInit
09-11 16:25:11.199 W/fb4a.AppInitScheduler|Run(22893):   Finished FbSharedUIQREnvironment in 15ms
09-11 16:25:11.199 W/fb4a.AppInitScheduler|Schedule(22893):   Executing 197:LanguageSwitcherCommonExInit
09-11 16:25:11.199 W/fb4a.AppInitScheduler|Run(22893): Running InitMemoryDumpHandler
09-11 16:25:11.200 W/fb4a.QuickPerformanceLoggerModule(22893): Providing QPL... end
09-11 16:25:11.200 W/fb4a.AppInitScheduler|Run(22893):   Finished InitMemoryDumpHandler in 0ms
09-11 16:25:11.200 W/fb4a.AppInitScheduler|Run(22893): Running InitSessionCookie
09-11 16:25:11.200 W/fb4a.AppInitScheduler|Run(22893):   Finished InitSessionCookie in 0ms
09-11 16:25:11.200 W/fb4a.AppInitScheduler|Run(22893): Running InitSurfaces
09-11 16:25:11.200 W/fb4a.FrscLanguagePackLoader(22893): Loading FRSC strings for locale (en)
09-11 16:25:11.201 W/fb4a.AppInitScheduler|Run(22893):   Finished StringResourcesDelegate in 63ms
09-11 16:25:11.201 W/fb4a.AppInitScheduler|Run(22893): Running InitTrafficNTS
09-11 16:25:11.204 W/fb4a.StartupMetricTracker(22893): Begin BACKGROUND UNTRACKED start
09-11 16:25:11.204 W/fb4a.AppInitScheduler|Run(22893):   Finished InitTrafficNTS in 3ms
09-11 16:25:11.204 W/fb4a.AppInitScheduler|Run(22893): Running LanguageSwitcherCommonExInit
09-11 16:25:11.206 I/HoneySpace.DiscoverClientCallback( 2316): onOverlayMoveUpdated : 0.96481484
09-11 16:25:11.207 W/fb4a.AppInitScheduler|Run(22893):   Finished StartupQPLInit in 55ms
09-11 16:25:11.207 W/fb4a.AppInitScheduler|Schedule(22893):   Executing 148:INeedInitForBroadcastReceiverRegister
09-11 16:25:11.208 W/fb4a.AppInitScheduler|Schedule(22893):   Executing 312:ProfiloBridgeFactoryImpl
09-11 16:25:11.208 W/fb4a.AppInitScheduler|Schedule(22893):   Executing 321:ReliabilityUserPerceptibleScopeToQPL
09-11 16:25:11.208 W/fb4a.AppInitScheduler|Schedule(22893):   Executing 348:TransientNetworkTraceEarlyInit
09-11 16:25:11.208 W/fb4a.AppInitScheduler|Schedule(22893):   Executing 292:PreloadFeedDataLoader
09-11 16:25:11.208 W/fb4a.AppInitScheduler|Schedule(22893):   Executing 294:PreloadFeedFullCacheLoad
09-11 16:25:11.208 W/fb4a.AppInitScheduler|Schedule(22893):   Executing 196:KeepWarm
09-11 16:25:11.208 W/fb4a.AppInitScheduler|Schedule(22893):   Executing 223:MetaCasper
09-11 16:25:11.208 W/fb4a.AppInitScheduler|Schedule(22893):   Executing 295:PreloadFeedRequest
09-11 16:25:11.208 W/fb4a.AppInitScheduler|Schedule(22893):   Executing 290:PreloadClashManager
09-11 16:25:11.208 W/fb4a.AppInitScheduler|Schedule(22893):   Executing 291:PreloadFeedConfig
09-11 16:25:11.208 W/fb4a.AppInitScheduler|Schedule(22893):   Executing 293:PreloadFeedFetchMetadata
09-11 16:25:11.208 W/fb4a.AppInitScheduler|Schedule(22893):   Executing 296:PreloadFreshFeedRanker
09-11 16:25:11.208 W/fb4a.AppInitScheduler|Schedule(22893):   Executing 297:PreloadHeroManager
09-11 16:25:11.208 W/fb4a.AppInitScheduler|Schedule(22893):   Executing 305:PreloadStoriesTrayFetchController
09-11 16:25:11.208 W/fb4a.AppInitScheduler|Schedule(22893):   Executing 306:PreloadStoriesTrayQuery
09-11 16:25:11.208 W/fb4a.AppInitScheduler|Schedule(22893):   Executing 307:PreloadVideoHomeDataControllerForRestart
09-11 16:25:11.208 W/fb4a.AppInitScheduler|Schedule(22893):   Executing 308:PreloadVideoPrivateSharing
09-11 16:25:11.208 W/fb4a.AppInitScheduler|Schedule(22893):   Executing 309:PreloadVideoTabRestart
09-11 16:25:11.208 I/HBD     ( 4098): h [SKE_SPECIFIC] specific model[com.google.android.googlequicksearchbox] loaded, 49196808 ns
09-11 16:25:11.208 W/fb4a.AppInitScheduler|Schedule(22893):   Executing 333:SetupBlockingBackgroundComponentReporting
09-11 16:25:11.208 W/fb4a.AppInitScheduler|Schedule(22893):   Executing 341:StartupQPLReplayer
09-11 16:25:11.209 W/fb4a.AppInitScheduler|Run(22893): Running INeedInitForBroadcastReceiverRegister
09-11 16:25:11.214 W/fb4a.AppInitScheduler|Run(22893):   Finished LanguageSwitcherCommonExInit in 9ms
09-11 16:25:11.214 W/fb4a.AppInitScheduler|Run(22893): Running LocationRequestDetector
09-11 16:25:11.214 W/fb4a.AppInitScheduler|Run(22893):   Finished LocationRequestDetector in 0ms
09-11 16:25:11.214 W/fb4a.AppInitScheduler|Run(22893): Running ObjectCountJestE2EBridge
09-11 16:25:11.216 W/fb4a.AppInitScheduler|Run(22893):   Finished ObjectCountJestE2EBridge in 2ms
09-11 16:25:11.217 W/fb4a.AppInitScheduler|Run(22893): Running PendingStoryStoreInitializer
09-11 16:25:11.217 I/HoneySpace.DiscoverClientCallback( 2316): onOverlayMoveUpdated : 0.97037035
09-11 16:25:11.219 W/fb4a.AppInitScheduler|Run(22893):   Finished PendingStoryStoreInitializer in 2ms
09-11 16:25:11.219 W/fb4a.AppInitScheduler|Run(22893): Running ProfiloBridgeFactoryImpl
09-11 16:25:11.223 D/CACHE_HINTS(22893): Entering madvise file
09-11 16:25:11.224 D/CACHE_HINTS(22893): MADVISE_RAND file 0x7704d45000 3223551 /data/data/com.facebook.katana/app_restricks/layouts.bin
09-11 16:25:11.227 W/fb4a.AppInitScheduler|Run(22893):   Finished InitFury in 39ms
09-11 16:25:11.228 W/fb4a.AppInitScheduler|Run(22893): Running RasFileInitializer
09-11 16:25:11.228 W/fb4a.AppInitScheduler|Run(22893):   Finished RasFileInitializer in 1ms
09-11 16:25:11.228 W/fb4a.AppInitScheduler|Run(22893): Running RegisterFrameRateTraceListener
09-11 16:25:11.228 W/fb4a.AppInitScheduler|Run(22893):   Finished RegisterFrameRateTraceListener in 0ms
09-11 16:25:11.228 W/fb4a.AppInitScheduler|Run(22893): Running RegisterMainLooperTracer
09-11 16:25:11.228 W/fb4a.AppInitScheduler|Run(22893):   Finished RegisterMainLooperTracer in 0ms
09-11 16:25:11.228 W/fb4a.AppInitScheduler|Run(22893): Running ReleaseDeferredBroadcastReceiver
09-11 16:25:11.228 W/fb4a.AppInitScheduler|Run(22893):   Finished INeedInitForSharedPrefsListenerRegister in 45ms
09-11 16:25:11.228 W/fb4a.AppInitScheduler|Run(22893): Running ReliabilityExperiments
09-11 16:25:11.229 I/HoneySpace.DiscoverClientCallback( 2316): onOverlayMoveUpdated : 0.9759259
09-11 16:25:11.233 E/fb4a.AppState(22893): Returning default for firstRunInfo
09-11 16:25:11.233 E/fb4a.AppState(22893): Returning default for firstRunInfo
09-11 16:25:11.233 W/fb4a.AppInitScheduler|Run(22893):   Finished RunPerfMarkers in 95ms
09-11 16:25:11.233 W/fb4a.AppInitScheduler|Run(22893): Running ReliabilityUserPerceptibleScopeToQPL
09-11 16:25:11.235 W/fb4a.AppInitScheduler|Run(22893):   Finished ReleaseDeferredBroadcastReceiver in 7ms
09-11 16:25:11.235 W/fb4a.AppInitScheduler|Run(22893): Running SetupDynaBuilds
09-11 16:25:11.235 W/fb4a.AppInitScheduler|Run(22893):   Finished SetupDynaBuilds in 0ms
09-11 16:25:11.235 W/fb4a.AppInitScheduler|Run(22893): Running SetupSmartGc
09-11 16:25:11.235 W/fb4a.AppInitScheduler|Run(22893):   Finished SetupSmartGc in 0ms
09-11 16:25:11.235 W/fb4a.AppInitScheduler|Run(22893): Running TransientNetworkTraceEarlyInit
09-11 16:25:11.239 I/HoneySpace.DiscoverClientCallback( 2316): onOverlayMoveUpdated : 0.98055553
09-11 16:25:11.240 W/fb4a.AppInitScheduler|Run(22893):   Finished ReliabilityUserPerceptibleScopeToQPL in 7ms
09-11 16:25:11.241 W/fb4a.AppInitScheduler|Run(22893): Running WarmFacebookEmojiFont
09-11 16:25:11.242 W/fb4a.AppInitScheduler|Run(22893):   Finished ReliabilityExperiments in 13ms
09-11 16:25:11.243 W/fb4a.AppInitScheduler|Run(22893): Running WhitehatOverlayInitializer
09-11 16:25:11.244 W/fb4a.AppInitScheduler|Run(22893):   Finished TransientNetworkTraceEarlyInit in 8ms
09-11 16:25:11.244 W/fb4a.FrscLanguagePackLoader(22893): FRSC English strings buffer size - (limit : 747906, capacity : 747906)
09-11 16:25:11.248 W/fb4a.AppInitScheduler|Run(22893): Running PreloadFeedDataLoader
09-11 16:25:11.249 W/fb4a.AppInitScheduler|Run(22893):   Finished InitSurfaces in 43ms
09-11 16:25:11.249 W/fb4a.AppInitScheduler|Run(22893): Running PreloadFeedFullCacheLoad
09-11 16:25:11.250 W/fb4a.AppInitScheduler|Run(22893):   Finished WarmFacebookEmojiFont in 5ms
09-11 16:25:11.250 W/fb4a.AppInitScheduler|Run(22893): Running KeepWarm
09-11 16:25:11.250 W/fb4a.FeedAppInits(22893): Running inline: appInitKeepWarm
09-11 16:25:11.251 W/fb4a.AppInitScheduler|Run(22893):   Finished AnalyticsLoggerInit in 105ms
09-11 16:25:11.251 W/fb4a.AppInitScheduler|Run(22893):   Finished KeepWarm in 1ms
09-11 16:25:11.251 I/HoneySpace.DiscoverClientCallback( 2316): onOverlayMoveUpdated : 0.98425925
09-11 16:25:11.251 W/fb4a.AppInitScheduler|Schedule(22893):   Executing 183:InitPushLiteSdk
09-11 16:25:11.251 W/fb4a.AppInitScheduler|Schedule(22893):   Executing 310:PreloadWordmark
09-11 16:25:11.252 W/fb4a.AppInitScheduler|Schedule(22893):   Executing 117:EagerInitImagePipeline
09-11 16:25:11.252 W/fb4a.AppInitScheduler|Schedule(22893):   Executing 4:AnalyticsLoggerPostInitReplay
09-11 16:25:11.252 W/fb4a.AppInitScheduler|Schedule(22893):   Executing 96:BloksInitializer
09-11 16:25:11.252 W/fb4a.AppInitScheduler|Schedule(22893):   Executing 124:FbMsysImmediateInitializer
09-11 16:25:11.252 W/fb4a.AppInitScheduler|Schedule(22893):   Executing 369:ZeroLibraryInitializer
09-11 16:25:11.252 W/fb4a.AppInitScheduler|Schedule(22893):   Executing 211:MessageQueueDoctor
09-11 16:25:11.252 W/fb4a.FeedAppInits(22893): Running inline: appInitPreloadFeedDataLoader
09-11 16:25:11.253 W/fb4a.AppInitScheduler|Schedule(22893):   Executing 299:PreloadLogDb
09-11 16:25:11.253 W/fb4a.AppInitScheduler|Schedule(22893):   Executing 301:PreloadReactions
09-11 16:25:11.253 W/fb4a.AppInitScheduler|Run(22893): Running InitPushLiteSdk [*]
09-11 16:25:11.253 W/fb4a.FeedAppInits(22893): Running inline: appInitPreloadFeedFullCacheLoad
09-11 16:25:11.254 W/fb4a.AppInitScheduler|Run(22893): Running PreloadWordmark [*]
09-11 16:25:11.256 W/fb4a.AppInitScheduler|Run(22893):   Finished ProfiloBridgeFactoryImpl in 37ms
09-11 16:25:11.257 W/fb4a.AppInitScheduler|Run(22893): Running EagerInitImagePipeline [*]
09-11 16:25:11.258 W/fb4a.AppInitScheduler|Run(22893):   Finished INeedInitForBroadcastReceiverRegister in 50ms
09-11 16:25:11.258 W/fb4a.AppInitScheduler|Run(22893): Running AnalyticsLoggerPostInitReplay
09-11 16:25:11.260 W/fb4a.AppInitScheduler|Run(22893):   Finished WhitehatOverlayInitializer in 17ms
09-11 16:25:11.260 W/fb4a.AppInitScheduler|Run(22893): Running BloksInitializer
09-11 16:25:11.260 W/fb4a.AppInitScheduler|Run(22893):   Finished BloksInitializer in 0ms
09-11 16:25:11.260 W/fb4a.AppInitScheduler|Run(22893): Running FbMsysImmediateInitializer
09-11 16:25:11.262 I/HoneySpace.DiscoverClientCallback( 2316): onOverlayMoveUpdated : 0.98703706
09-11 16:25:11.267 W/fb4a.AppInitScheduler|Run(22893):   Finished FbMsysImmediateInitializer in 7ms
09-11 16:25:11.267 W/fb4a.AppInitScheduler|Run(22893): Running ZeroLibraryInitializer
09-11 16:25:11.269 W/fb4a.AppInitScheduler|Run(22893):   Finished DownloadedFbResources in 111ms
09-11 16:25:11.269 W/fb4a.AppInitScheduler|Run(22893): Running MessageQueueDoctor
09-11 16:25:11.269 W/fb4a.AppInitScheduler|Run(22893):   Finished MessageQueueDoctor in 0ms
09-11 16:25:11.269 W/fb4a.AppInitScheduler|Run(22893): Running LongtailVoltronAppInit
09-11 16:25:11.271 W/fb4a.AppInitScheduler|Run(22893):   Finished InitPushLiteSdk in 17ms
09-11 16:25:11.271 W/fb4a.AppInitScheduler|Schedule(22893):   Executing 182:InitPushabilityCheck
09-11 16:25:11.271 W/fb4a.AppInitScheduler|Run(22893): Running InitPushabilityCheck
09-11 16:25:11.273 I/HoneySpace.DiscoverClientCallback( 2316): onOverlayMoveUpdated : 0.9898148
09-11 16:25:11.279 W/fb4a.AppInitScheduler|Run(22893):   Finished InitPushabilityCheck in 8ms
09-11 16:25:11.280 W/fb4a.AppInitScheduler|Run(22893): Running MetaCasper
09-11 16:25:11.281 W/fb4a.AppInitScheduler|Run(22893):   Finished PreloadWordmark in 27ms
09-11 16:25:11.282 W/fb4a.AppInitScheduler|Run(22893): Running MobileConfigAdminIdLaterInit
09-11 16:25:11.284 I/HoneySpace.DiscoverClientCallback( 2316): onOverlayMoveUpdated : 0.9916667
09-11 16:25:11.285 W/fb4a.AppInitScheduler|Run(22893):   Finished MobileConfigAdminIdLaterInit in 3ms
09-11 16:25:11.286 W/fb4a.AppInitScheduler|Run(22893): Running MobileConfigLaterInit
09-11 16:25:11.286 W/fb4a.AppInitScheduler|Run(22893):   Finished MobileConfigLaterInit in 1ms
09-11 16:25:11.286 W/fb4a.AppInitScheduler|Run(22893): Running MobileConfigSessionlessLaterInit
09-11 16:25:11.286 W/fb4a.AppInitScheduler|Run(22893):   Finished MobileConfigSessionlessLaterInit in 0ms
09-11 16:25:11.286 W/fb4a.AppInitScheduler|Run(22893): Running PreloadFeedRequest
09-11 16:25:11.286 W/fb4a.FeedAppInits(22893): Running inline: appInitPreloadFeedRequest
09-11 16:25:11.288 W/fb4a.SigquitDetectorLacrima(22893): nativeInit
09-11 16:25:11.291 W/fb4a.AppInitScheduler|Run(22893):   Finished PreloadFeedRequest in 5ms
09-11 16:25:11.291 W/fb4a.AppInitScheduler|Schedule(22893):   Executing 289:PrefetchFeedNetwork
09-11 16:25:11.291 W/fb4a.AppInitScheduler|Run(22893): Running PrefetchFeedNetwork
09-11 16:25:11.291 W/fb4a.FeedAppInits(22893): Running inline: appInitPrefetchFeedNetwork
09-11 16:25:11.292 W/fb4a.AppInitScheduler|Run(22893):   Finished PrefetchFeedNetwork in 0ms
09-11 16:25:11.292 W/fb4a.AppInitScheduler|Run(22893): Running PreloadClashManager
09-11 16:25:11.292 E/fb4a.AppState(22893): Returning default for firstRunInfo
09-11 16:25:11.292 E/fb4a.AppState(22893): Returning default for firstRunInfo
09-11 16:25:11.292 W/fb4a.FeedAppInits(22893): Running inline: appInitPreloadClashManager
09-11 16:25:11.292 W/fb4a.HalfnosisInitializer(22893): Not first run! Skip eager unpacking of longtail.
09-11 16:25:11.292 W/fb4a.LongtailVoltronAppInit(22893): HalfnosisInitializer: fail
09-11 16:25:11.293 W/fb4a.AppInitScheduler|Run(22893):   Finished LongtailVoltronAppInit in 23ms
09-11 16:25:11.293 W/fb4a.AppInitScheduler|Run(22893): Running PreloadFeedConfig
09-11 16:25:11.293 W/fb4a.FeedAppInits(22893): Running inline: appInitPreloadFeedConfig
09-11 16:25:11.293 W/fb4a.AppInitScheduler|Run(22893):   Finished PreloadFeedConfig in 0ms
09-11 16:25:11.293 W/fb4a.AppInitScheduler|Run(22893): Running PreloadFeedFetchMetadata
09-11 16:25:11.293 W/fb4a.FeedAppInits(22893): Running inline: appInitPreloadFeedFetchMetadata
09-11 16:25:11.294 W/fb4a.AppInitScheduler|Run(22893):   Finished PreloadFeedFetchMetadata in 0ms
09-11 16:25:11.294 W/fb4a.AppInitScheduler|Run(22893): Running PreloadFreshFeedRanker
09-11 16:25:11.294 W/fb4a.FeedAppInits(22893): Running inline: appInitPreloadFreshFeedRanker
09-11 16:25:11.295 I/HoneySpace.DiscoverClientCallback( 2316): onOverlayMoveUpdated : 0.99351853
09-11 16:25:11.296 I/NearbySharing(27881): Network state changed: NetworkState(isRestricted=false, isOnline=true, isCongested=false, isMetered=false, isWifiConnected=true)
09-11 16:25:11.297 W/fb4a.lacrima(22893): Start AnrDetector... com.facebook.acra.anr.multisignal.MultiSignalANRDetector
09-11 16:25:11.297 W/fb4a.MultiSignalANRDetectorLacrima(22893): Starting
09-11 16:25:11.297 W/fb4a.ProcessAnrErrorMonitor(22893): startMonitoring with delay: 0
09-11 16:25:11.305 I/HoneySpace.DiscoverClientCallback( 2316): onOverlayMoveUpdated : 0.9953704
09-11 16:25:11.308 W/fb4a.ProcessAnrErrorMonitor(22893): Starting process monitor checks for process 'com.facebook.katana'
09-11 16:25:11.308 W/fb4a.MultiSignalANRDetectorLacrima(22893): Started monitoring
09-11 16:25:11.314 W/fb4a.AppInitScheduler|Run(22893):   Finished MetaCasper in 34ms
09-11 16:25:11.315 W/fb4a.AppInitScheduler|Run(22893): Running PreloadHeroManager
09-11 16:25:11.315 W/fb4a.AppInitScheduler|Run(22893):   Finished PreloadHeroManager in 1ms
09-11 16:25:11.315 W/fb4a.AppInitScheduler|Run(22893): Running PreloadLogDb
09-11 16:25:11.316 W/fb4a.AppInitScheduler|Run(22893):   Finished PreloadClashManager in 24ms
09-11 16:25:11.317 W/fb4a.AppInitScheduler|Run(22893): Running PreloadReactions
09-11 16:25:11.317 I/HoneySpace.DiscoverClientCallback( 2316): onOverlayMoveUpdated : 0.9962963
09-11 16:25:11.319 W/fb4a.FeedAppInits(22893): Running inline: appInitPreloadLogDb
09-11 16:25:11.320 W/fb4a.AppInitScheduler|Run(22893):   Finished PreloadLogDb in 5ms
09-11 16:25:11.320 W/fb4a.AppInitScheduler|Run(22893): Running PreloadStoriesTrayFetchController
09-11 16:25:11.324 W/fb4a.StoriesTrayAppInit(22893): Running inline: appInitPreloadStoriesTrayFetchController
09-11 16:25:11.324 W/fb4a.AppInitScheduler|Run(22893):   Finished PreloadStoriesTrayFetchController in 4ms
09-11 16:25:11.324 W/fb4a.AppInitScheduler|Run(22893): Running PreloadStoriesTrayQuery
09-11 16:25:11.324 W/fb4a.StoriesTrayAppInit(22893): Running inline: appInitPreloadStoriesTrayFetchController
09-11 16:25:11.324 W/fb4a.AppInitScheduler|Run(22893):   Finished PreloadStoriesTrayQuery in 0ms
09-11 16:25:11.324 W/fb4a.AppInitScheduler|Run(22893): Running PreloadVideoHomeDataControllerForRestart
09-11 16:25:11.325 W/fb4a.AppInitScheduler|Run(22893):   Finished PreloadVideoHomeDataControllerForRestart in 0ms
09-11 16:25:11.325 W/fb4a.AppInitScheduler|Run(22893): Running PreloadVideoPrivateSharing
09-11 16:25:11.325 W/fb4a.AppInitScheduler|Run(22893):   Finished PreloadVideoPrivateSharing in 1ms
09-11 16:25:11.325 W/fb4a.AppInitScheduler|Run(22893): Running PreloadVideoTabRestart
09-11 16:25:11.325 W/fb4a.AppInitScheduler|Run(22893):   Finished PreloadVideoTabRestart in 0ms
09-11 16:25:11.325 W/fb4a.AppInitScheduler|Run(22893): Running SecondaryDexPreloaderBg
09-11 16:25:11.325 W/fb4a.AppInitScheduler|Run(22893):   Finished SecondaryDexPreloaderBg in 0ms
09-11 16:25:11.325 W/fb4a.AppInitScheduler|Run(22893): Running SetupBlockingBackgroundComponentReporting
09-11 16:25:11.325 W/fb4a.AppInitScheduler|Run(22893):   Finished SetupBlockingBackgroundComponentReporting in 0ms
09-11 16:25:11.325 W/fb4a.AppInitScheduler|Run(22893): Running StartupQPLReplayer
09-11 16:25:11.330 I/HoneySpace.DiscoverClientCallback( 2316): onOverlayMoveUpdated : 0.99722224
09-11 16:25:11.336 W/fb4a.AppInitScheduler|Run(22893):   Finished AnalyticsLoggerPostInitReplay in 78ms
09-11 16:25:11.341 W/fb4a.AppInitScheduler|Run(22893):   Finished StartupQPLReplayer in 16ms
09-11 16:25:11.341 W/fb4a.AppInitScheduler|Schedule(22893):   Executing 342:StartupQPLTransitToMatureStage
09-11 16:25:11.341 W/fb4a.AppInitScheduler|Run(22893): Running StartupQPLTransitToMatureStage
09-11 16:25:11.342 W/fb4a.AppInitScheduler|Run(22893):   Finished EagerInitImagePipeline in 86ms
09-11 16:25:11.343 W/fb4a.AppInitScheduler|Schedule(22893):   Executing 363:WaitForUIDependenciesInitializer
09-11 16:25:11.343 W/fb4a.AppInitScheduler|Schedule(22893):   Executing 298:PreloadInlineComposerProfileImage
09-11 16:25:11.343 W/fb4a.AppInitScheduler|Run(22893): Running WaitForUIDependenciesInitializer [*]
09-11 16:25:11.345 W/fb4a.AppInitScheduler|Run(22893):   Finished InitLacrimaLaterInit in 146ms
09-11 16:25:11.347 W/fb4a.AppInitScheduler|Run(22893):   Finished WaitForUIDependenciesInitializer in 4ms
09-11 16:25:11.347 W/fb4a.AppInitScheduler|Schedule(22893):   Executing 107:DismissSplashScreens
09-11 16:25:11.347 W/fb4a.AppInitScheduler|Schedule(22893):   Executing 137:FixieScheduleIdleWork
09-11 16:25:11.347 W/fb4a.AppInitScheduler|Schedule(22893):   Executing 322:ReplayBroadcastReceivedDuringAppInit
09-11 16:25:11.347 W/fb4a.AppInitScheduler|Schedule(22893):   Executing 327:ScheduleLowPriWork
09-11 16:25:11.347 W/fb4a.AppInitScheduler|Run(22893): Running DismissSplashScreens [*]
09-11 16:25:11.347 W/fb4a.AppInitScheduler|Run(22893): Running PreloadInlineComposerProfileImage
09-11 16:25:11.348 W/fb4a.InitStatus(22893): Providers unblocked (98589489)
09-11 16:25:11.348 W/fb4a.AppInitScheduler|Run(22893):   Finished PreloadInlineComposerProfileImage in 3ms
09-11 16:25:11.348 W/fb4a.InitStatus(22893): Services unblocked (87421462)
09-11 16:25:11.348 W/fb4a.InitStatus(22893): Unblocked Provider (98589489)
09-11 16:25:11.348 W/fb4a.InitStatus(22893): Unblocked Service (87421462)
09-11 16:25:11.349 W/fb4a.InitStatus(22893): Not blocking Provider (98589489)
09-11 16:25:11.349 W/fb4a.InitStatus(22893): BroadcastReceivers unblocked (180287383)
09-11 16:25:11.350 W/fb4a.AppInitScheduler|Run(22893): Running FixieScheduleIdleWork
09-11 16:25:11.350 W/fb4a.AppInitScheduler|Run(22893):   Finished DismissSplashScreens in 3ms
09-11 16:25:11.350 W/fb4a.AppInitScheduler|Schedule(22893):   Executing 233:MqttEarlySyncInitializerAfterAppCreate
09-11 16:25:11.350 W/fb4a.AppInitScheduler|Run(22893): Running MqttEarlySyncInitializerAfterAppCreate
09-11 16:25:11.350 W/fb4a.AppInitScheduler|Run(22893):   Finished MqttEarlySyncInitializerAfterAppCreate in 0ms
09-11 16:25:11.350 W/fb4a.AppInitScheduler|Run(22893): Running ReplayBroadcastReceivedDuringAppInit
09-11 16:25:11.351 W/fb4a.AppInitScheduler|Run(22893):   Finished ReplayBroadcastReceivedDuringAppInit in 0ms
09-11 16:25:11.351 W/fb4a.AppInitScheduler|Run(22893):   Finished FixieScheduleIdleWork in 1ms
09-11 16:25:11.351 W/fb4a.AppInitScheduler|Run(22893): Running ScheduleLowPriWork
09-11 16:25:11.351 W/fb4a.AppInitScheduler|Run(22893):   Finished StartupQPLTransitToMatureStage in 4ms
09-11 16:25:11.351 W/fb4a.AppInitScheduler|Run(22893):   Finished ScheduleLowPriWork in 0ms
09-11 16:25:11.351 I/HoneySpace.DiscoverClientCallback( 2316): onOverlayMoveUpdated : 0.99814814
09-11 16:25:11.353 W/fb4a.AppComponentFactory(22893): Instantiating Service
09-11 16:25:11.356 W/fb4a.AppInitScheduler|Run(22893):   Finished ZeroLibraryInitializer in 89ms
09-11 16:25:11.356 W/fb4a.AppInitScheduler|Schedule(22893):   Executing 184:InitReliableMedia
09-11 16:25:11.356 W/fb4a.AppInitScheduler|Run(22893): Running InitReliableMedia
09-11 16:25:11.357 W/fb4a.AppInitScheduler|Run(22893):   Finished InitReliableMedia in 0ms
09-11 16:25:11.358 W/fb4a.AppInitScheduler|Run(22893):   Finished PreloadFeedDataLoader in 114ms
09-11 16:25:11.360 W/fb4a.AppInitScheduler|Run(22893):   Finished PreloadFreshFeedRanker in 66ms
09-11 16:25:11.363 W/fb4a.AppInitScheduler|Run(22893):   Finished PreloadFeedFullCacheLoad in 112ms
09-11 16:25:11.363 W/fb4a.AppInitScheduler|Schedule(22893):   Executing 116:EagerInitFeedDataLoader
09-11 16:25:11.365 W/fb4a.AppInitScheduler|Run(22893): Running EagerInitFeedDataLoader
09-11 16:25:11.365 W/fb4a.FeedAppInits(22893): Running inline: eagerInitFeedDataLoader
09-11 16:25:11.365 W/fb4a.AppInitScheduler|Run(22893):   Finished EagerInitFeedDataLoader in 2ms
09-11 16:25:11.366 W/fb4a.lacrima(22893): FixedLengthFiles.init() called twice.
09-11 16:25:11.366 W/fb4a.lacrima(22893): FixedLengthFiles.init() called twice.
09-11 16:25:11.368 W/fb4a.QPLConfig(22893): failed to load config
09-11 16:25:11.368 W/fb4a.QPLConfig(22893): java.io.FileNotFoundException: /data/user/0/com.facebook.katana/app_qpl/qpl_sampling_config_v2.null: open failed: ENOENT (No such file or directory)
09-11 16:25:11.368 W/fb4a.QPLConfig(22893): 	at libcore.io.IoBridge.open(IoBridge.java:574)
09-11 16:25:11.368 W/fb4a.QPLConfig(22893): 	at java.io.FileInputStream.<init>(FileInputStream.java:179)
09-11 16:25:11.368 W/fb4a.QPLConfig(22893): 	at X.1wM.A00(Unknown Source:33)
09-11 16:25:11.368 W/fb4a.QPLConfig(22893): 	at X.1wL.run(Unknown Source:50)
09-11 16:25:11.368 W/fb4a.QPLConfig(22893): 	at X.1Iu.execute(Unknown Source:0)
09-11 16:25:11.368 W/fb4a.QPLConfig(22893): 	at X.1IO.<init>(Unknown Source:36)
09-11 16:25:11.368 W/fb4a.QPLConfig(22893): 	at X.1J1.call(Unknown Source:24)
09-11 16:25:11.368 W/fb4a.QPLConfig(22893): 	at X.1Ix.A00(Unknown Source:11)
09-11 16:25:11.368 W/fb4a.QPLConfig(22893): 	at X.1Ix.B0i(Unknown Source:0)
09-11 16:25:11.368 W/fb4a.QPLConfig(22893): 	at X.3j9.A07(Unknown Source:764)
09-11 16:25:11.368 W/fb4a.QPLConfig(22893): 	at X.3j9.A06(Unknown Source:11)
09-11 16:25:11.368 W/fb4a.QPLConfig(22893): 	at X.3j9.A04(Unknown Source:5)
09-11 16:25:11.368 W/fb4a.QPLConfig(22893): 	at X.15u.A03(:29)
09-11 16:25:11.368 W/fb4a.QPLConfig(22893): 	at X.3gm.A02(Unknown Source:44)
09-11 16:25:11.368 W/fb4a.QPLConfig(22893): 	at X.17r.get(Unknown Source:52)
09-11 16:25:11.368 W/fb4a.QPLConfig(22893): 	at X.1Gn.A01(Unknown Source:2)
09-11 16:25:11.368 W/fb4a.QPLConfig(22893): 	at X.1w3.run(Unknown Source:8)
09-11 16:25:11.368 W/fb4a.QPLConfig(22893): 	at X.19n.run(Unknown Source:2)
09-11 16:25:11.368 W/fb4a.QPLConfig(22893): 	at java.util.concurrent.ThreadPoolExecutor.runWorker(ThreadPoolExecutor.java:1145)
09-11 16:25:11.368 W/fb4a.QPLConfig(22893): 	at java.util.concurrent.ThreadPoolExecutor$Worker.run(ThreadPoolExecutor.java:644)
09-11 16:25:11.368 W/fb4a.QPLConfig(22893): 	at X.19w.run(Unknown Source:3)
09-11 16:25:11.368 W/fb4a.QPLConfig(22893): 	at X.19z.run(Unknown Source:17)
09-11 16:25:11.368 W/fb4a.QPLConfig(22893): 	at java.lang.Thread.run(Thread.java:1012)
09-11 16:25:11.368 W/fb4a.QPLConfig(22893): Caused by: android.system.ErrnoException: open failed: ENOENT (No such file or directory)
09-11 16:25:11.368 W/fb4a.QPLConfig(22893): 	at libcore.io.Linux.open(Native Method)
09-11 16:25:11.368 W/fb4a.QPLConfig(22893): 	at libcore.io.ForwardingOs.open(ForwardingOs.java:563)
09-11 16:25:11.368 W/fb4a.QPLConfig(22893): 	at libcore.io.BlockGuardOs.open(BlockGuardOs.java:274)
09-11 16:25:11.368 W/fb4a.QPLConfig(22893): 	at libcore.io.ForwardingOs.open(ForwardingOs.java:563)
09-11 16:25:11.368 W/fb4a.QPLConfig(22893): 	at android.app.ActivityThread$AndroidOs.open(ActivityThread.java:9499)
09-11 16:25:11.368 W/fb4a.QPLConfig(22893): 	at libcore.io.IoBridge.open(IoBridge.java:560)
09-11 16:25:11.368 W/fb4a.QPLConfig(22893): 	... 22 more
09-11 16:25:11.375 I/HoneySpace.DiscoverClientCallback( 2316): onOverlayMoveUpdated : 0.9990741
09-11 16:25:11.393 W/fb4a.ServiceInfoParser(22893): X.4Rn: Service com.facebook.browser.lite.BrowserLiteInMainProcessIntentService is missing meta key com.facebook.common.jobscheduler.compat.jobIds
09-11 16:25:11.393 W/fb4a.ServiceInfoParser(22893): X.4Rn: Service com.facebook.businessintegrity.cloakingdetection.service.CloakingDetectionService is missing meta key com.facebook.common.jobscheduler.compat.jobIds
09-11 16:25:11.393 W/fb4a.ServiceInfoParser(22893): X.4Rn: Service com.facebook.contacts.service.ContactLocaleChangeService is missing meta key com.facebook.common.jobscheduler.compat.jobIds
09-11 16:25:11.393 W/fb4a.ServiceInfoParser(22893): X.4Rn: Service com.facebook.account.login.notification.LoginNotificationService is missing meta key com.facebook.common.jobscheduler.compat.jobIds
09-11 16:25:11.397 W/fb4a.ServiceInfoParser(22893): X.4Rn: Service com.facebook.conditionalworker.ConditionalWorkerService is missing meta key com.facebook.common.jobscheduler.compat.jobIds
09-11 16:25:11.397 W/fb4a.ServiceInfoParser(22893): X.4Rn: Service com.facebook.fbservice.service.BlueServiceJobIntentService is missing meta key com.facebook.common.jobscheduler.compat.jobIds
09-11 16:25:11.397 W/fb4a.ServiceInfoParser(22893): X.4Rn: Service com.facebook.notifications.appwidget.bugreporter.NotificationsWidgetDebugHelper is missing meta key com.facebook.common.jobscheduler.compat.jobIds
09-11 16:25:11.397 W/fb4a.ServiceInfoParser(22893): X.4Rn: Service com.facebook.reportaproblem.base.bugreport.BugReportUploadService is missing meta key com.facebook.common.jobscheduler.compat.jobIds
09-11 16:25:11.399 W/fb4a.ServiceInfoParser(22893): X.4Rn: Service com.facebook.push.mqtt.service.MqttPushHelperService is missing meta key com.facebook.common.jobscheduler.compat.jobIds
09-11 16:25:11.399 W/fb4a.ServiceInfoParser(22893): X.4Rn: Service com.facebook.analytics2.logger.service.LollipopUploadSafeService is missing meta key com.facebook.common.jobscheduler.compat.jobIds
09-11 16:25:11.399 W/fb4a.ServiceInfoParser(22893): X.4Rn: Service com.facebook.analytics2.logger.legacy.uploader.LollipopUploadService is missing meta key com.facebook.common.jobscheduler.compat.jobIds
09-11 16:25:11.399 W/fb4a.ServiceInfoParser(22893): X.4Rn: Service com.facebook.analytics2.logger.legacy.uploader.Analytics2UploadService is missing meta key com.facebook.common.jobscheduler.compat.jobIds
09-11 16:25:11.400 W/fb4a.ServiceInfoParser(22893): X.4Rn: Service com.facebook.registration.notification.RegistrationNotificationService is missing meta key com.facebook.common.jobscheduler.compat.jobIds
09-11 16:25:11.400 W/fb4a.ServiceInfoParser(22893): X.4Rn: Service com.facebook.appcomponentmanager.AppComponentManagerService is missing meta key com.facebook.common.jobscheduler.compat.jobIds
09-11 16:25:11.400 W/fb4a.ServiceInfoParser(22893): X.4Rn: Service com.facebook.confirmation.notification.ConfirmationNotificationService is missing meta key com.facebook.common.jobscheduler.compat.jobIds
09-11 16:25:11.400 W/fb4a.ServiceInfoParser(22893): X.4Rn: Service com.facebook.battery.monitor.ContinuousBatteryMonitorService is missing meta key com.facebook.common.jobscheduler.compat.jobIds
09-11 16:25:11.400 W/ComponentDiscovery(22893): Class com.google.firebase.dynamicloading.DynamicLoadingRegistrar is not an found.
09-11 16:25:11.401 W/fb4a.ServiceInfoParser(22893): X.4Rn: Service com.facebook.papaya.fb.client.services.FBPapayaJobService is missing meta key com.facebook.common.jobscheduler.compat.jobIds
09-11 16:25:11.402 W/fb4a.ServiceInfoParser(22893): X.4Rn: Service com.facebook.push.adm.ADMService is missing meta key com.facebook.common.jobscheduler.compat.jobIds
09-11 16:25:11.402 W/fb4a.ServiceInfoParser(22893): X.4Rn: Service com.facebook.push.adm.ADMBroadcastReceiverJobBase is missing meta key com.facebook.common.jobscheduler.compat.jobIds
09-11 16:25:11.402 W/fb4a.ServiceInfoParser(22893): X.4Rn: Service com.facebook.push.adm.ADMJobIntentService is missing meta key com.facebook.common.jobscheduler.compat.jobIds
09-11 16:25:11.411 W/fb4a.ServiceInfoParser(22893): X.4Rn: Service com.facebook.push.fbpushdata.common.FbPushDataHandlerService is missing meta key com.facebook.common.jobscheduler.compat.jobIds
09-11 16:25:11.411 W/fb4a.ServiceInfoParser(22893): X.4Rn: Service com.facebook.push.registration.RegistrarHelperService is missing meta key com.facebook.common.jobscheduler.compat.jobIds
09-11 16:25:11.412 W/fb4a.ServiceInfoParser(22893): X.4Rn: Service com.facebook.oxygen.preloads.sdk.firstparty.managedappcache.IsManagedAppCacheJobService is missing meta key com.facebook.common.jobscheduler.compat.jobIds
09-11 16:25:11.412 W/fb4a.ServiceInfoParser(22893): X.4Rn: Service com.facebook.delayedworker.DelayedWorkerService is missing meta key com.facebook.common.jobscheduler.compat.jobIds
09-11 16:25:11.412 W/fb4a.ServiceInfoParser(22893): X.4Rn: Service com.facebook.feed.platformads.AppInstallService is missing meta key com.facebook.common.jobscheduler.compat.jobIds
09-11 16:25:11.413 W/fb4a.ServiceInfoParser(22893): X.4Rn: Service com.facebook.videolite.api.VideoUploadJobService is missing meta key com.facebook.common.jobscheduler.compat.jobIds
09-11 16:25:11.413 W/fb4a.ServiceInfoParser(22893): X.4Rn: Service com.facebook.videolite.api.jobscheduler.UploadJobSchedulerService is missing meta key com.facebook.common.jobscheduler.compat.jobIds
09-11 16:25:11.413 W/fb4a.ServiceInfoParser(22893): X.4Rn: Service androidx.work.impl.background.systemjob.SystemJobService is missing meta key com.facebook.common.jobscheduler.compat.jobIds
09-11 16:25:11.413 W/fb4a.ServiceInfoParser(22893): X.4Rn: Service com.facebook.compost.service.CompostNotificationService is missing meta key com.facebook.common.jobscheduler.compat.jobIds
09-11 16:25:11.413 W/fb4a.ServiceInfoParser(22893): X.4Rn: Service com.facebook.googleplay.GooglePlayInstallRefererService is missing meta key com.facebook.common.jobscheduler.compat.jobIds
09-11 16:25:11.414 W/fb4a.ServiceInfoParser(22893): X.4Rn: Service com.facebook.glc.GLCService is missing meta key com.facebook.common.jobscheduler.compat.jobIds
09-11 16:25:11.414 W/fb4a.ServiceInfoParser(22893): X.4Rn: Service com.facebook.orca.notify.MessagesNotificationService is missing meta key com.facebook.common.jobscheduler.compat.jobIds
09-11 16:25:11.414 W/fb4a.ServiceInfoParser(22893): X.4Rn: Service com.facebook.push.negativefeedback.PushNegativeFeedbackFbJobIntentService is missing meta key com.facebook.common.jobscheduler.compat.jobIds
09-11 16:25:11.415 W/fb4a.ServiceInfoParser(22893): X.4Rn: Service com.facebook.push.fcm.FcmRegistrarFbJobIntentService is missing meta key com.facebook.common.jobscheduler.compat.jobIds
09-11 16:25:11.415 W/fb4a.ServiceInfoParser(22893): X.4Rn: Service com.facebook.voltron.download.scheduledinstaller.OxygenScheduledInstallerJobService is missing meta key com.facebook.common.jobscheduler.compat.jobIds
09-11 16:25:11.415 W/fb4a.ServiceInfoParser(22893): X.4Rn: Service com.facebook.messaging.prefs.notifications.NotificationPrefsSyncService is missing meta key com.facebook.common.jobscheduler.compat.jobIds
09-11 16:25:11.415 W/fb4a.ServiceInfoParser(22893): X.4Rn: Service com.google.android.gms.analytics.AnalyticsJobService is missing meta key com.facebook.common.jobscheduler.compat.jobIds
09-11 16:25:11.419 I/SAMSUNGWALLET(18371): [Hint_PayHintService] onReceive() action=com.sec.android.app.launcher.intent.action.UPDATE_SPAY_HANDLER
09-11 16:25:11.420 I/SAMSUNGWALLET(18371): [Hint_PayHintService] home change, s home : false , default : true , gesture : true , s result : false , prev : true
09-11 16:25:11.421 I/SAMSUNGWALLET(18371): [Hint_PayHintService] Hint Status - HIDE : [4000000] - 4000000
09-11 16:25:11.421 I/SAMSUNGWALLET(18371): [Hint_PayHintService] getWindowLayoutParams
09-11 16:25:11.421 I/SAMSUNGWALLET(18371): [Hint_PayHintService] S fit
09-11 16:25:11.428 W/fb4a.AppInitScheduler|Run(22893):   Finished PreloadReactions in 111ms
09-11 16:25:11.428 W/fb4a.AppInitScheduler|Schedule(22893): Pending tasks reached zero, maybe shutting down…
09-11 16:25:11.428 W/fb4a.AppInitScheduler|Run(22893): All work finished.
09-11 16:25:11.433 V/WindowManager( 1049): Relayout Window{fa4d72a u0 com.samsung.android.spay.pay.HintService}: viewVisibility=8 req=366x67 ty=2024 d0
09-11 16:25:11.433 E/WindowManager( 1049): win=Window{fa4d72a u0 com.samsung.android.spay.pay.HintService} destroySurfaces: appStopped=true cleanupOnResume=false win.mWindowRemovalAllowed=false win.mRemoveOnExit=false win.mViewVisibility=8 caller=com.android.server.wm.WindowManagerService.tryStartExitingAnimation:147 com.android.server.wm.WindowManagerService.relayoutWindowInner:112 com.android.server.wm.WindowManagerService.relayoutWindow:6 com.android.server.wm.Session.relayout:27 android.view.IWindowSession$Stub.onTransact:861 com.android.server.wm.Session.onTransact:1 android.os.Binder.execTransactInternal:1536 
09-11 16:25:11.434 I/WindowManager( 1049): Destroying surface Surface(name=com.samsung.android.spay.pay.HintService$_18371)/@0x4f8747c called by com.android.server.wm.WindowStateAnimator.destroySurface:11 com.android.server.wm.WindowStateAnimator.destroySurfaceLocked:54 com.android.server.wm.WindowState.destroySurfaceUnchecked:5 com.android.server.wm.WindowState.destroySurface:126 com.android.server.wm.WindowManagerService.tryStartExitingAnimation:147 com.android.server.wm.WindowManagerService.relayoutWindowInner:112 com.android.server.wm.WindowManagerService.relayoutWindow:6 com.android.server.wm.Session.relayout:27 
09-11 16:25:11.435 D/DisplayPolicyExt( 1049): notifySamsungPayInfo: false, Rect(357, 2273 - 723, 2340)
09-11 16:25:11.436 D/Navbar.NavigationBar( 1587): notifySamsungPayInfo displayId : 0, visible: false
09-11 16:25:11.436 D/Navbar.Store( 1587): handleEvent(0) OnUpdateSpayVisibility(showing=false, width=366) [Module] NavigationBar
09-11 16:25:11.437 D/Navbar.Store( 1587): --[Band]GESTURE_PACK_SET_HINT_VISIBILITY
09-11 16:25:11.437 D/Navbar.Store( 1587): --[Band] (afterAction) GESTURE_PACK_SET_HINT_VISIBILITY
09-11 16:25:11.437 D/Navbar.Store( 1587): ----apply(0) NavBarStoreAction$UpdateGestureHintVisibility
09-11 16:25:11.437 D/NavBarStateManager( 1587): NavBarStates(0) canShowGestureHint: true
09-11 16:25:11.437 I/HoneySpace.TISBinder( 2316): notifyPayInfo, isShowing = false, width = 366
09-11 16:25:11.438 V/WindowManager( 1049): Relayout hash=fa4d72a, pid=18371, syncId=-1: mAttrs={(0,0)(366x67) gr=BOTTOM CENTER sim={adjust=pan} layoutInDisplayCutoutMode=shortEdges ty=NAVIGATION_BAR_PANEL fmt=TRANSLUCENT
09-11 16:25:11.438 V/WindowManager( 1049):   fl=1800308
09-11 16:25:11.438 V/WindowManager( 1049):   pfl=10000040
09-11 16:25:11.438 V/WindowManager( 1049):   bhv=1
09-11 16:25:11.438 V/WindowManager( 1049):   fitTypes=2
09-11 16:25:11.438 V/WindowManager( 1049):   fitSides=5
09-11 16:25:11.438 V/WindowManager( 1049):   frameRateBoostOnTouch=true
09-11 16:25:11.438 V/WindowManager( 1049):   dvrrWindowFrameRateHint=true naviIconColor=0}
09-11 16:25:11.438 I/HoneySpace.SystemUiRepository( 2316): _spayWidth = 0
09-11 16:25:11.438 I/SurfaceFlinger(  747): [LayerHierarchy{RequestedLayerState{com.samsung.android.spay.pay.HintService$_18371#24757} no children}] reparent to OffscreenRoot
09-11 16:25:11.438 I/SurfaceFlinger(  747): [LayerHierarchy{RequestedLayerState{com.samsung.android.spay.pay.HintService$_18371#24757} no children}] RelativeParent to null
09-11 16:25:11.438 I/HoneySpace.TaskbarEventTracker( 2316): invokeEvent() called with: event = NotifyPayInfo(isShowing=false, width=366)
09-11 16:25:11.440 I/VRI[HintService]@543f6f2(18371): Relayout returned: old=(357,2273,723,2340) new=(357,2273,723,2340) relayoutAsync=false req=(366,67)8 dur=6 res=0x2 s={false 0x0} ch=true seqId=0
09-11 16:25:11.442 D/SurfaceFlinger(  747): Display 4633128672291735931 HWC layers:
09-11 16:25:11.442 D/SurfaceFlinger(  747):        DEVICE |   0xb40000719aa2fd00 | 0000 | RGBA_8888    |    0.0    0.0 1080.0 2340.0 |    0    0 1080 2340 | Wallpaper BBQ wrapper 5_system#91 (1)
09-11 16:25:11.442 D/SurfaceFlinger(  747):        DEVICE |   0xb400007175214800 | 0001 | RGBA_8888    |    0.0    0.0 1080.0 2340.0 |    0    0 1080 2340 | com.sec.android.app.launcher/com.sec[...]ivities.LauncherActivity$_2316#24731 (40)
09-11 16:25:11.442 D/SurfaceFlinger(  747):        DEVICE |   0xb4000071759b9e00 | 0001 | RGBA_8888    |    0.0    0.0 1080.0 2340.0 |    0    0 1080 2340 | (3-3)-Window{a648dac alpha=1.0 fl=}$_3107#24730 (34)
09-11 16:25:11.442 D/SurfaceFlinger(  747):        DEVICE |   0xb400007175633f80 | 0001 | RGBA_8888    |    0.0    0.0 1080.0   96.0 |    0    0 1080   96 | StatusBar$_1587#95 (22543)
09-11 16:25:11.442 D/SurfaceFlinger(  747):        DEVICE |   0xb4000071990a8200 | 0001 | RGBA_8888    |    0.0    0.0 1080.0  135.0 |    0 2205 1080 2340 | NavigationBar0$_1587#23260 (1401)
09-11 16:25:11.442 D/SurfaceFlinger(  747): 
09-11 16:25:11.450 I/SurfaceFlinger(  747): id=24757 Removed com.samsung.android.spay.pay.HintService$_18371#24757 (128)
09-11 16:25:11.451 W/fb4a.QuickPerformanceLoggerModule(22893): Provided QPL: 111343589
09-11 16:25:11.460 I/SurfaceFlinger(  747): destroyed com.samsung.android.spay.pay.HintService$_18371#24757
09-11 16:25:11.462 I/Layer   (  747): id=24757 Destroyed com.samsung.android.spay.pay.HintService$_18371#24757
09-11 16:25:11.471 E/fb4a.SlowAppComponent(22893): 0ms: FacebookApplication instantiating…
09-11 16:25:11.471 E/fb4a.SlowAppComponent(22893): Main thread was blocked for 769ms in the background starting with FacebookApplication
09-11 16:25:11.494 I/HoneySpace.DiscoverClientCallback( 2316): onOverlayMoveUpdated : 1.0
09-11 16:25:11.495 I/HoneySpace.DiscoverClientCallback( 2316): discover page is shown
09-11 16:25:11.496 D/InputReader( 1049): Btn_touch(3): value=1 when=111190.824579
09-11 16:25:11.496 I/InputReader( 1049): Touch event's action is 0x0 (id=5, t=0) [pCnt=1, s=0.7430 ] when=111190.824579
09-11 16:25:11.498 I/InputDispatcher( 1049): Delivering touch to (1587): action: 0x4, f=0x0, d=0, '50debd8', t=1 
09-11 16:25:11.498 I/InputDispatcher( 1049): Delivering touch to (3107): action: 0x0, f=0x0, d=0, 'e6b8bdb', t=1 
09-11 16:25:11.499 I/VRI[0 fl=}]@e1d206b( 3107): ViewPostIme pointer 0
09-11 16:25:11.500 I/HoneySpace.GestureInputHandler( 2316): inputConsumers = [com.honeyspace.gesture.inputconsumer.InputConsumer$Companion$NO_OP$1@3dd94c9]
09-11 16:25:11.500 D/PowerManagerService( 1049): [api] userActivityFromNative : touch displayId=0 eventTime=111190824
09-11 16:25:11.500 I/HoneySpace.InputSession( 2316): inputConsumers = NO_OP
09-11 16:25:11.500 I/HoneySpace.InputSession( 2316): open
09-11 16:25:11.500 I/GestureDetector( 1049): obtain mCurrentDownEvent. id: 583046187 caller: com.android.server.wm.SystemGesturesPointerEventListener.onPointerEvent:17 com.android.server.wm.PointerEventDispatcher.onInputEvent:51 android.view.InputEventReceiver.dispatchInputEvent:385 
09-11 16:25:11.501 I/GestureDetector( 1049): obtain mCurrentDownEvent. id: 583046187 caller: com.android.server.wm.SystemPerformancePointerEventListener.onPointerEvent:13 com.android.server.wm.PointerEventDispatcher.onInputEvent:51 android.view.InputEventReceiver.dispatchInputEvent:385 
09-11 16:25:11.503 I/SemDvfsHyPerManager( 3725): acquire hyper - TATouchBoost/3725@21, type = -999
09-11 16:25:11.503 I/GestureDetector( 1049): obtain mCurrentMotionEventRaw. action: 2 id: 36680271
09-11 16:25:11.503 I/GestureDetector( 1049): obtain mCurrentMotionEventRaw. action: 2 id: 36680271
09-11 16:25:11.504 I/HYPER-HAL(  689): [RequestManager.cpp]acquire(): Acquired ID : 7018152  [3725 / 21]    HINT :      list : [TABoost / 1] [TIMEOUT / 1500] 
09-11 16:25:11.511 I/GestureDetector( 3107): obtain mCurrentDownEvent. id: 583046187 caller: ckuv.x:189 olr.w:17 omd.onTouch:40 
09-11 16:25:11.512 I/GestureDetector( 3107): obtain mCurrentDownEvent. id: 583046187 caller: ckuv.x:193 olr.w:17 omd.onTouch:40 
09-11 16:25:11.513 I/VRI[0 fl=}]@e1d206b( 3107): call setFrameRateCategory for touch hint category=high hint, reason=touch, vri=VRI[0 fl=}]@e1d206b
09-11 16:25:11.514 I/GestureDetector( 3107): obtain mCurrentMotionEventRaw. action: 2 id: 36680271
09-11 16:25:11.514 I/GestureDetector( 3107): obtain mCurrentMotionEventRaw. action: 2 id: 36680271
09-11 16:25:11.516 I/SurfaceFlinger(  747): [(3-3)-Window{a648dac alpha=1.0 fl=}$_3107#24730] setFrameRateCategory: HighHint
09-11 16:25:11.521 I/HoneySpace.DiscoverClientCallback( 2316): onGoogleOverlayTransitionComplete: 1.0
09-11 16:25:11.521 I/HoneySpace.DiscoverClientCallback( 2316): discover page is shown
09-11 16:25:11.521 I/HoneySpace.DiscoverClientCallback( 2316): discover page is visible
09-11 16:25:11.527 I/bkdc    ( 3107): Storing client actions due to no connection
09-11 16:25:11.528 E/RefreshRateSelector(  747): Can't find HRR max refresh rate by policy with the same group 0
09-11 16:25:11.529 I/bkdc    ( 3107): Storing client actions due to no connection
09-11 16:25:11.544 I/dpzd    ( 3107): (REDACTED) AppFlow %s is about to be transmitted
09-11 16:25:11.550 I/bkjf    ( 3107): silent_refresh checkSilentRefreshEligibility onFeedShow
09-11 16:25:11.551 I/bkdc    ( 3107): Storing client actions due to no connection
09-11 16:25:11.552 I/bkds    ( 3107): (REDACTED) incrementConnectionUsage: %s
09-11 16:25:11.554 I/PromoManagerDataService( 3107): PromoManagerDataServiceImpl.showPromo[Tab: MINUS_ONE]
09-11 16:25:11.559 I/BLASTBufferQueue_Java( 3107): update, w= 1080 h= 2340 mName = VRI[0 fl=}]@e1d206b mNativeObject= 0xb4000078129d4c00 sc.mNativeObject= 0xb400007723653bc0 format= -2 caller= android.view.ViewRootImpl.updateBlastSurfaceIfNeeded:3386 android.view.ViewRootImpl.relayoutWindow:11361 android.view.ViewRootImpl.performTraversals:4544 android.view.ViewRootImpl.doTraversal:3708 android.view.ViewRootImpl$TraversalRunnable.run:12542 android.view.Choreographer$CallbackRecord.run:1751 
09-11 16:25:11.559 V/WindowManager( 1049): Relayout Window{e6b8bdb u0 (3-3)-Window{a648dac alpha=1.0 fl=}}: viewVisibility=0 req=1080x2340 ty=4 d0
