09-11 16:25:10.722 W/FileBasedMultiProcessTracker(22893): <default>: Initializing FileBasedMultiProcessTracking using /data/user/0/com.facebook.katana/app_multiprocess_tracking
09-11 16:25:10.722 W/FileBasedMultiProcessTracker(22893): <default>: Creating file to track 22893
09-11 16:25:10.731 W/BackgroundStartupDetector(22893): coldStartMode=DEFINITELY_BACKGROUND
09-11 16:25:10.732 W/BackgroundStartupDetector(22893): bgMode=BACKGROUND
09-11 16:25:10.734 W/JobServiceContext( 1049): Sending onNetworkChanged for a job that isn't started. JobStatus{d466859 #u0a291/2131366261 com.facebook.katana/com.facebook.push.registration.FacebookPushServerFinishNotifiedLollipopService u=0 s=10291 TIME=-2m15s51ms:none NET READY}
09-11 16:25:10.735 W/FileBasedMultiProcessTracker(22893): <default>: FileBasedMultiProcessTracker ready!
09-11 16:25:10.736 W/FileBasedMultiProcessTracker(22893): <default>: Observed removed PID: 21271
09-11 16:25:10.739 W/InitStatus(22893): Blocking Service (87421462)
09-11 16:25:10.739 W/lacrima (22893): LacrimaConfigBuilder.setUserIdActorId not called, using 0
09-11 16:25:10.740 W/lacrima (22893): LacrimaConfigBuilder.setUserIdActingAccountId not called, using 0
09-11 16:25:10.743 D/InputReader( 1049): Btn_touch(3): value=1 when=111190.071852
09-11 16:25:10.743 I/InputReader( 1049): Touch event's action is 0x0 (id=5, t=0) [pCnt=1, s=0.7429 ] when=111190.071852
09-11 16:25:10.746 I/InputDispatcher( 1049): Delivering touch to (1587): action: 0x4, f=0x0, d=0, '50debd8', t=1 
09-11 16:25:10.747 I/InputDispatcher( 1049): Delivering touch to (3107): action: 0x4, f=0x0, d=0, 'e6b8bdb', t=1 
09-11 16:25:10.748 W/FbSoLoader(22893): Will use precomputed native lib dependencies file, reading directly from the APK using AssetManager false
09-11 16:25:10.748 I/InputDispatcher( 1049): Delivering touch to (2316): action: 0x0, f=0x0, d=0, '1f5a5af', t=1 
09-11 16:25:10.749 I/VRI[LauncherActivity]@e283ed9( 2316): ViewPostIme pointer 0
09-11 16:25:10.749 I/HoneySpace.LongPressTouchController( 2316): ACTION_DOWN, (235.0, 1849.0)
09-11 16:25:10.750 I/GestureDetector( 1049): obtain mCurrentDownEvent. id: 428040176 caller: com.android.server.wm.SystemGesturesPointerEventListener.onPointerEvent:17 com.android.server.wm.PointerEventDispatcher.onInputEvent:51 android.view.InputEventReceiver.dispatchInputEvent:385 
09-11 16:25:10.750 I/HoneySpace.LongPressTouchController( 2316): is not VacantCell
09-11 16:25:10.750 I/HoneySpace.HomeView( 2316): findControllerToHandleTouch ev = 0
09-11 16:25:10.750 I/GestureDetector( 1049): obtain mCurrentDownEvent. id: 428040176 caller: com.android.server.wm.SystemPerformancePointerEventListener.onPointerEvent:13 com.android.server.wm.PointerEventDispatcher.onInputEvent:51 android.view.InputEventReceiver.dispatchInputEvent:385 
09-11 16:25:10.751 I/HoneySpace.StatusBarTouchController( 2316): canInterceptTouch showNotificationPanel : true systemUiProxy.isActive() = true honeyScreenManager.currentHoneyScreen : HOME honeyScreen.currentHoneyState : com.honeyspace.sdk.HomeScreen$Normal@6a643bf
09-11 16:25:10.751 I/HoneySpace.FinderTouchController( 2316): onControllerInterceptTouchEvent :: canInterceptTouch() = false, QuickOptionUtil.isShowQuickOption() : false QuickOptionUtil.isDragging : false
09-11 16:25:10.751 I/HoneySpace.HomeAppsTouchController( 2316): currentChangeState : com.honeyspace.sdk.HomeScreen$Normal@6a643bf, currentHoneyState : com.honeyspace.sdk.HomeScreen$Normal@6a643bf, EditLockPopup : false, isOpenFolderMode : false, isChildScrolling : false, isDragAnimRunning : false
09-11 16:25:10.751 I/HoneySpace.HomeAppsTouchController( 2316): currentChangeState : com.honeyspace.sdk.HomeScreen$Normal@6a643bf, currentHoneyState : com.honeyspace.sdk.HomeScreen$Normal@6a643bf, EditLockPopup : false, isOpenFolderMode : false, isChildScrolling : false, isDragAnimRunning : false
09-11 16:25:10.751 I/HoneySpace.PageEditTouchController( 2316): onControllerInterceptTouchEvent, isInProgress = false
09-11 16:25:10.751 I/HoneySpace.WorkspaceFastRecyclerView( 2316): dispatchTouchEvent() event.action=0
09-11 16:25:10.752 I/HoneySpace.WorkspaceFastRecyclerView( 2316): processDownMotionEvent, index = 0, id = 0
09-11 16:25:10.752 I/HoneySpace.WorkspaceFastRecyclerView( 2316): initTouchPoint, index = 0, id = 0
09-11 16:25:10.753 I/GestureDetector( 1049): obtain mCurrentMotionEventRaw. action: 2 id: 802993565
09-11 16:25:10.753 I/GestureDetector( 1049): obtain mCurrentMotionEventRaw. action: 2 id: 802993565
09-11 16:25:10.754 I/VRI[LauncherActivity]@e283ed9( 2316): call setFrameRateCategory for touch hint category=high hint, reason=touch, vri=VRI[LauncherActivity]@e283ed9
09-11 16:25:10.753 I/SemDvfsHyPerManager( 3725): acquire hyper - TATouchBoost/3725@21, type = -999
09-11 16:25:10.754 I/HoneySpace.GestureInputHandler( 2316): inputConsumers = [com.honeyspace.gesture.inputconsumer.InputConsumer$Companion$NO_OP$1@3dd94c9]
09-11 16:25:10.755 I/HoneySpace.InputSession( 2316): inputConsumers = NO_OP
09-11 16:25:10.755 I/HoneySpace.InputSession( 2316): open
09-11 16:25:10.755 I/HYPER-HAL(  689): [RequestManager.cpp]acquire(): Acquired ID : 7018152  [3725 / 21]    HINT :      list : [TABoost / 1] [TIMEOUT / 1500] 
09-11 16:25:10.755 D/CompatChangeReporter(22893): Compat change id reported: 312399441; UID 10291; state: ENABLED
09-11 16:25:10.760 W/FbSoLoader(22893): Initialized FBSoLoader
09-11 16:25:10.760 I/SurfaceFlinger(  747): [com.sec.android.app.launcher/com.sec.android.app.launcher.activities.LauncherActivity$_2316#24731] setFrameRateCategory: HighHint
09-11 16:25:10.760 W/AppInitScheduler|Run(22893):   Finished InitSharedLibraries in 42ms
09-11 16:25:10.760 W/AppInitScheduler|Schedule(22893):   Executing 145:GeneratePerfStats
09-11 16:25:10.760 W/AppInitScheduler|Schedule(22893):   Executing 158:InitClassFailureStapler
09-11 16:25:10.760 W/AppInitScheduler|Schedule(22893):   Executing 178:InitOxygenCrashReporter
09-11 16:25:10.760 I/HoneySpace.HomeView( 2316): findControllerToHandleTouch ev = 2
09-11 16:25:10.761 I/HoneySpace.FinderTouchController( 2316): onControllerInterceptTouchEvent :: canInterceptTouch() = false, QuickOptionUtil.isShowQuickOption() : false QuickOptionUtil.isDragging : false
09-11 16:25:10.761 I/HoneySpace.HomeAppsTouchController( 2316): currentChangeState : com.honeyspace.sdk.HomeScreen$Normal@6a643bf, currentHoneyState : com.honeyspace.sdk.HomeScreen$Normal@6a643bf, EditLockPopup : false, isOpenFolderMode : false, isChildScrolling : false, isDragAnimRunning : false
09-11 16:25:10.761 I/HoneySpace.PageEditTouchController( 2316): onControllerInterceptTouchEvent, isInProgress = false
09-11 16:25:10.761 I/HoneySpace.MinusOnePageController( 2316): ACTION_MOVE isValidState: true isNormalState: true shouldStartScroll: false delta: 0.0 isScrollableItemTouch: false touchSlop: 34.5 minusOnePageMover: q3.d@e4178a6
09-11 16:25:10.761 I/HoneySpace.WorkspaceFastRecyclerView( 2316): updateIsBeingDraggedOnTouchDown touchSlop:35, diff:0, moved:false, useLongTouchSlop:true
09-11 16:25:10.763 W/AppInitScheduler|Run(22893): Running GeneratePerfStats [*]
09-11 16:25:10.763 W/AppInitScheduler|Run(22893): Running InitClassFailureStapler
09-11 16:25:10.764 W/AppInitScheduler|Run(22893):   Finished InitClassFailureStapler in 0ms
09-11 16:25:10.766 W/AppInitScheduler|Run(22893): Running InitOxygenCrashReporter
09-11 16:25:10.766 W/AppInitScheduler|Run(22893):   Finished InitOxygenCrashReporter in 0ms
09-11 16:25:10.766 D/SemWifiUsabilityStatsMonitor( 1049): onWifiUsabilityStats - seqNum 7262, isSameBssidAndFreq true
09-11 16:25:10.767 D/ConnectivityService( 1049): notifyType CALLBACK_CAP_CHANGED for [196 WIFI]
09-11 16:25:10.771 I/HoneySpace.HomeView( 2316): findControllerToHandleTouch ev = 2
09-11 16:25:10.771 D/WifiPickerTracker( 1587): updateWifiEntries capabilities
09-11 16:25:10.771 I/HoneySpace.FinderTouchController( 2316): onControllerInterceptTouchEvent :: canInterceptTouch() = false, QuickOptionUtil.isShowQuickOption() : false QuickOptionUtil.isDragging : false
09-11 16:25:10.771 I/HoneySpace.HomeAppsTouchController( 2316): currentChangeState : com.honeyspace.sdk.HomeScreen$Normal@6a643bf, currentHoneyState : com.honeyspace.sdk.HomeScreen$Normal@6a643bf, EditLockPopup : false, isOpenFolderMode : false, isChildScrolling : false, isDragAnimRunning : false
09-11 16:25:10.771 I/HoneySpace.PageEditTouchController( 2316): onControllerInterceptTouchEvent, isInProgress = false
09-11 16:25:10.771 I/HoneySpace.MinusOnePageController( 2316): ACTION_MOVE isValidState: true isNormalState: true shouldStartScroll: false delta: 0.0 isScrollableItemTouch: false touchSlop: 34.5 minusOnePageMover: q3.d@e4178a6
09-11 16:25:10.771 I/HoneySpace.WorkspaceFastRecyclerView( 2316): updateIsBeingDraggedOnTouchDown touchSlop:35, diff:0, moved:false, useLongTouchSlop:true
09-11 16:25:10.776 W/AppInitScheduler|Run(22893):   Finished GeneratePerfStats in 12ms
09-11 16:25:10.777 I/HBD     ( 4098): h onCapabilitiesChanged network : 196 current network state : wifi 
09-11 16:25:10.778 D/WifiPickerTracker( 1587): update AutoHotspot Entries() : bleAccessPoints -> 0
09-11 16:25:10.778 D/WifiPickerTracker( 1587): handleNetworkCapabilitiesChanged
09-11 16:25:10.781 W/JobServiceContext( 1049): Sending onNetworkChanged for a job that isn't started. JobStatus{d466859 #u0a291/2131366261 com.facebook.katana/com.facebook.push.registration.FacebookPushServerFinishNotifiedLollipopService u=0 s=10291 TIME=-2m15s98ms:none NET READY}
09-11 16:25:10.782 I/HoneySpace.HomeView( 2316): findControllerToHandleTouch ev = 2
09-11 16:25:10.782 I/HoneySpace.FinderTouchController( 2316): onControllerInterceptTouchEvent :: canInterceptTouch() = false, QuickOptionUtil.isShowQuickOption() : false QuickOptionUtil.isDragging : false
09-11 16:25:10.782 I/HoneySpace.HomeAppsTouchController( 2316): currentChangeState : com.honeyspace.sdk.HomeScreen$Normal@6a643bf, currentHoneyState : com.honeyspace.sdk.HomeScreen$Normal@6a643bf, EditLockPopup : false, isOpenFolderMode : false, isChildScrolling : false, isDragAnimRunning : false
09-11 16:25:10.782 I/HoneySpace.PageEditTouchController( 2316): onControllerInterceptTouchEvent, isInProgress = false
09-11 16:25:10.782 I/HoneySpace.MinusOnePageController( 2316): ACTION_MOVE isValidState: true isNormalState: true shouldStartScroll: false delta: 1.0 isScrollableItemTouch: false touchSlop: 34.5 minusOnePageMover: q3.d@e4178a6
09-11 16:25:10.783 I/HoneySpace.WorkspaceFastRecyclerView( 2316): updateIsBeingDraggedOnTouchDown touchSlop:35, diff:1, moved:false, useLongTouchSlop:true
09-11 16:25:10.788 D/SemWifiApNsd:Client( 1049): lpInterface:wlan0
09-11 16:25:10.788 I/WifiConnectivityMonitor.NCC( 1049): sNetworkCallback(oCC) FULL : 196(valid: true/captive: false)
09-11 16:25:10.789 I/WifiConnectivityMonitor.NCC( 1049): [ Transports: WIFI Capabilities: NOT_METERED&INTERNET&NOT_RESTRICTED&TRUSTED&NOT_VPN&VALIDATED&NOT_ROAMING&FOREGROUND&NOT_CONGESTED&NOT_SUSPENDED&NOT_VCN_MANAGED&NOT_BANDWIDTH_CONSTRAINED LinkUpBandwidth>=12000Kbps LinkDnBandwidth>=26267Kbps TransportInfo: <SSID: <unknown ssid>, BSSID: 02:00:00:**:**:00, MAC: 02:00:00:**:**:00, IP: /192.***.*.151, Security type: 2, Supplicant state: COMPLETED, Wi-Fi standard: 11ac, RSSI: -52, Link speed: 433Mbps, Tx Link speed: 433Mbps, Max Supported Tx Link speed: 433Mbps, Rx Link speed: 433Mbps, Max Supported Rx Link speed: 433Mbps, Frequency: 5520MHz, Net ID: -1, Metered hint: false, score: 60, isUsable: true, CarrierMerged: false, SubscriptionId: -1, IsPrimary: 1, Trusted: true, Restricted: false, Ephemeral: false, OEM paid: false, OEM private: false, OSU AP: false, FQDN: <none>, Provider friendly name: <none>, Requesting package name: <none><none>MLO Information: , Is TID-To-Link negotiation supported by the AP: false, AP MLD Address: <none>, AP MLO Link Id: <none>, AP MLO Affiliated links: <none>, Vendor Data: <none>> SignalStrength: -52 AdminUids: [1000] SSID: "PERFECT_EMP" UnderlyingNetworks: Null]
09-11 16:25:10.790 D/WifiConnectivityMonitor( 1049): HANDLE_ON_CAPABILITIES_CHANGED
09-11 16:25:10.790 I/WifiConnectivityMonitor( 1049): determineMode : MODE_AGG_BY_SWITCH_TO_MOBILE_DATA_OPTION
09-11 16:25:10.790 D/OpenNetworkQos[4.00]( 1049): updateBssidNoInternet: mBssidNoInternet = false
09-11 16:25:10.790 D/OpenNetworkQos[4.00]( 1049): getOpenNetworkQosNoInternetStatus: false
09-11 16:25:10.790 D/OpenNetworkQos[4.00]( 1049): getOpenNetworkQosScores: 23 10 0 
09-11 16:25:10.790 D/KNOX_MDM_SettingsProvider( 1049): isChangeAllowed() : name = wifi_wcm_qos_sharing_score_summary
09-11 16:25:10.790 I/WifiProfileShare( 1049): network QoS data was changed (internet), updateQoSData networkType: true, qosData: false
09-11 16:25:10.790 D/WifiConnectivityMonitor( 1049): VALIDATED_DETECTED
09-11 16:25:10.792 V/WifiProfileShare.Caster( 1049): update wips network, size: 0
09-11 16:25:10.792 D/WifiProfileShare( 1049): nearby scanning settings run
09-11 16:25:10.792 D/WifiProfileShare( 1049): network score provider settings enabled
09-11 16:25:10.792 D/OpenNetworkQos[4.00]( 1049): getOpenNetworkQosScores: 23 10 0 
09-11 16:25:10.792 D/OpenNetworkQos[4.00]( 1049): getOpenNetworkQosNoInternetStatus: false
09-11 16:25:10.792 I/WifiProfileShare.Caster( 1049): current network type: 0, score: [23, 10, 0]
09-11 16:25:10.793 V/WifiProfileShare.Cache( 1049): update network score e6:55:b8:**:**:c8
09-11 16:25:10.793 D/WifiProfileShare.ScanMatcher( 1049): getMcfDataList size:8
09-11 16:25:10.793 I/WifiProfileShare.Caster( 1049): qos data was updated , before:type:QOS, pBssid:7b:b0:2e, qosData:55 after:type:QOS, pBssid:7b:b0:2e, qosData:55
09-11 16:25:10.793 I/HoneySpace.HomeView( 2316): findControllerToHandleTouch ev = 2
09-11 16:25:10.793 I/HoneySpace.FinderTouchController( 2316): onControllerInterceptTouchEvent :: canInterceptTouch() = false, QuickOptionUtil.isShowQuickOption() : false QuickOptionUtil.isDragging : false
09-11 16:25:10.793 I/HoneySpace.HomeAppsTouchController( 2316): currentChangeState : com.honeyspace.sdk.HomeScreen$Normal@6a643bf, currentHoneyState : com.honeyspace.sdk.HomeScreen$Normal@6a643bf, EditLockPopup : false, isOpenFolderMode : false, isChildScrolling : false, isDragAnimRunning : false
09-11 16:25:10.793 I/HoneySpace.PageEditTouchController( 2316): onControllerInterceptTouchEvent, isInProgress = false
09-11 16:25:10.793 I/HoneySpace.MinusOnePageController( 2316): ACTION_MOVE isValidState: true isNormalState: true shouldStartScroll: false delta: 1.0 isScrollableItemTouch: false touchSlop: 34.5 minusOnePageMover: q3.d@e4178a6
09-11 16:25:10.793 I/HoneySpace.WorkspaceFastRecyclerView( 2316): updateIsBeingDraggedOnTouchDown touchSlop:35, diff:1, moved:false, useLongTouchSlop:true
09-11 16:25:10.794 D/SemApeService( 1049): Deducted link capacity (M: R=8 T=303) RSSI=-52
09-11 16:25:10.794 D/SemApeService( 1049): Deducted link capacity (M: R=8 T=303) on (wlan0) GoogleAPI(M: R=26 T=12) RSSI=-52 isDefault=false isMlo=false
09-11 16:25:10.796 I/[MCFSDK_android_1.2.27006]_4_McfCasterImpl( 1049): isNetworkEnabled - type : 1 ret : true
09-11 16:25:10.796 D/WifiProfileShare.McfCast( 1049): -ME--- mIsNetworkEnabled :true
09-11 16:25:10.796 D/WifiProfileShare.McfCast( 1049): updateQoSData ignored, same contents
09-11 16:25:10.796 D/WifiProfileShare.MCF( 1049): success update QosData !
09-11 16:25:10.796 I/BugleRcsEngine(30225): handleMessage processing message:[NOTIFY_UPTIME_IGNORE_STATE_CHANGED] with [non-null]:RcsEngineImpl reference [CONTEXT log_prefix="RcsEngineImpl[DUAL_REG]:[4ef2dbe7-a1e2]>Handler" thread_id=409 ]
09-11 16:25:10.798 I/BugleRcsEngine(30225): Connected state: [1], networkType: [WIFI] [CONTEXT thread_id=405 ]
09-11 16:25:10.799 I/lmkd    (  419): 0(delay), 50(swap), 1(freelimit), 0(reentrymode) memory pressure events were skipped after a kill!
09-11 16:25:10.802 I/[MCFSDK_android_1.2.27006]_4_McfCasterImpl( 1049): isNetworkEnabled - type : 1 ret : true
09-11 16:25:10.803 D/WifiProfileShare.McfCast( 1049): -ME--- mIsNetworkEnabled :true
09-11 16:25:10.804 I/HoneySpace.HomeView( 2316): findControllerToHandleTouch ev = 2
09-11 16:25:10.805 I/HoneySpace.FinderTouchController( 2316): onControllerInterceptTouchEvent :: canInterceptTouch() = false, QuickOptionUtil.isShowQuickOption() : false QuickOptionUtil.isDragging : false
09-11 16:25:10.805 I/HoneySpace.HomeAppsTouchController( 2316): currentChangeState : com.honeyspace.sdk.HomeScreen$Normal@6a643bf, currentHoneyState : com.honeyspace.sdk.HomeScreen$Normal@6a643bf, EditLockPopup : false, isOpenFolderMode : false, isChildScrolling : false, isDragAnimRunning : false
09-11 16:25:10.805 I/HoneySpace.PageEditTouchController( 2316): onControllerInterceptTouchEvent, isInProgress = false
09-11 16:25:10.805 I/HoneySpace.TouchDirectionDetector( 2316): displacementComponent = 42.0
09-11 16:25:10.805 I/HoneySpace.TouchDirectionDetector( 2316): canScrollNegative direction = true
09-11 16:25:10.805 I/HoneySpace.TouchDirectionDetector( 2316): direction.isNegative(displacement) = false
09-11 16:25:10.805 I/HoneySpace.TouchDirectionDetector( 2316): canScrollPositive direction = true
09-11 16:25:10.805 I/HoneySpace.TouchDirectionDetector( 2316): direction.isPositive(displacement) = true
09-11 16:25:10.805 I/HoneySpace.MinusOnePageController( 2316): ACTION_MOVE isValidState: true isNormalState: true shouldStartScroll: true delta: 42.0 isScrollableItemTouch: false touchSlop: 34.5 minusOnePageMover: q3.d@e4178a6
09-11 16:25:10.805 D/WifiProfileShare.McfCast( 1049): -ME--- updatePasswordDate pwdData size:8
09-11 16:25:10.805 I/HoneySpace.DiscoverPageMover( 2316): enableOverlay isOverlayEnabled :true  Discover client : 36999627
09-11 16:25:10.805 I/HoneySpace.DiscoverPageMover( 2316): discover client start move , discover client : 36999627
09-11 16:25:10.806 I/NullBinder(27881): NullBinder for android.net.action.RECOMMEND_NETWORKS triggering remote TransactionTooLargeException due to Service without Chimera impl, calling uid: 1000, calling pid: 0
09-11 16:25:10.806 W/.gms.persistent(27881): Large reply transaction of 1056768 bytes, interface descriptor , code 1
09-11 16:25:10.808 I/HoneySpace.HomeView( 2316): founded touch controller : MinusOnePageController u3.p@89f4e9e
09-11 16:25:10.808 I/HoneySpace.WorkspaceFastRecyclerView( 2316): resetTouchState
09-11 16:25:10.811 I/HoneySpace.SALoggingUtils( 2316): SA Logging screenID: 101 eventId: 1062 detail: {} value: -1
09-11 16:25:10.816 I/HoneySpace.HomeView( 2316): onTouch event = 2, Touch controller: u3.p@89f4e9e
09-11 16:25:10.823 D/WifiConnectivityMonitor.DnsThread( 1049):  [|205]
09-11 16:25:10.827 I/HoneySpace.HomeView( 2316): onTouch event = 2, Touch controller: u3.p@89f4e9e
09-11 16:25:10.828 D/WifiConnectivityMonitor.NetworkStatsAnalyzer( 1049): DNS resultType : 0, responseTime : 205
09-11 16:25:10.828 D/OpenNetworkQos[4.00]( 1049): updateBssidLatestDnsResultType - result: 0
09-11 16:25:10.828 D/OpenNetworkQos[4.00]( 1049): updateBssidNoInternet: mBssidNoInternet = false
09-11 16:25:10.828 D/OpenNetworkQos[4.00]( 1049): getOpenNetworkQosNoInternetStatus: false
09-11 16:25:10.828 D/OpenNetworkQos[4.00]( 1049): getOpenNetworkQosScores: 23 10 0 
09-11 16:25:10.829 D/KNOX_MDM_SettingsProvider( 1049): isChangeAllowed() : name = wifi_wcm_qos_sharing_score_summary
09-11 16:25:10.829 I/WifiProfileShare( 1049): network QoS data was changed (internet), updateQoSData networkType: true, qosData: false
09-11 16:25:10.830 V/WifiProfileShare.Caster( 1049): update wips network, size: 0
09-11 16:25:10.832 D/WifiProfileShare( 1049): nearby scanning settings run
09-11 16:25:10.832 D/WifiProfileShare( 1049): network score provider settings enabled
09-11 16:25:10.832 D/OpenNetworkQos[4.00]( 1049): getOpenNetworkQosScores: 23 10 0 
09-11 16:25:10.832 D/OpenNetworkQos[4.00]( 1049): getOpenNetworkQosNoInternetStatus: false
09-11 16:25:10.832 I/WifiProfileShare.Caster( 1049): current network type: 0, score: [23, 10, 0]
09-11 16:25:10.833 V/WifiProfileShare.Cache( 1049): update network score e6:55:b8:**:**:c8
09-11 16:25:10.833 D/WifiProfileShare.ScanMatcher( 1049): getMcfDataList size:8
09-11 16:25:10.833 I/WifiProfileShare.Caster( 1049): qos data was updated , before:type:QOS, pBssid:7b:b0:2e, qosData:55 after:type:QOS, pBssid:7b:b0:2e, qosData:55
09-11 16:25:10.835 I/BpBinder(21674): onLastStrongRef automatically unlinking death recipients: 
09-11 16:25:10.836 I/BpBinder(21674): onLastStrongRef automatically unlinking death recipients: 
09-11 16:25:10.836 I/[MCFSDK_android_1.2.27006]_4_McfCasterImpl( 1049): isNetworkEnabled - type : 1 ret : true
09-11 16:25:10.836 D/WifiProfileShare.McfCast( 1049): -ME--- mIsNetworkEnabled :true
09-11 16:25:10.836 D/WifiProfileShare.McfCast( 1049): updateQoSData ignored, same contents
09-11 16:25:10.836 D/WifiProfileShare.MCF( 1049): success update QosData !
09-11 16:25:10.837 W/System  (21674): A resource failed to call close. 
09-11 16:25:10.838 I/HoneySpace.HomeView( 2316): onTouch event = 2, Touch controller: u3.p@89f4e9e
09-11 16:25:10.838 I/[MCFSDK_android_1.2.27006]_4_McfCasterImpl( 1049): isNetworkEnabled - type : 1 ret : true
09-11 16:25:10.838 D/WifiProfileShare.McfCast( 1049): -ME--- mIsNetworkEnabled :true
09-11 16:25:10.838 D/WifiProfileShare.McfCast( 1049): -ME--- updatePasswordDate pwdData size:8
09-11 16:25:10.847 I/SemDvfsHyPerManager( 3725): acquire hyper - TATouchBoost/3725@21, type = -999
09-11 16:25:10.848 I/HYPER-HAL(  689): [RequestManager.cpp]acquire(): Acquired ID : 7018152  [3725 / 21]    HINT :      list : [TABoost / 1] [TIMEOUT / 1500] 
09-11 16:25:10.849 I/HoneySpace.HomeView( 2316): onTouch event = 2, Touch controller: u3.p@89f4e9e
09-11 16:25:10.850 I/HoneySpace.DiscoverClientCallback( 2316): onOverlayMoveUpdated : 0.07685185
09-11 16:25:10.850 I/HoneySpace.DiscoverClientCallback( 2316): discover page is visible
09-11 16:25:10.854 W/lacrima (22893): Start JavaAppDeathCrashDetector... X.0vl
09-11 16:25:10.856 W/lacrima (22893): Sending pending reports
09-11 16:25:10.858 W/AppInitScheduler|Run(22893):   Finished ReliabilityInitConfigureErrorReportingOnProcess in 140ms
09-11 16:25:10.858 W/AppInitScheduler|Schedule(22893):   Executing 203:LoadLibDexLoad
09-11 16:25:10.859 W/AppInitScheduler|Run(22893): Running LoadLibDexLoad [*]
09-11 16:25:10.860 I/HoneySpace.HomeView( 2316): onTouch event = 2, Touch controller: u3.p@89f4e9e
09-11 16:25:10.871 I/HoneySpace.HomeView( 2316): onTouch event = 2, Touch controller: u3.p@89f4e9e
09-11 16:25:10.872 D/nativeloader(22893): Load /data/app/~~p7cn3Qgp9HErF0x-hhRqDw==/com.facebook.katana-9_dITs6dCDsMGYTf_UMxJg==/lib/arm64/libbreakpad.so using ns clns-7 from class loader (caller=/data/app/~~p7cn3Qgp9HErF0x-hhRqDw==/com.facebook.katana-9_dITs6dCDsMGYTf_UMxJg==/base.apk): ok
09-11 16:25:10.872 E/RefreshRateSelector(  747): Can't find HRR max refresh rate by policy with the same group 0
09-11 16:25:10.876 D/nativeloader(22893): Load /data/data/com.facebook.katana/lib-compressed/libdexload.so using ns clns-7 from class loader (caller=/data/app/~~p7cn3Qgp9HErF0x-hhRqDw==/com.facebook.katana-9_dITs6dCDsMGYTf_UMxJg==/base.apk): ok
09-11 16:25:10.877 W/AppInitScheduler|Run(22893):   Finished LoadLibDexLoad in 18ms
09-11 16:25:10.877 W/AppInitScheduler|Schedule(22893):   Executing 335:SetupFbGlog
09-11 16:25:10.877 W/AppInitScheduler|Schedule(22893):   Executing 160:InitCrashLoopMitigation
09-11 16:25:10.877 W/AppInitScheduler|Schedule(22893):   Executing 162:InitDeadResourceDetection
09-11 16:25:10.878 W/AppInitScheduler|Run(22893): Running InitCrashLoopMitigation
09-11 16:25:10.879 W/AppInitScheduler|Run(22893): Running SetupFbGlog [*]
09-11 16:25:10.879 I/HBD     ( 4098): h onCapabilityChanged  setNetworkState currentNetworkState : wifi 
09-11 16:25:10.880 W/AppInitScheduler|Run(22893):   Finished SetupFbGlog in 1ms
09-11 16:25:10.880 W/dalvik-internals(22893): sigaction64 succeeded
09-11 16:25:10.880 W/AppInitScheduler|Schedule(22893):   Executing 106:DisableRuntimeVerification
09-11 16:25:10.880 W/AppInitScheduler|Schedule(22893):   Executing 159:InitClassTracing
09-11 16:25:10.880 W/AppInitScheduler|Run(22893): Running DisableRuntimeVerification [*]
09-11 16:25:10.881 W/AppInitScheduler|Run(22893): Running InitClassTracing
09-11 16:25:10.881 W/AppInitScheduler|Run(22893): Running InitDeadResourceDetection
09-11 16:25:10.881 W/AppInitScheduler|Run(22893):   Finished InitDeadResourceDetection in 0ms
09-11 16:25:10.882 I/HoneySpace.HomeView( 2316): onTouch event = 2, Touch controller: u3.p@89f4e9e
09-11 16:25:10.886 I/biqc    ( 3107): (REDACTED) OnVisible %s: (%d, %d) -> (%d, %d)
09-11 16:25:10.887 D/dalvik-internals(22893): SuspendAndroid11: Found all symbols
09-11 16:25:10.887 D/dalvik-internals(22893): SuspendAndroid11: Suspending threads.
09-11 16:25:10.893 I/HoneySpace.HomeView( 2316): onTouch event = 2, Touch controller: u3.p@89f4e9e
09-11 16:25:10.897 V/v9p     (22893): Not disabled
09-11 16:25:10.897 D/dalvik-internals(22893): SuspendAndroid11: Resuming threads.
09-11 16:25:10.897 W/Verifier(22893): Could not disable RTV
09-11 16:25:10.897 V/dalvik-internals(22893): hooked signal using trap ()
09-11 16:25:10.897 W/AppInitScheduler|Run(22893):   Finished DisableRuntimeVerification in 17ms
09-11 16:25:10.898 W/AppInitScheduler|Schedule(22893):   Executing 170:InitLacrimaEarlyNative
09-11 16:25:10.898 W/AppInitScheduler|Run(22893):   Finished InitClassTracing in 16ms
09-11 16:25:10.898 V/dalvik-internals(22893): hooked sigaction using trap ()
09-11 16:25:10.898 W/AppInitScheduler|Schedule(22893):   Executing 201:LoadDexes
09-11 16:25:10.898 I/dalvik-internals(22893): integrateWithCrashLog crashlog: /data/user/0/com.facebook.katana/crash_log, insta_crashlog: /data/user/0/com.facebook.katana/insta_crash_log
09-11 16:25:10.898 I/dalvik-internals(22893): installed sigmux crash handler for crash log
09-11 16:25:10.898 W/AppInitScheduler|Run(22893):   Finished InitCrashLoopMitigation in 20ms
09-11 16:25:10.899 W/AppInitScheduler|Schedule(22893):   Executing 210:MaybeTraceColdStart
09-11 16:25:10.899 W/AppInitScheduler|Run(22893): Running InitLacrimaEarlyNative [*]
09-11 16:25:10.899 W/AppInitScheduler|Schedule(22893):   Executing 175:InitMemoryTracer
09-11 16:25:10.899 W/AppInitScheduler|Run(22893): Running LoadDexes [*]
09-11 16:25:10.900 W/AppInitScheduler|Run(22893): Running MaybeTraceColdStart [*]
09-11 16:25:10.900 W/AppInitScheduler|Run(22893): Running InitMemoryTracer
09-11 16:25:10.900 W/AppInitScheduler|Run(22893):   Finished InitMemoryTracer in 0ms
09-11 16:25:10.900 W/DexTricksAppInit(22893): Skipping dex loading.
09-11 16:25:10.900 W/DexTricksAppInit(22893): MultiDexClassLoaderLight: false
09-11 16:25:10.901 W/DexTricksAppInit(22893): ReflectionClassLoader: true
09-11 16:25:10.901 W/AppInitScheduler|Run(22893):   Finished LoadDexes in 2ms
09-11 16:25:10.901 W/AppInitScheduler|Schedule(22893):   Executing 195:IsolatedLongtailAppInit
09-11 16:25:10.901 W/AppInitScheduler|Schedule(22893):   Executing 0:AddMainDexStoreInfoToReliabilityLogging
09-11 16:25:10.901 W/AppInitScheduler|Schedule(22893):   Executing 231:MprotectCode
09-11 16:25:10.901 W/AppInitScheduler|Run(22893): Running IsolatedLongtailAppInit [*]
09-11 16:25:10.901 W/AppInitScheduler|Run(22893):   Finished IsolatedLongtailAppInit in 0ms
09-11 16:25:10.901 W/AppInitScheduler|Run(22893): Running AddMainDexStoreInfoToReliabilityLogging
09-11 16:25:10.901 W/AppInitScheduler|Run(22893):   Finished AddMainDexStoreInfoToReliabilityLogging in 0ms
09-11 16:25:10.902 W/AppInitScheduler|Run(22893): Running MprotectCode
09-11 16:25:10.904 I/HoneySpace.HomeView( 2316): onTouch event = 2, Touch controller: u3.p@89f4e9e
09-11 16:25:10.907 W/AppInitScheduler|Run(22893):   Finished MprotectCode in 6ms
09-11 16:25:10.912 D/InputReader( 1049): Btn_touch(3): value=0 when=111190.240801
09-11 16:25:10.912 I/InputReader( 1049): Touch event's action is 0x1 (id=5, t=0) [pCnt=1, s=] when=111190.240801
09-11 16:25:10.912 I/InputDispatcher( 1049): Delivering touch to (2316): action: 0x1, f=0x0, d=0, '1f5a5af', t=1 
09-11 16:25:10.912 I/HoneySpace.HomeView( 2316): onTouch event = 2, Touch controller: u3.p@89f4e9e
09-11 16:25:10.913 I/VRI[LauncherActivity]@e283ed9( 2316): ViewPostIme pointer 1
09-11 16:25:10.913 I/HoneySpace.HomeView( 2316): onTouch event = 1, Touch controller: u3.p@89f4e9e
09-11 16:25:10.913 I/HoneySpace.GestureInputHandler( 2316): reset
09-11 16:25:10.913 I/HoneySpace.InputSession( 2316): close
09-11 16:25:10.914 I/SemDvfsHyPerManager( 1049): acquire hyper - SMOOTH_SCROLL/1049@23, type = -999
09-11 16:25:10.914 I/SemDvfsHyPerManager( 1049): acquire hyper - GESTURE_DETECTED_HRR/1049@25, type = -999
09-11 16:25:10.915 I/HoneySpace.SPayHandler( 2316): updateSpayHandler, show = false, defaultPage = true
09-11 16:25:10.915 I/SemDvfsHyPerManager( 1049): acquire hyper - GESTURE_DETECTED_HRR/1049@25, type = -999
09-11 16:25:10.916 W/Profilo/TraceControl(22893): Loom client config id: 0
09-11 16:25:10.916 I/HYPER-HAL(  689): [RequestManager.cpp]acquire(): Acquired ID : 577300  [1049 / 25]    HINT : GESTURE_DETECTED_HRR    list : [TIMEOUT / 1712] 
09-11 16:25:10.918 W/AppInitScheduler|Run(22893):   Finished MaybeTraceColdStart in 18ms
09-11 16:25:10.918 I/HYPER-HAL(  689): [RequestManager.cpp]acquire(): Acquired ID : 577300  [1049 / 25]    HINT : GESTURE_DETECTED_HRR    list : [TIMEOUT / 1712] 
09-11 16:25:10.930 I/bkdc    ( 3107): Storing client actions due to no connection
09-11 16:25:10.931 I/HYPER-HAL(  689): [RequestManager.cpp]releaseLocked(): Released ID : 579453
09-11 16:25:10.942 I/bkdc    ( 3107): Storing client actions due to no connection
09-11 16:25:10.942 I/HoneySpace.DiscoverClientCallback( 2316): onOverlayMoveUpdated : 0.12962963
09-11 16:25:10.943 I/bkdc    ( 3107): Storing client actions due to no connection
09-11 16:25:10.943 W/lacrima (22893): The minidump file is empty!
09-11 16:25:10.943 I/bkdc    ( 3107): Storing client actions due to no connection
09-11 16:25:10.945 W/lacrima (22893): Start AnrAppDeathDetector... X.00x
09-11 16:25:10.946 E/HeliumCrashReporter(22893): Pending crash path /data/data/com.facebook.katana/cache/webview_embedded/Helium Crashpad/pending/ is not a directory
09-11 16:25:10.947 W/AppInitScheduler|Run(22893):   Finished InitLacrimaEarlyNative in 48ms
09-11 16:25:10.947 W/AppInitScheduler|Schedule(22893):   Executing 204:LoadVoltronModules
09-11 16:25:10.947 W/AppInitScheduler|Schedule(22893):   Executing 202:LoadLibColdStart
09-11 16:25:10.947 W/AppInitScheduler|Run(22893): Running LoadVoltronModules [*]
09-11 16:25:10.947 W/AppInitScheduler|Run(22893): Running LoadLibColdStart [*]
09-11 16:25:10.949 W/AppInitScheduler|Run(22893):   Finished LoadVoltronModules in 2ms
09-11 16:25:10.949 W/AppInitScheduler|Schedule(22893):   Executing 101:CreateApplicationImpl
09-11 16:25:10.949 W/AppInitScheduler|Schedule(22893):   Executing 194:InitUltralight
09-11 16:25:10.949 W/AppInitScheduler|Schedule(22893):   Executing 324:RunOnApplicationInit
09-11 16:25:10.949 W/AppInitScheduler|Run(22893): Running CreateApplicationImpl [*]
09-11 16:25:10.949 W/AppInitScheduler|Run(22893): Running InitUltralight [*]
09-11 16:25:10.950 W/AppInitScheduler|Run(22893): Running RunOnApplicationInit [*]
09-11 16:25:10.959 W/AppInitScheduler|Schedule(22893): Schedule 126:FbSharedPreferenceInitializer, deps=null (4 pending tasks)
09-11 16:25:10.959 W/AppInitScheduler|Schedule(22893):   Executing 126:FbSharedPreferenceInitializer
09-11 16:25:10.960 W/AppInitScheduler|Run(22893): Running FbSharedPreferenceInitializer [*]
09-11 16:25:10.960 I/HoneySpace.DiscoverClientCallback( 2316): onOverlayMoveUpdated : 0.19259259
09-11 16:25:10.960 W/AppInitScheduler|Schedule(22893): Schedule 155:InitAuthentication, deps=null (5 pending tasks)
09-11 16:25:10.960 W/AppInitScheduler|Schedule(22893):   Executing 155:InitAuthentication
09-11 16:25:10.961 W/AppInitScheduler|Run(22893): Running InitAuthentication [*]
09-11 16:25:10.962 V/WindowManager( 1049): Relayout Window{e6b8bdb u0 (3-3)-Window{a648dac alpha=1.0 fl=}}: viewVisibility=0 req=1080x2340 ty=4 d0
09-11 16:25:10.963 V/WindowManager( 1049): Relayout hash=e6b8bdb, pid=0, syncId=-1: mAttrs={(0,0)(fillxfill) gr=LEFT CENTER_HORIZONTAL sim={adjust=resize} layoutInDisplayCutoutMode=always ty=DRAWN_APPLICATION fmt=TRANSPARENT wanim=0x1030301
09-11 16:25:10.963 V/WindowManager( 1049):   fl=81850118
09-11 16:25:10.963 V/WindowManager( 1049):   pfl=10008840
09-11 16:25:10.963 V/WindowManager( 1049):   bhv=1
09-11 16:25:10.963 V/WindowManager( 1049):   fitSides=0
09-11 16:25:10.963 V/WindowManager( 1049):   frameRateBoostOnTouch=true
09-11 16:25:10.963 V/WindowManager( 1049):   dvrrWindowFrameRateHint=true
09-11 16:25:10.963 V/WindowManager( 1049):  dimAmount=0.0 naviIconColor=0}
09-11 16:25:10.964 I/BLASTBufferQueue_Java( 3107): update, w= 1080 h= 2340 mName = VRI[0 fl=}]@e1d206b mNativeObject= 0xb4000078129d4c00 sc.mNativeObject= 0xb400007723653bc0 format= -2 caller= android.view.ViewRootImpl.updateBlastSurfaceIfNeeded:3386 android.view.ViewRootImpl.relayoutWindow:11361 android.view.ViewRootImpl.performTraversals:4544 android.view.ViewRootImpl.doTraversal:3708 android.view.ViewRootImpl$TraversalRunnable.run:12542 android.view.Choreographer$CallbackRecord.run:1751 
09-11 16:25:10.964 I/VRI[0 fl=}]@e1d206b( 3107): Relayout returned: old=(0,0,1080,2340) new=(0,0,1080,2340) relayoutAsync=true req=(1080,2340)0 dur=2 res=0x0 s={true 0xb400007723743800} ch=false seqId=0
09-11 16:25:10.964 W/AppInitScheduler|Schedule(22893): Schedule 224:MobileConfigAdminIdInit, deps=[155] (6 pending tasks)
09-11 16:25:10.966 W/AppInitScheduler|Run(22893):   Finished CreateApplicationImpl in 15ms
09-11 16:25:10.966 I/VRI[0 fl=}]@e1d206b( 3107): registerCallbackForPendingTransactions
09-11 16:25:10.967 W/AppInitScheduler|Schedule(22893): Schedule 226:MobileConfigInit, deps=[155] (7 pending tasks)
09-11 16:25:10.967 W/AppInitScheduler|Schedule(22893): Schedule 229:MobileConfigSessionlessInit, deps=null (8 pending tasks)
09-11 16:25:10.967 W/AppInitScheduler|Schedule(22893):   Executing 229:MobileConfigSessionlessInit
09-11 16:25:10.968 W/AppInitScheduler|Schedule(22893): Schedule 164:InitExecutors, deps=null (8 pending tasks)
09-11 16:25:10.968 W/AppInitScheduler|Schedule(22893):   Executing 164:InitExecutors
09-11 16:25:10.968 W/AppInitScheduler|Run(22893): Running MobileConfigSessionlessInit [*]
09-11 16:25:10.969 W/AppInitScheduler|Run(22893): Running InitExecutors [*]
09-11 16:25:10.973 I/VRI[0 fl=}]@e1d206b( 3107): mWNT: t=0xb40000781289ae00 mBlastBufferQueue=0xb4000078129d4c00 fn= 2 HdrRenderState mRenderHdrSdrRatio=1.0 caller= android.view.ViewRootImpl$9.onFrameDraw:6276 android.view.ViewRootImpl$3.onFrameDraw:2440 android.view.ThreadedRenderer$1.onFrameDraw:761 
09-11 16:25:10.976 W/AppInitScheduler|Schedule(22893): Schedule 345:StringResourcesDelegate, deps=[126, 164] (9 pending tasks)
09-11 16:25:10.978 W/AppInitScheduler|Schedule(22893): Schedule 3:AnalyticsLoggerInit, deps=[164, 224, 226, 229] (10 pending tasks)
09-11 16:25:10.978 I/HoneySpace.DiscoverClientCallback( 2316): onOverlayMoveUpdated : 0.2574074
09-11 16:25:10.980 D/nativeloader(22893): Load /data/app/~~p7cn3Qgp9HErF0x-hhRqDw==/com.facebook.katana-9_dITs6dCDsMGYTf_UMxJg==/lib/arm64/libcoldstart.so using ns clns-7 from class loader (caller=/data/app/~~p7cn3Qgp9HErF0x-hhRqDw==/com.facebook.katana-9_dITs6dCDsMGYTf_UMxJg==/base.apk): ok
09-11 16:25:10.985 W/AppInitScheduler|Run(22893):   Finished LoadLibColdStart in 38ms
09-11 16:25:10.986 I/HoneySpace.DiscoverClientCallback( 2316): onOverlayMoveUpdated : 0.49166667
09-11 16:25:10.988 W/AppInitScheduler|Schedule(22893): Schedule 112:E2EForceMobileConfigFetch, deps=[226] (10 pending tasks)
09-11 16:25:10.988 W/AppInitScheduler|Schedule(22893): Schedule 113:E2EForceMobileConfigSessionlessFetch, deps=[229] (11 pending tasks)
09-11 16:25:10.988 W/AppInitScheduler|Schedule(22893): Schedule 129:FdidInitSync, deps=[226] (12 pending tasks)
09-11 16:25:10.988 W/AppInitScheduler|Schedule(22893): Schedule 154:InitAppModuleFallbackLoader, deps=null (13 pending tasks)
09-11 16:25:10.988 W/AppInitScheduler|Schedule(22893):   Executing 154:InitAppModuleFallbackLoader
09-11 16:25:10.989 W/AppInitScheduler|Run(22893): Running InitAppModuleFallbackLoader [*]
09-11 16:25:10.990 W/AppInitScheduler|Schedule(22893): Schedule 325:RunPerfMarkers, deps=[164, 210] (14 pending tasks)
09-11 16:25:10.991 W/AppInitScheduler|Schedule(22893): Schedule 183:InitPushLiteSdk, deps=[3, 325] (15 pending tasks)
09-11 16:25:10.991 W/AppInitScheduler|Schedule(22893): Schedule 200:LithoConfiguration, deps=[126, 164, 224, 226] (16 pending tasks)
09-11 16:25:10.992 W/AppInitScheduler|Run(22893):   Finished InitUltralight in 42ms
09-11 16:25:10.992 W/AppInitScheduler|Schedule(22893): Schedule 310:PreloadWordmark, deps=[3] (16 pending tasks)
09-11 16:25:10.994 E/SurfaceFlinger(  747): alpha changed 0.000 -> 1.000 - (3-3)-Window{a648dac alpha=1.0 fl=}$_3107#24730
09-11 16:25:10.994 I/SurfaceFlinger(  747): [LayerHierarchy{RequestedLayerState{Dim Layer for - Task=235#24749 z=-1} no children}] reparent to OffscreenRoot
09-11 16:25:10.994 I/SurfaceFlinger(  747): [LayerHierarchy{RequestedLayerState{Dim Layer for - Task=235#24749 z=-1} no children}] RelativeParent to null
09-11 16:25:10.995 I/HoneySpace.DiscoverClientCallback( 2316): onOverlayMoveUpdated : 0.55277777
09-11 16:25:10.996 I/HoneySpace.TaskbarVisibilityController( 2316): updateMinusOnePageVisibility isMinusOnePage:true
09-11 16:25:10.996 I/SurfaceFlinger(  747): id=24749 Removed Dim Layer for - Task=235#24749 (129)
09-11 16:25:10.998 W/AppInitScheduler|Schedule(22893): Schedule 117:EagerInitImagePipeline, deps=[3] (17 pending tasks)
09-11 16:25:10.998 W/AppInitScheduler|Schedule(22893): Schedule 311:PrivacyUiiDetectionLogger, deps=[226] (18 pending tasks)
09-11 16:25:10.998 W/AppInitScheduler|Schedule(22893): Schedule 363:WaitForUIDependenciesInitializer, deps=[112, 113, 117, 129, 154, 183, 200, 310, 311, 345] (19 pending tasks)
09-11 16:25:10.998 W/AppInitScheduler|Schedule(22893): Schedule 107:DismissSplashScreens, deps=[363] (20 pending tasks)
09-11 16:25:10.998 W/AppInitScheduler|Schedule(22893): Schedule 368:ZeroABTestStaticBootstrap, deps=null (21 pending tasks)
09-11 16:25:10.998 W/AppInitScheduler|Schedule(22893):   Executing 368:ZeroABTestStaticBootstrap
09-11 16:25:10.998 W/AppInitScheduler|Schedule(22893): Schedule 115:EagerInitFBTigon, deps=[164, 202, 224, 226, 229, 368] (22 pending tasks)
09-11 16:25:10.998 W/AppInitScheduler|Schedule(22893): Schedule 343:StaticGraphServiceFactoryInitializer, deps=[202] (23 pending tasks)
09-11 16:25:10.998 W/AppInitScheduler|Schedule(22893):   Executing 343:StaticGraphServiceFactoryInitializer
09-11 16:25:10.999 W/AppInitScheduler|Schedule(22893): Schedule 146:GraphServiceEagerInit, deps=[115, 343] (24 pending tasks)
09-11 16:25:10.999 W/AppInitScheduler|Schedule(22893): Schedule 323:RunEarlyInitForActivity, deps=[112, 113, 126, 224] (25 pending tasks)
09-11 16:25:10.999 W/AppInitScheduler|Schedule(22893): Schedule 339:StartupDestinationAppInit, deps=[126, 194, 224] (26 pending tasks)
09-11 16:25:10.999 W/AppInitScheduler|Run(22893): Running ZeroABTestStaticBootstrap [*]
09-11 16:25:11.000 W/AppInitScheduler|Run(22893): Running StaticGraphServiceFactoryInitializer [*]
09-11 16:25:11.002 D/SurfaceFlinger(  747): Display 4633128672291735931 HWC layers:
09-11 16:25:11.002 D/SurfaceFlinger(  747):        DEVICE |   0xb40000719aa2fd00 | 0000 | RGBA_8888    |    0.0    0.0 1080.0 2340.0 |    0    0 1080 2340 | Wallpaper BBQ wrapper 5_system#91 (1)
09-11 16:25:11.002 D/SurfaceFlinger(  747):        DEVICE |   0xb400007175214800 | 0001 | RGBA_8888    |    0.0    0.0 1080.0 2340.0 |    0    0 1080 2340 | com.sec.android.app.launcher/com.sec[...]ivities.LauncherActivity$_2316#24731 (8)
09-11 16:25:11.002 D/SurfaceFlinger(  747):        DEVICE |   0xb4000071752d7d00 | 0001 | RGBA_8888    |    0.0    0.0 1080.0 2340.0 |    0    0 1080 2340 | (3-3)-Window{a648dac alpha=1.0 fl=}$_3107#24730 (1)
09-11 16:25:11.002 D/SurfaceFlinger(  747):        DEVICE |   0xb400007175633f80 | 0001 | RGBA_8888    |    0.0    0.0 1080.0   96.0 |    0    0 1080   96 | StatusBar$_1587#95 (22543)
09-11 16:25:11.002 D/SurfaceFlinger(  747):        DEVICE |   0xb4000071990a8200 | 0001 | RGBA_8888    |    0.0    0.0 1080.0  135.0 |    0 2205 1080 2340 | NavigationBar0$_1587#23260 (1401)
09-11 16:25:11.002 D/SurfaceFlinger(  747):        DEVICE |   0xb400007175944300 | 0001 | RGBA_8888    |    0.0    0.0  366.0   67.0 |  357 2273  723 2340 | com.samsung.android.spay.pay.HintService$_18371#24757 (1)
09-11 16:25:11.002 D/SurfaceFlinger(  747): 
09-11 16:25:11.004 W/AppInitScheduler|Schedule(22893): Schedule 97:CheckUnstableContentProvider, deps=[226] (27 pending tasks)
09-11 16:25:11.004 W/AppInitScheduler|Schedule(22893): Schedule 127:FbSharedPreferenceInitializerAsync, deps=null (28 pending tasks)
09-11 16:25:11.005 I/SurfaceFlinger(  747): destroyed Dim Layer for - Task=235#24749
09-11 16:25:11.005 W/AppInitScheduler|Schedule(22893):   Executing 127:FbSharedPreferenceInitializerAsync
09-11 16:25:11.005 W/AppInitScheduler|Schedule(22893): Schedule 303:PreloadStartupLightSharedPreferenceUsagesAppInit, deps=null (29 pending tasks)
09-11 16:25:11.005 W/AppInitScheduler|Schedule(22893):   Executing 303:PreloadStartupLightSharedPreferenceUsagesAppInit
09-11 16:25:11.005 W/AppInitScheduler|Schedule(22893): Schedule 340:StartupQPLInit, deps=[164, 224, 226, 229] (30 pending tasks)
09-11 16:25:11.005 W/AppInitScheduler|Schedule(22893): Schedule 118:EarliestPossibleColdStartClassPreloadStarter, deps=null (31 pending tasks)
09-11 16:25:11.005 W/AppInitScheduler|Schedule(22893):   Executing 118:EarliestPossibleColdStartClassPreloadStarter
09-11 16:25:11.006 W/AppInitScheduler|Schedule(22893): Schedule 1:AddProcessNameToErrorReport, deps=null (32 pending tasks)
09-11 16:25:11.006 W/AppInitScheduler|Schedule(22893):   Executing 1:AddProcessNameToErrorReport
09-11 16:25:11.006 W/AppInitScheduler|Run(22893): Running FbSharedPreferenceInitializerAsync
09-11 16:25:11.007 W/AppInitScheduler|Schedule(22893): Schedule 2:AnalyticsInit, deps=[226] (33 pending tasks)
09-11 16:25:11.007 I/Layer   (  747): id=24749 Destroyed Dim Layer for - Task=235#24749
09-11 16:25:11.007 W/AppInitScheduler|Schedule(22893): Schedule 4:AnalyticsLoggerPostInitReplay, deps=[3] (34 pending tasks)
09-11 16:25:11.008 W/AppInitScheduler|Schedule(22893): Schedule 96:BloksInitializer, deps=[3] (35 pending tasks)
09-11 16:25:11.008 W/AppInitScheduler|Schedule(22893): Schedule 98:ClientCacheEdgeManagerInitializer, deps=[126, 164, 226] (36 pending tasks)
09-11 16:25:11.009 W/AppInitScheduler|Schedule(22893): Schedule 100:ComposerSavedSessionStoreInitializer, deps=[126, 155, 164] (37 pending tasks)
09-11 16:25:11.011 W/AppInitScheduler|Schedule(22893): Schedule 104:DgwEarlySyncInitializer, deps=[164, 202, 224, 226, 229, 368] (38 pending tasks)
09-11 16:25:11.011 W/AppInitScheduler|Schedule(22893): Schedule 111:DownloadedFbResources, deps=[226, 229] (39 pending tasks)
09-11 16:25:11.012 W/AppInitScheduler|Schedule(22893): Schedule 120:ErrorReporterSecondaryInit, deps=[126, 155, 164] (40 pending tasks)
09-11 16:25:11.012 W/AppInitScheduler|Schedule(22893): Schedule 121:Fb4aReactEagerInitHotMCUnpacker, deps=[126, 164, 226] (41 pending tasks)
09-11 16:25:11.012 W/AppInitScheduler|Schedule(22893): Schedule 123:FbMCPPluginInitializer, deps=[126, 202] (42 pending tasks)
09-11 16:25:11.013 W/AppInitScheduler|Run(22893):   Finished ZeroABTestStaticBootstrap in 14ms
09-11 16:25:11.013 V/WindowManager( 1049): Relayout Window{e6b8bdb u0 (3-3)-Window{a648dac alpha=1.0 fl=}}: viewVisibility=0 req=1080x2340 ty=4 d0
09-11 16:25:11.014 W/AppInitScheduler|Run(22893): Running PreloadStartupLightSharedPreferenceUsagesAppInit
09-11 16:25:11.014 I/HoneySpace.TaskbarVisibilityController( 2316): updateVisibility(0) isDock:false occlude:false needToHide:false hideFlag:false forceMinusOnePage:false launcher:true recent:false minus:true homePackage:true AppPicker:false :: state 0 -> 1
09-11 16:25:11.015 D/WindowManager( 1049): Changing focus from Window{1f5a5af u0 com.sec.android.app.launcher/com.sec.android.app.launcher.activities.LauncherActivity} to Window{e6b8bdb u0 (3-3)-Window{a648dac alpha=1.0 fl=}} displayId=0 Callers=com.android.server.wm.WindowManagerService.relayoutWindowInner:142 com.android.server.wm.WindowManagerService.relayoutWindow:6 com.android.server.wm.Session.relayout:27 com.android.server.wm.Session.relayoutAsync:26 
09-11 16:25:11.015 I/WindowManager( 1049): Cancelling animation restarting=true, leash=Surface(name=Surface(name=576fe26 StatusBar)/@0x7624b46 - animation-leash of insets_animation)/@0xe753832
09-11 16:25:11.015 I/WindowManager( 1049): Reparenting to original parent: Surface(name=WindowToken{32568 type=2000 android.os.BinderProxy@b81d65a})/@0x5ed9107, destroy=false, syncState=0, syncCommitDepth=0, surface=Surface(name=576fe26 StatusBar)/@0x7624b46
09-11 16:25:11.015 I/WindowManager( 1049): Reparenting to leash, surface=Surface(name=576fe26 StatusBar)/@0x7624b46, syncState=0, syncCommitDepth=0, leashParent=Surface(name=WindowToken{32568 type=2000 android.os.BinderProxy@b81d65a})/@0x5ed9107
09-11 16:25:11.015 I/SurfaceFlinger(  747): id=24759 createSurf, flag=24000, Surface(name=576fe26 StatusBar)/@0x7624b46 - animation-leash of insets_animation#24759
09-11 16:25:11.015 W/AppInitScheduler|Schedule(22893): Schedule 124:FbMsysImmediateInitializer, deps=[3, 123] (43 pending tasks)
09-11 16:25:11.016 W/AppInitScheduler|Schedule(22893): Schedule 125:FbMsysPostBootstrapListenerRegistrarOnAppInit, deps=[226, 229] (43 pending tasks)
09-11 16:25:11.016 I/SurfaceFlinger(  747): [Surface(name=576fe26 StatusBar)/@0x7624b46 - animation-leash of insets_animation#24759] attach to parent LayerHierarchy{RequestedLayerState{WindowToken{32568 type=2000 android.os.BinderProxy@b81d65a}#86 parentId=19} 2 children}
09-11 16:25:11.016 D/WindowManager( 1049): makeSurface duration=1 leash=Surface(name=Surface(name=576fe26 StatusBar)/@0x7624b46 - animation-leash of insets_animation)/@0x513c269
09-11 16:25:11.017 D/InsetsSourceProvider( 1049): updateControlForTarget: control=InsetsSourceControl: {743a0000 mType=statusBars initiallyVisible mSurfacePosition=Point(0, 0) mInsetsHint=Insets{left=0, top=96, right=0, bottom=0}}, target=Window{e6b8bdb u0 (3-3)-Window{a648dac alpha=1.0 fl=}}, from=com.android.server.wm.InsetsStateController.onControlTargetChanged:81 com.android.server.wm.InsetsPolicy.updateBarControlTarget:163 com.android.server.wm.DisplayPolicy.updateSystemBarAttributes:281 com.android.server.wm.WindowManagerService.updateFocusedWindowLocked:375 com.android.server.wm.WindowManagerService.relayoutWindowInner:142 
09-11 16:25:11.017 I/WindowManager( 1049): Cancelling animation restarting=true, leash=Surface(name=Surface(name=50debd8 NavigationBar0)/@0x8139047 - animation-leash of insets_animation)/@0x5939b39
09-11 16:25:11.017 I/WindowManager( 1049): Reparenting to original parent: Surface(name=WindowToken{584f8b5 type=2019 android.os.BinderProxy@705c39f})/@0x4344074, destroy=false, syncState=0, syncCommitDepth=0, surface=Surface(name=50debd8 NavigationBar0)/@0x8139047
09-11 16:25:11.017 I/WindowManager( 1049): Reparenting to leash, surface=Surface(name=50debd8 NavigationBar0)/@0x8139047, syncState=0, syncCommitDepth=0, leashParent=Surface(name=WindowToken{584f8b5 type=2019 android.os.BinderProxy@705c39f})/@0x4344074
09-11 16:25:11.017 I/SurfaceFlinger(  747): id=24760 createSurf, flag=24000, Surface(name=50debd8 NavigationBar0)/@0x8139047 - animation-leash of insets_animation#24760
09-11 16:25:11.018 D/WindowManager( 1049): makeSurface duration=1 leash=Surface(name=Surface(name=50debd8 NavigationBar0)/@0x8139047 - animation-leash of insets_animation)/@0x45bfd8f
09-11 16:25:11.018 D/InsetsSourceProvider( 1049): updateControlForTarget: control=InsetsSourceControl: {29220001 mType=navigationBars initiallyVisible mSurfacePosition=Point(0, 2205) mInsetsHint=Insets{left=0, top=0, right=0, bottom=42}}, target=Window{e6b8bdb u0 (3-3)-Window{a648dac alpha=1.0 fl=}}, from=com.android.server.wm.InsetsStateController.onControlTargetChanged:81 com.android.server.wm.InsetsPolicy.updateBarControlTarget:176 com.android.server.wm.DisplayPolicy.updateSystemBarAttributes:281 com.android.server.wm.WindowManagerService.updateFocusedWindowLocked:375 com.android.server.wm.WindowManagerService.relayoutWindowInner:142 
09-11 16:25:11.019 D/WindowManager( 1049): updateSystemBarAttributes: displayId=0, focusedCanBeNavColorWin=false, win=Window{e6b8bdb u0 (3-3)-Window{a648dac alpha=1.0 fl=}}, navColorWin=Window{e6b8bdb u0 (3-3)-Window{a648dac alpha=1.0 fl=}}, caller=com.android.server.wm.WindowManagerService.updateFocusedWindowLocked:375 com.android.server.wm.WindowManagerService.relayoutWindowInner:142 com.android.server.wm.WindowManagerService.relayoutWindow:6 
09-11 16:25:11.019 D/WindowManager( 1049): updateSystemBarAttributes, bhv=1, apr=0, statusBarAprRegions=[AppearanceRegion{ bounds=[0,0][1080,2340]}], requestedVisibilities=-9
09-11 16:25:11.019 V/SystemKeyManager( 1049): updateFocusedWindow() is called, (3-3)-Window{a648dac alpha=1.0 fl=}
09-11 16:25:11.019 V/WindowManager( 1049): Relayout hash=e6b8bdb, pid=0, syncId=-1: mAttrs={(0,0)(fillxfill) gr=LEFT CENTER_HORIZONTAL sim={adjust=resize} layoutInDisplayCutoutMode=always ty=DRAWN_APPLICATION fmt=TRANSPARENT wanim=0x1030301
09-11 16:25:11.019 V/WindowManager( 1049):   fl=81850100
09-11 16:25:11.019 V/WindowManager( 1049):   pfl=10008840
09-11 16:25:11.019 V/WindowManager( 1049):   bhv=1
09-11 16:25:11.019 V/WindowManager( 1049):   fitSides=0
09-11 16:25:11.019 V/WindowManager( 1049):   frameRateBoostOnTouch=true
09-11 16:25:11.019 V/WindowManager( 1049):   dvrrWindowFrameRateHint=true
09-11 16:25:11.019 V/WindowManager( 1049):  dimAmount=0.0 naviIconColor=0}
