09-11 16:25:15.522 I/PowerManagerService( 1049): [PWL] can not change uid =  10291
09-11 16:25:16.003 D/io_stats(  460): !@   8,0 r 26831111 465357199 w 3795216 68750580 d 441066 51600152 f 202029 583982 iot 12646756 0 th 0 0 0 pt 0 inp 0 0 111195.332
09-11 16:25:16.300 E/BatteryDump(  705): !@new_battery_dump : 4444,655,3000,3150,97,307,310,361,0,0,338,361,0,Charging,NO_CHARGING,Normal,Good,PDIC,0,Normal,0,0,9257,0x0,0x10010000,0x0,0,0,0000,0000,00000000,0,0,0,0,1,4374,9660,990,0,
09-11 16:25:16.316 I/sehhealth-service(  705): updateLrpSysfs: write: 338
09-11 16:25:16.350 D/PowerManagerService( 1049): UserActivityStateListenerState: 0
09-11 16:25:16.438 I/VRI[LauncherActivity]@e283ed9( 2316): call setFrameRateCategory for touch hint category=no preference, reason=boost timeout, vri=VRI[LauncherActivity]@e283ed9
09-11 16:25:16.451 I/SurfaceFlinger(  747): [com.sec.android.app.launcher/com.sec.android.app.launcher.activities.LauncherActivity$_2316#24731] setFrameRateCategory: NoPreference
09-11 16:25:16.459 I/NSLocationMonitor( 1049): getGPSUsingApps() called
09-11 16:25:16.460 I/NSLocationManager_FLP( 2410): getGPSUsingApps, No change
09-11 16:25:16.483 D/FreecessController( 1049): com.facebook.katana(state: Frozen -> Initial, Reason: Signal)
09-11 16:25:16.485 D/InetDiagMessage( 1049): Destroyed 0 sockets, proto=IPPROTO_TCP, family=AF_INET, states=14
09-11 16:25:16.488 D/InetDiagMessage( 1049): Destroyed 0 sockets, proto=IPPROTO_TCP, family=AF_INET6, states=14
09-11 16:25:16.489 D/InetDiagMessage( 1049): Destroyed live tcp sockets for uids={10291} in 6ms
09-11 16:25:16.491 D/InetDiagMessage( 1049): Destroyed 0 sockets, proto=IPPROTO_TCP, family=AF_INET, states=14
09-11 16:25:16.493 D/InetDiagMessage( 1049): Destroyed 0 sockets, proto=IPPROTO_TCP, family=AF_INET6, states=14
09-11 16:25:16.493 D/InetDiagMessage( 1049): Destroyed live tcp sockets for uids={20291} in 4ms
09-11 16:25:16.518 D/BoundBrokerSvc( 1753): onBind: Intent { act=com.google.android.gms.chromesync.service.firstparty.START dat=chimera-action:/... cmp=com.google.android.gms/.chimera.GmsApiService }
09-11 16:25:16.518 D/BoundBrokerSvc( 1753): Loading bound service for intent: Intent { act=com.google.android.gms.chromesync.service.firstparty.START dat=chimera-action:/... cmp=com.google.android.gms/.chimera.GmsApiService }
09-11 16:25:16.645 I/SyncManager( 1753): (REDACTED) Executing sync(type=%s%s)
09-11 16:25:16.659 I/SyncManager( 1753): (REDACTED) Executing sync(type=%s) finished in %s
09-11 16:25:16.758 D/WifiConnectivityMonitor( 1049): start WCM Poll.
09-11 16:25:16.763 D/WifiConnectivityMonitor( 1049): Register WifiLinkQualityMonitorCallback
09-11 16:25:16.765 I/SemWifiLinkQualityMonitor( 1049): LQ callback registered
09-11 16:25:16.767 I/SemWifiLinkQualityMonitor( 1049): LQ L2 callback initialized: 0 / N / Y
09-11 16:25:16.793 D/SemWifiUsabilityStatsMonitor( 1049): onWifiUsabilityStats - seqNum 7264, isSameBssidAndFreq true
09-11 16:25:16.796 I/SemWifiLinkQualityMonitor( 1049): Link stat: 2976 / 0 / 1.00 (14) / 433 / -39.0 || 100.0 : 433.00 / 0.5 : 1.00 / 0.55 : 0.00 / G (G) || b82e08c85220: 0.090 / 88.421 /  / N || N N / 0 / N 2.0 / N 0 / 111196122 0
09-11 16:25:17.096 I/BtGatt.ScanHelper( 2000): onScanResult to scannerId: 5- eventType=0x10, addressType=1, address=XX:XX:XX:XX:0C:E6, primaryPhy=1, secondaryPhy=0, advertisingSid=0xff, txPower=127, rssi=-96, periodicAdvInt=0x0
09-11 16:25:17.098 I/NearbyConnections(27881): Found BleAdvertisement [ 0x23 0x38 0x52 0x57 0x36 0x11 0x32 0xb9 0x6e 0x71 0x55 0x5c 0xd6 0x93 0x65 0xa0 0xa0 0xd1 0xa5 0x8d 0x00 0x2e 0x77 ] (with EndpointId 8RW6 and EndpointInfo [ 0x32 0xb9 0x6e 0x71 0x55 0x5c 0xd6 0x93 0x65 0xa0 0xa0 0xd1 0xa5 0x8d 0x00 0x2e 0x77 ])
09-11 16:25:17.100 I/NearbyConnections(27881): Unable to record discovered endpoint due to null currentDiscoveryPhase
09-11 16:25:17.100 I/NearbyConnections(27881): ClientProxy(92639430) reporting onEndpointFound(8RW6)
09-11 16:25:17.100 I/NearbyConnections(27881): ClientProxy(92639430) reporting onEndpointDistanceChanged(8RW6, UNKNOWN)
09-11 16:25:17.102 I/NearbySharing(27881): NearbySharing Internal event EndpointDiscovered(endpointId=8RW6)
09-11 16:25:17.144 I/system_server( 1049): Background concurrent mark compact GC freed 23MB AllocSpace bytes, 93(1976KB) LOS objects, 20% free, 92MB/116MB, paused 2.003ms,8.153ms total 351.075ms
09-11 16:25:17.151 I/BpBinder( 1049): onLastStrongRef automatically unlinking death recipients: 
09-11 16:25:17.165 W/System  ( 1049): A resource failed to call HardwareBuffer.close. 
09-11 16:25:17.282 D/InputReader( 1049): Btn_touch(3): value=1 when=111196.610447
09-11 16:25:17.282 I/InputReader( 1049): Touch event's action is 0x0 (id=5, t=0) [pCnt=1, s=0.7432 ] when=111196.610447
09-11 16:25:17.284 I/InputDispatcher( 1049): Delivering touch to (1587): action: 0x4, f=0x0, d=0, '50debd8', t=1 
09-11 16:25:17.285 I/InputDispatcher( 1049): Delivering touch to (3107): action: 0x4, f=0x0, d=0, 'e6b8bdb', t=1 
09-11 16:25:17.285 I/InputDispatcher( 1049): Delivering touch to (2316): action: 0x0, f=0x0, d=0, '1f5a5af', t=1 
09-11 16:25:17.285 I/VRI[LauncherActivity]@e283ed9( 2316): ViewPostIme pointer 0
09-11 16:25:17.286 I/HoneySpace.AppscreenContainerView( 2316): findActiveTouchController ev = 0
09-11 16:25:17.286 I/HoneySpace.AppscreenHomeTouchController( 2316): onControllerInterceptTouchEvent ev = 0
09-11 16:25:17.286 I/HoneySpace.AppscreenHomeTouchController( 2316): canIntercept = false
09-11 16:25:17.286 I/HoneySpace.ApplistFastRecyclerView( 2316): dispatchTouchEvent() event.action=0
09-11 16:25:17.287 I/HoneySpace.ApplistFastRecyclerView( 2316): processDownMotionEvent, index = 0, id = 0
09-11 16:25:17.287 I/HoneySpace.ApplistFastRecyclerView( 2316): initTouchPoint, index = 0, id = 0
09-11 16:25:17.287 I/HoneySpace.ApplistFastRecyclerView( 2316): processDownMotionEvent, index = 0, id = 0
09-11 16:25:17.287 I/VRI[LauncherActivity]@e283ed9( 2316): call setFrameRateCategory for touch hint category=high hint, reason=touch, vri=VRI[LauncherActivity]@e283ed9
09-11 16:25:17.288 D/PowerManagerService( 1049): [api] userActivityFromNative : touch displayId=0 eventTime=111196610
09-11 16:25:17.289 D/PowerManagerService( 1049): UserActivityStateListenerState: 1
09-11 16:25:17.289 I/HoneySpace.RegionManagerImpl( 2316): getRegionType called with: x = 432.0, y = 2339.0, type=SEARCLE
09-11 16:25:17.289 I/HoneySpace.RegionManagerImpl( 2316): getRegionType() called with: x = 432.0, y = 2339.0, type=SEARCLE
09-11 16:25:17.289 W/HoneySpace.RecentsAnimationState( 2316): canStartSystemGesture, return true by !isHomeDisabled
09-11 16:25:17.290 I/GestureDetector( 1049): obtain mCurrentDownEvent. id: 985546752 caller: com.android.server.wm.SystemGesturesPointerEventListener.onPointerEvent:17 com.android.server.wm.PointerEventDispatcher.onInputEvent:51 android.view.InputEventReceiver.dispatchInputEvent:385 
09-11 16:25:17.291 I/GestureDetector( 1049): obtain mCurrentDownEvent. id: 985546752 caller: com.android.server.wm.SystemPerformancePointerEventListener.onPointerEvent:13 com.android.server.wm.PointerEventDispatcher.onInputEvent:51 android.view.InputEventReceiver.dispatchInputEvent:385 
09-11 16:25:17.291 I/SemDvfsHyPerManager( 3725): acquire hyper - TATouchBoost/3725@21, type = -999
09-11 16:25:17.293 I/HYPER-HAL(  689): [RequestManager.cpp]acquire(): Acquired ID : 7018152  [3725 / 21]    HINT :      list : [TABoost / 1] [TIMEOUT / 1500] 
09-11 16:25:17.294 I/HoneySpace.RegionManagerImpl( 2316): getRegionType called with: x = 432.0, y = 2339.0, type=SEARCLE
09-11 16:25:17.294 I/SurfaceFlinger(  747): [com.sec.android.app.launcher/com.sec.android.app.launcher.activities.LauncherActivity$_2316#24731] setFrameRateCategory: HighHint
09-11 16:25:17.296 I/VSyncReactor(  747): Current= 90, Period= 90, hwcPeriod= 90
09-11 16:25:17.297 I/HoneySpace.GestureInputHandler( 2316): inputConsumers = [com.honeyspace.gesture.inputconsumer.SearcleInputConsumer@a72aa57, com.honeyspace.gesture.inputconsumer.HomeScreenInputConsumer@9033944]
09-11 16:25:17.298 I/HoneySpace.RegionManagerImpl( 2316): getRegionType called with: x = 432.0, y = 2339.0, type=SEARCLE
09-11 16:25:17.298 I/HoneySpace.InputSession( 2316): inputConsumers = SearcleInputConsumer|HomeScreenInputConsumer
09-11 16:25:17.300 I/HoneySpace.InputSession( 2316): open
09-11 16:25:17.300 I/GestureDetector( 1049): obtain mCurrentMotionEventRaw. action: 2 id: 639546450
09-11 16:25:17.300 I/GestureDetector( 1049): obtain mCurrentMotionEventRaw. action: 2 id: 639546450
09-11 16:25:17.302 I/HoneySpace.SystemUiProxyImpl( 2316): startHintVI, id = 1
09-11 16:25:17.302 I/GestureDetector( 2316): obtain mCurrentDownEvent. id: 985546752 caller: com.honeyspace.gesture.motiondetector.GestureMotionDetector.onTouchEvent:7 com.honeyspace.gesture.session.InputSession.onMotionEvent:157 com.honeyspace.gesture.GestureInputHandler.inputHandle:197 
09-11 16:25:17.302 I/HoneySpace.GestureMotionDetector( 2316): onDown
09-11 16:25:17.302 I/HoneySpace.SearcleInputConsumer( 2316): startSearcle
09-11 16:25:17.303 D/OverviewProxyService( 1587): startSearcle
09-11 16:25:17.303 D/Navbar.Store( 1587): handleEvent(0) StartBottomGestureHintVI(hintId=1) [Module] OverviewProxyService
09-11 16:25:17.303 D/Navbar.Store( 1587): --[Band]GESTURE_PACK_START_HINT_VI
09-11 16:25:17.303 D/Navbar.Store( 1587): ----apply(0) NavBarStoreAction$StartHintVI
09-11 16:25:17.304 D/SearcleManager( 1587): startSearcleByHomeKey down = true, longPress = false
09-11 16:25:17.305 I/HoneySpace.HintStateAnimationHelper( 2316): start
09-11 16:25:17.307 I/HoneySpace.TaskBooster( 2316): tick TASK_BOOST: 2316/800
09-11 16:25:17.317 I/GestureDetector( 2316): obtain mCurrentMotionEventRaw. action: 2 id: 639546450
09-11 16:25:17.317 I/HoneySpace.AppscreenContainerView( 2316): findActiveTouchController ev = 2
09-11 16:25:17.318 I/HoneySpace.AppscreenHomeTouchController( 2316): onControllerInterceptTouchEvent ev = 2
09-11 16:25:17.318 I/HoneySpace.ApplistFastRecyclerView( 2316): updateIsBeingDraggedOnTouchDown touchSlop:23, diff:0, moved:false, useLongTouchSlop:false
09-11 16:25:17.328 I/HoneySpace.AppscreenContainerView( 2316): findActiveTouchController ev = 2
09-11 16:25:17.328 I/HoneySpace.AppscreenHomeTouchController( 2316): onControllerInterceptTouchEvent ev = 2
09-11 16:25:17.328 I/HoneySpace.ApplistFastRecyclerView( 2316): updateIsBeingDraggedOnTouchDown touchSlop:23, diff:0, moved:false, useLongTouchSlop:false
09-11 16:25:17.339 I/HoneySpace.GestureMotionDetector( 2316): onScroll, angle = 86.6
09-11 16:25:17.340 I/HoneySpace.GestureMotionDetector( 2316): onScroll, SwipeUp(event=MotionEvent { action=ACTION_MOVE, actionButton=0, id[0]=0, x[0]=428.0, y[0]=2271.0, toolType[0]=TOOL_TYPE_FINGER, buttonState=0, classification=NONE, metaState=0, flags=0x0, edgeFlags=0x0, pointerCount=1, historySize=1, eventTime=111196664, downTime=111196610, deviceId=5, source=0x1002, displayId=0, eventId=135646444 }, angle=86.6)
09-11 16:25:17.340 I/HoneySpace.InputSession( 2316): inputConsumer activated: HomeScreenInputConsumer
09-11 16:25:17.340 E/RefreshRateSelector(  747): Can't find HRR max refresh rate by policy with the same group 0
09-11 16:25:17.341 I/HoneySpace.InputMonitorProxyImpl( 2316): pilferPointers com.android.systemui.shared.system.InputMonitorCompat@7f84239
09-11 16:25:17.342 D/InputDispatcher( 1049): Cancel for '1f5a5af': input channel stole pointer stream, m=1
09-11 16:25:17.343 I/InputDispatcher( 1049): Delivering touch to (2316): action: 0x3, f=0x20, d=0, '1f5a5af', t=1 
09-11 16:25:17.343 D/InputDispatcher( 1049): Cancel for '53e5867': input channel stole pointer stream, m=1
09-11 16:25:17.344 I/HoneySpace.AppscreenContainerView( 2316): findActiveTouchController ev = 3
09-11 16:25:17.344 I/HoneySpace.AppscreenHomeTouchController( 2316): onControllerInterceptTouchEvent ev = 3
09-11 16:25:17.344 I/HoneySpace.ApplistFastRecyclerView( 2316): onTouchEvent(MotionEvent.ACTION_CANCEL) isPageScrolling: false, isScrolling: false
09-11 16:25:17.345 I/HoneySpace.ApplistFastRecyclerView( 2316): Touch Pos(ApplistFastRecyclerView) : D-(432, 111196616)-D-(432, 111196616)-M-(432, 111196645)-M-(432, 111196656)-C-(428, 111196667)-End
09-11 16:25:17.345 I/HoneySpace.ApplistFastRecyclerView( 2316): resetTouchState
09-11 16:25:17.348 I/InputDispatcher( 1049): Channel [Gesture Monitor] swipe-up (server) is stealing input gesture for device 5 from [1f5a5af com.sec.android.app.launcher/com.sec.android.app.launcher.activities.LauncherActivity, 53e5867 com.android.systemui.wallpapers.ImageWallpaper, [Gesture Monitor] secinputdev, [Gesture Monitor] edge-swipe, [Gesture Monitor] PalmMotion]
09-11 16:25:17.353 D/WindowManager( 1049): requestTransientBars: swipeTarget=Window{50debd8 u0 NavigationBar0}, controlTarget=Window{1f5a5af u0 com.sec.android.app.launcher/com.sec.android.app.launcher.activities.LauncherActivity}, canShowTransient=true, restorePositionTypes=0x3, from=com.android.server.wm.DisplayPolicy$1.onSwipeFromBottom:21 com.android.server.wm.SystemGesturesPointerEventListener.onPointerEvent:566 
09-11 16:25:17.362 I/HoneySpace.GestureMotionDetector( 2316): onScroll, ACTION_DRAG
09-11 16:25:17.362 I/HoneySpace.SearcleInputConsumer( 2316): cancelSearcle
09-11 16:25:17.362 D/OverviewProxyService( 1587): cancelSearcle
09-11 16:25:17.363 D/SearcleManager( 1587): startSearcleByHomeKey down = false, longPress = false
09-11 16:25:17.364 D/SearcleManager( 1587): startSearcleByHomeKey currentDownCount = 10 tipShownCount = 2 
09-11 16:25:17.364 D/SearcleManager( 1587): startSearcleByHomeKey isInstalledCTSApp = UNINSTALLED
09-11 16:25:17.372 I/HoneySpace.GestureMotionDetector( 2316): onScroll, ACTION_DRAG
09-11 16:25:17.383 I/HoneySpace.GestureMotionDetector( 2316): onScroll, ACTION_DRAG
09-11 16:25:17.390 I/SemDvfsHyPerManager( 3725): acquire hyper - TATouchBoost/3725@21, type = -999
09-11 16:25:17.390 I/HYPER-HAL(  689): [RequestManager.cpp]acquire(): Acquired ID : 7018152  [3725 / 21]    HINT :      list : [TABoost / 1] [TIMEOUT / 1500] 
09-11 16:25:17.394 I/HoneySpace.GestureMotionDetector( 2316): onScroll, ACTION_DRAG
09-11 16:25:17.406 I/HoneySpace.GestureMotionDetector( 2316): onScroll, ACTION_DRAG
09-11 16:25:17.411 I/bkds    ( 3107): Closing streaming connection
09-11 16:25:17.413 D/InputReader( 1049): Btn_touch(3): value=0 when=111196.741729
09-11 16:25:17.414 I/InputReader( 1049): Touch event's action is 0x1 (id=5, t=0) [pCnt=1, s=] when=111196.741729
09-11 16:25:17.419 I/HoneySpace.SystemUiProxyImpl( 2316): resetHintVI
09-11 16:25:17.421 D/Navbar.Store( 1587): handleEvent(0) ResetBottomGestureHintVI(noArguments=true) [Module] OverviewProxyService
09-11 16:25:17.421 D/Navbar.Store( 1587): --[Band]GESTURE_PACK_RESET_HINT_VI
09-11 16:25:17.421 I/HoneySpace.GestureMotionDetector( 2316): onFling, FlingUp(event=MotionEvent { action=ACTION_UP, actionButton=0, id[0]=0, x[0]=501.0, y[0]=2033.0, toolType[0]=TOOL_TYPE_FINGER, buttonState=0, classification=NONE, metaState=0, flags=0x0, edgeFlags=0x0, pointerCount=1, historySize=0, eventTime=111196741, downTime=111196610, deviceId=5, source=0x1002, displayId=0, eventId=814649558 }, velocityX=1944.4294, velocityY=-3950.0916)
09-11 16:25:17.421 D/Navbar.Store( 1587): ----apply(0) NavBarStoreAction$ResetHintVI
09-11 16:25:17.421 I/HoneySpace.GestureMotionDetector( 2316): onTouchEvent, ACTION_UP
09-11 16:25:17.421 I/HoneySpace.MotionPauseDetector( 2316): clear
09-11 16:25:17.422 I/SemDvfsHyPerManager( 1049): acquire hyper - GESTURE_DETECTED_HRR/1049@25, type = -999
09-11 16:25:17.422 I/HoneySpace.SearcleInputConsumer( 2316): cancelSearcle
09-11 16:25:17.422 I/HoneySpace.HintStateAnimationHelper( 2316): touchUp
09-11 16:25:17.422 D/OverviewProxyService( 1587): cancelSearcle
09-11 16:25:17.422 I/SemDvfsHyPerManager( 1049): acquire hyper - GESTURE_DETECTED_HRR/1049@25, type = -999
09-11 16:25:17.423 I/SemDvfsHyPerManager( 1049): acquire hyper - SMOOTH_SCROLL/1049@23, type = -999
09-11 16:25:17.423 I/HoneySpace.OneUiSpace( 2316): onNewIntent() intent: Intent { (has extras) }
09-11 16:25:17.423 I/HYPER-HAL(  689): [RequestManager.cpp]acquire(): Acquired ID : 577300  [1049 / 25]    HINT : GESTURE_DETECTED_HRR    list : [TIMEOUT / 1574] 
09-11 16:25:17.424 D/SearcleManager( 1587): startSearcleByHomeKey down = false, longPress = false
09-11 16:25:17.424 D/SearcleManager( 1587): startSearcleByHomeKey currentDownCount = 10 tipShownCount = 2 
09-11 16:25:17.424 D/SearcleManager( 1587): startSearcleByHomeKey isInstalledCTSApp = UNINSTALLED
09-11 16:25:17.424 I/HoneySpace.OneUiSpace( 2316): isLaunchAllAppsAction() action: null, isHomeOnly: false, currentHoneyScreen: APPS
09-11 16:25:17.424 I/HoneySpace.HomescreenPot( 2316): onHomeKeyClick
09-11 16:25:17.424 I/HoneySpace.DiscoverPageMover( 2316): closeMinusOnePage : isSwipe true
09-11 16:25:17.425 I/HYPER-HAL(  689): [RequestManager.cpp]acquire(): Acquired ID : 577300  [1049 / 25]    HINT : GESTURE_DETECTED_HRR    list : [TIMEOUT / 1574] 
09-11 16:25:17.425 D/VibratorManagerService( 1049): vibrate - uid: 10127, opPkg: com.sec.android.app.launcher, effect: Mono{mEffect=Composed{segments=[SemHaptic{mType=50124, mMagnitude=-1}], repeat=-1, mMagnitudeType=TYPE_TOUCH}}, attrs: VibrationAttributes{mUsage=TOUCH, mAudioUsage= USAGE_ASSISTANCE_SONIFICATION, mCategory=UNKNOWN, mFlags=0, tags=}, reason: null, token: android.os.BinderProxy@effce41
09-11 16:25:17.426 D/VibratorManagerService( 1049): converted usage = TOUCH(18)
09-11 16:25:17.426 D/VibratorManagerService( 1049): getPatternFrequencyByIndex(), index out of bound, mVibePatternHash:119, type:50124, index:100
09-11 16:25:17.426 D/VibratorManagerService( 1049): semDcVibrate : EFFECT_CLICK_RESERVED_DC(100), repeat: -1, usage: TOUCH(18), magnitude: 45
09-11 16:25:17.426 D/VibratorManagerService( 1049): Starting vibrate for vibration 1245
09-11 16:25:17.428 I/bkds    ( 3107): (REDACTED) Closed Connection: %s
09-11 16:25:17.429 I/HoneySpace.SALoggingUtils( 2316): SA Logging screenID: 201 eventId: 2006 detail: {det=2, Method=3} value: -1
09-11 16:25:17.429 I/HoneySpace.HoneySystemControllerImpl( 2316): minimizePopupWindows
09-11 16:25:17.430 I/HoneySpace.SearchHoneyPot( 2316): SearchHoneyPot onHomeKeyClick
09-11 16:25:17.433 I/HoneySpace.BackgroundManagerImpl( 2316): updateProperties[ch=33424689], com.honeyspace.sdk.HomeScreen$Normal@6a643bf, true
09-11 16:25:17.433 I/HoneySpace.BackgroundManagerImpl( 2316): updateDimColor[ch=33424689]
09-11 16:25:17.433 I/HoneySpace.BackgroundManagerImpl( 2316): updateLastDimAndBlur[ch=33424689]dim[0.0 -> 0.0] ,wBlur[0.0 -> 2.0
09-11 16:25:17.433 I/HoneySpace.BackgroundManagerImpl( 2316): updateLastState[33424689]: com.honeyspace.sdk.AppScreen$Normal@750eb5c -> com.honeyspace.sdk.HomeScreen$Normal@6a643bf
09-11 16:25:17.433 I/HoneySpace.CapturedBlurViewModel( 2316): shouldUpdateWallpaperBlur : needToUpdateWallpaper = false, needToUpdateWallpaperBlur = false, capture = nonNull, isOrientationChanged() = false, isDisplayChanged() = false, isLiveWallpaper = false
09-11 16:25:17.433 I/HoneySpace.CapturedBlurViewModel( 2316): updateWallpaperBlur() already captured
09-11 16:25:17.433 I/HoneySpace.AppscreenPot( 2316): onPlayStarted com.honeyspace.sdk.HomeScreen$Normal@6a643bf
09-11 16:25:17.433 I/HoneySpace.HoneyScreenManagerImpl( 2316): stopAppClosing
09-11 16:25:17.433 I/HoneySpace.HoneyScreenManagerImpl( 2316): start state transition: s3.Z@3933a47
09-11 16:25:17.433 I/HoneySpace.HomescreenPot( 2316): show state: com.honeyspace.sdk.HomeScreen$Normal@6a643bf  screenShow: false
09-11 16:25:17.433 I/HoneySpace.HomescreenViewModel( 2316): resetProgress
09-11 16:25:17.434 I/HoneySpace.HomescreenPot( 2316): update SystemUI, changedState = com.honeyspace.sdk.HomeScreen$Normal@6a643bf
09-11 16:25:17.435 D/VibrationThread( 1049): Playing vibration id 1245 StartSequentialEffectStep
09-11 16:25:17.435 D/VibrationThread( 1049): StartSequentialEffectStep for effect #0
09-11 16:25:17.435 D/VibrationThread( 1049): Running amplitude step with 0ms latency.
09-11 16:25:17.435 D/VibrationThread( 1049): Turning on vibrator 0 for 45ms
09-11 16:25:17.435 I/HoneySpace.SystemUIControlUtils( 2316): updateSystemUI, show: true, type: statusBars navigationBars, forLauncher: true
09-11 16:25:17.435 I/HoneySpace.WhiteBgColorUpdater( 2316): changeWhiteBgSystemUIColor, com.android.internal.policy.DecorView{7789ba2 V.E...... R....... 0,0-1080,2340 aid=5}[LauncherActivity], type = 2, supportWhiteBg = true, forced = false, fromHoneyType = homescreen, darkStatusBar = 0, darkNavigationBar = false
09-11 16:25:17.435 I/HoneySpace.WhiteBgColorChanger( 2316): changeStatusBarColor, view = com.android.internal.policy.DecorView{7789ba2 V.E...... R....... 0,0-1080,2340 aid=5}[LauncherActivity], isDarkColor = false
09-11 16:25:17.435 I/HoneySpace.WhiteBgColorUpdater( 2316): changeWhiteBgSystemUIColor, com.android.internal.policy.DecorView{7789ba2 V.E...... R....... 0,0-1080,2340 aid=5}[LauncherActivity], type = 3, supportWhiteBg = true, forced = false, fromHoneyType = homescreen, darkStatusBar = 0, darkNavigationBar = false
09-11 16:25:17.435 I/HoneySpace.WhiteBgColorChanger( 2316): changeNavigationBarColor, view = com.android.internal.policy.DecorView{7789ba2 V.E...... R....... 0,0-1080,2340 aid=5}[LauncherActivity], isDarkColor = false
09-11 16:25:17.436 I/HoneySpace.HoneyScreenManagerImpl( 2316): show HOME
09-11 16:25:17.436 I/HoneySpace.BackgroundManagerImpl( 2316): setProgress: com.honeyspace.sdk.HomeScreen$Normal@6a643bf, p=0.0, ch=33424689, open=true
09-11 16:25:17.436 I/HoneySpace.BackgroundManagerImpl( 2316): setProgressToScrimView[ch=33424689]: progress = 0.0, dim = 0.0, currentDimAlpha={9466786=0.0, 253430514=0.0, 33424689=0.0}
09-11 16:25:17.436 I/HoneySpace.BackgroundManagerImpl( 2316): setProgressToBlurView[ch=33424689, st =  com.honeyspace.sdk.HomeScreen$Normal@6a643bf, progress = 0.0, wb= 2.0]
09-11 16:25:17.436 E/SecVibrator-HAL-AIDL-CORE(  713): V_2_0: Vibrator on for timeoutMs: 45
09-11 16:25:17.436 E/SecVibrator-HAL-AIDL-CORE(  713): HW_API: do_on for timeoutMs: 45
09-11 16:25:17.436 E/SecVibrator-HAL-AIDL-CORE(  713): HW_API: >> writeNode node:/timed_output/vibrator/enable val:45
09-11 16:25:17.437 I/HoneySpace.HintStateAnimationHelper( 2316): backInPlace
09-11 16:25:17.437 I/HoneySpace.GestureInputHandler( 2316): reset
09-11 16:25:17.437 I/HoneySpace.InputSession( 2316): close
09-11 16:25:17.438 E/SecVibrator-HAL-AIDL-CORE(  713): HW_API: << writeNode node OK : 3
09-11 16:25:17.440 I/HoneySpace.BackgroundManagerImpl( 2316): setProgress: com.honeyspace.sdk.HomeScreen$Normal@6a643bf, p=0.0, ch=33424689, open=true
09-11 16:25:17.440 I/HoneySpace.BackgroundManagerImpl( 2316): setProgressToScrimView[ch=33424689]: progress = 0.0, dim = 0.0, currentDimAlpha={9466786=0.0, 253430514=0.0, 33424689=0.0}
09-11 16:25:17.440 I/HoneySpace.BackgroundManagerImpl( 2316): setProgressToBlurView[ch=33424689, st =  com.honeyspace.sdk.HomeScreen$Normal@6a643bf, progress = 0.0, wb= 2.0]
09-11 16:25:17.444 D/MotionRecognitionService( 1049): inject vibrator info = 1.0
09-11 16:25:17.445 I/Dc.AppErrorDialogActivity(19005): receive android.intent.action.CLOSE_SYSTEM_DIALOGS
09-11 16:25:17.445 I/SensorsHub(  675): SensorBase::injectSensorData: LSM6DSOTR Accelerometer default injection, type=268435461
09-11 16:25:17.447 I/Dc.AppErrorDialogActivity(19005): receive android.intent.action.CLOSE_SYSTEM_DIALOGS
09-11 16:25:17.448 V/ShellDragAndDrop( 1587): Receive android.intent.action.CLOSE_SYSTEM_DIALOGS
09-11 16:25:17.448 D/PopupUI.PopupUI( 1587): PopupUIReceiver.onReceive() action : android.intent.action.CLOSE_SYSTEM_DIALOGS
09-11 16:25:17.449 V/ShellDragAndDrop( 1587): Do not update drop target window visibility: window is already set to 4.
09-11 16:25:17.449 D/SimTrayProtectionViewModel( 1587): dismiss : isFoldedState()falseisRemoveSimtray() : true
09-11 16:25:17.450 D/LocationControllerImpl( 1587): onReceive() = android.intent.action.CLOSE_SYSTEM_DIALOGS
09-11 16:25:17.450 W/SmApplication(19005): onTrimMemory : 40
09-11 16:25:17.450 I/DC.AppIconCache(19005): clear icon cache
09-11 16:25:17.450 D/SecVolume.VolumePanelStore( 1587): dispatch [ACTION_DISMISS_REQUESTED with [STATE_NO_DISPATCH], currentAction={isFromOutside : true}, currentState={activeStream=3(vol=1400), stream=3(vol=1400) } isHasVibrator : true, isSetupWizardComplete : true, isCaptionComponentEnabled : true, isVoiceCapable : true, isMediaDefaultEnabled : true, stream : 3, earProtectLevel : 909, activeStream : 3, timeOutControls : 0, pinDevice : 0, iconTargetState : 2, timeOutControlsText : 0, cutoutHeight : 96, timeOut : 3000, iconCurrentState : 2, ringerModeInternal : 2, systemTimeNow : 109497617}
09-11 16:25:17.450 W/SmApplication(19005): onTrimMemory : 40
09-11 16:25:17.451 I/DC.AppIconCache(19005): clear icon cache
09-11 16:25:17.451 D/SecVolume.VolumePanelStore( 1587):   > New State : [STATE_NO_DISPATCH]
09-11 16:25:17.457 I/HoneySpace.BackgroundViewAlphaUpdater( 2316): setAlpha: 1.0
09-11 16:25:17.459 I/HoneySpace.OneUiSpace( 2316): received close system dialog reason=homekey
09-11 16:25:17.462 I/HoneySpace.BackgroundViewAlphaUpdater( 2316): setAlpha: 1.0
09-11 16:25:17.468 I/cn_CronetUrlRequestContext( 3107): destroyNativeStreamLocked org.chromium.net.impl.CronetBidirectionalStream@8dc7b72
09-11 16:25:17.472 I/HoneySpace.BackgroundViewAlphaUpdater( 2316): setAlpha: 1.0
09-11 16:25:17.473 I/bkck    ( 3107): onCompletion
09-11 16:25:17.475 W/bkds    ( 3107): Not reconnecting... not supposed to be connected
09-11 16:25:17.480 D/VibrationThread( 1049): Playing vibration id 1245 on vibrator 0 CompleteEffectVibratorStep
09-11 16:25:17.480 D/VibrationThread( 1049): Running complete vibration step on vibrator 0
09-11 16:25:17.480 D/VibrationThread( 1049): Playing vibration id 1245 on vibrator 0 TurnOffVibratorStep
09-11 16:25:17.480 D/VibrationThread( 1049): Turning off vibrator 0
09-11 16:25:17.480 E/SecVibrator-HAL-AIDL-CORE(  713): V_2_0: Vibrator off
09-11 16:25:17.480 E/SecVibrator-HAL-AIDL-CORE(  713): HW_API: do_off
09-11 16:25:17.480 E/SecVibrator-HAL-AIDL-CORE(  713): HW_API: >> writeNode node:/timed_output/vibrator/enable val:0
09-11 16:25:17.481 E/SecVibrator-HAL-AIDL-CORE(  713): HW_API: << writeNode node OK : 2
09-11 16:25:17.483 D/VibratorManagerService( 1049): Vibration 1245 finished with EndInfo{status=FINISHED, endedBy=null}
09-11 16:25:17.483 D/VibratorManagerService( 1049): Reporting vibration 1245 finished with EndInfo{status=FINISHED, endedBy=null}
09-11 16:25:17.483 D/VibratorManagerService( 1049): Vibration for uid=10127 and with attrs=VibrationAttributes{mUsage=TOUCH, mAudioUsage= USAGE_UNKNOWN, mCategory=UNKNOWN, mFlags=0, tags=} ended with status FINISHED
09-11 16:25:17.484 D/VibrationThread( 1049): Playing vibration id 1245 FinishSequentialEffectStep (cleanup)
09-11 16:25:17.484 D/VibrationThread( 1049): FinishSequentialEffectStep for effect #0
09-11 16:25:17.484 I/HoneySpace.BackgroundViewAlphaUpdater( 2316): setAlpha: 1.0
09-11 16:25:17.486 D/VibratorManagerService( 1049): VibrationThread released after finished vibration
09-11 16:25:17.486 D/VibratorManagerService( 1049): Processing VibrationThread released callback
09-11 16:25:17.495 I/HoneySpace.BackgroundViewAlphaUpdater( 2316): setAlpha: 0.94910383
09-11 16:25:17.506 I/HoneySpace.BackgroundViewAlphaUpdater( 2316): setAlpha: 0.8214495
09-11 16:25:17.519 I/HoneySpace.BackgroundViewAlphaUpdater( 2316): setAlpha: 0.6958468
09-11 16:25:17.528 I/HoneySpace.BackgroundViewAlphaUpdater( 2316): setAlpha: 0.5925925
09-11 16:25:17.539 I/HoneySpace.BackgroundViewAlphaUpdater( 2316): setAlpha: 0.50009394
09-11 16:25:17.550 I/HoneySpace.BackgroundViewAlphaUpdater( 2316): setAlpha: 0.41775942
09-11 16:25:17.561 I/HoneySpace.BackgroundViewAlphaUpdater( 2316): setAlpha: 0.3449973
09-11 16:25:17.573 I/HoneySpace.BackgroundViewAlphaUpdater( 2316): setAlpha: 0.2812159
09-11 16:25:17.584 I/HoneySpace.BackgroundViewAlphaUpdater( 2316): setAlpha: 0.22582412
09-11 16:25:17.595 I/HoneySpace.BackgroundViewAlphaUpdater( 2316): setAlpha: 0.17822993
09-11 16:25:17.606 I/HoneySpace.BackgroundViewAlphaUpdater( 2316): setAlpha: 0.13784206
09-11 16:25:17.617 I/HoneySpace.BackgroundViewAlphaUpdater( 2316): setAlpha: 0.104068756
09-11 16:25:17.628 I/HoneySpace.BackgroundViewAlphaUpdater( 2316): setAlpha: 0.07407403
09-11 16:25:17.639 I/HoneySpace.BackgroundViewAlphaUpdater( 2316): setAlpha: 0.052219987
09-11 16:25:17.650 I/HoneySpace.BackgroundViewAlphaUpdater( 2316): setAlpha: 0.03515196
09-11 16:25:17.661 I/HoneySpace.BackgroundViewAlphaUpdater( 2316): setAlpha: 0.022278786
09-11 16:25:17.672 I/HoneySpace.BackgroundViewAlphaUpdater( 2316): setAlpha: 0.0130085945
09-11 16:25:17.684 I/HoneySpace.BackgroundViewAlphaUpdater( 2316): setAlpha: 0.0067499876
09-11 16:25:17.695 I/HoneySpace.BackgroundViewAlphaUpdater( 2316): setAlpha: 0.0029114485
09-11 16:25:17.706 I/HoneySpace.BackgroundViewAlphaUpdater( 2316): setAlpha: 9.012222E-4
09-11 16:25:17.717 I/HoneySpace.BackgroundViewAlphaUpdater( 2316): setAlpha: 9.858608E-5
09-11 16:25:17.730 I/HoneySpace.BackgroundManagerImpl( 2316): setProgress: com.honeyspace.sdk.HomeScreen$Normal@6a643bf, p=1.0, ch=33424689, open=true
09-11 16:25:17.730 I/HoneySpace.BackgroundManagerImpl( 2316): setProgressToScrimView[ch=33424689]: progress = 1.0, dim = 0.0, currentDimAlpha={9466786=0.0, 253430514=0.0, 33424689=0.0}
09-11 16:25:17.730 I/HoneySpace.BackgroundViewAlphaUpdater( 2316): setAlpha: 0.0
09-11 16:25:17.730 I/HoneySpace.BackgroundManagerImpl( 2316): setProgressToBlurView[ch=33424689, st =  com.honeyspace.sdk.HomeScreen$Normal@6a643bf, progress = 1.0, wb= 0.0]
09-11 16:25:17.730 I/HoneySpace.HoneyScreenManagerImpl( 2316): gotoScreenWithAnimation shouldOpen doOnEnd: HOME
09-11 16:25:17.730 I/HoneySpace.HoneyScreenManagerImpl( 2316): setPreviousState: com.honeyspace.sdk.HomeScreen$Normal@6a643bf
09-11 16:25:17.730 I/HoneySpace.HoneyScreenManagerImpl( 2316): Hide APPS
09-11 16:25:17.730 I/HoneySpace.ContentsAnimator( 2316): end call
09-11 16:25:17.730 I/HoneySpace.AppscreenPot( 2316): hide
09-11 16:25:17.730 I/HoneySpace.AppscreenPot( 2316): changeState currentHoneyState: com.honeyspace.sdk.AppScreen$Normal@750eb5c changedState: com.honeyspace.sdk.AppScreen$Normal@750eb5c
09-11 16:25:17.730 I/HoneySpace.ApplistFastRecyclerView( 2316): setCurrentPage() currentPage: 0, getNextPage: 0
09-11 16:25:17.731 I/HoneySpace.PageIndicatorViewModel( 2316): updateTargetPage 0
09-11 16:25:17.731 I/HoneySpace.HomescreenPot( 2316): onShown, showHoneyState = com.honeyspace.sdk.HomeScreen$Normal@6a643bf
09-11 16:25:17.731 I/HoneySpace.HomescreenViewModel( 2316): resetProgress
09-11 16:25:17.731 I/HoneySpace.BackgroundManagerImpl( 2316): checkAndUpdateBackgroundEffect: com.honeyspace.sdk.HomeScreen$Normal@6a643bf, ch=33424689, forceApply=false
09-11 16:25:17.734 I/HoneySpace.WorkspacePot( 2316): notifyOnShown, com.honeyspace.sdk.HomeScreen$Normal@6a643bf
09-11 16:25:17.735 I/HoneySpace.WhiteBgColorUpdater( 2316): changeWhiteBgSystemUIColor, com.android.internal.policy.DecorView{7789ba2 V.E...... R......D 0,0-1080,2340 aid=5}[LauncherActivity], type = 2, supportWhiteBg = true, forced = false, fromHoneyType = workspace, darkStatusBar = 0, darkNavigationBar = false
09-11 16:25:17.735 I/HoneySpace.WhiteBgColorChanger( 2316): changeStatusBarColor, view = com.android.internal.policy.DecorView{7789ba2 V.E...... R......D 0,0-1080,2340 aid=5}[LauncherActivity], isDarkColor = false
09-11 16:25:17.735 I/HoneySpace.WhiteBgColorUpdater( 2316): changeWhiteBgSystemUIColor, com.android.internal.policy.DecorView{7789ba2 V.E...... R......D 0,0-1080,2340 aid=5}[LauncherActivity], type = 3, supportWhiteBg = true, forced = false, fromHoneyType = workspace, darkStatusBar = 0, darkNavigationBar = false
09-11 16:25:17.735 I/HoneySpace.WhiteBgColorChanger( 2316): changeNavigationBarColor, view = com.android.internal.policy.DecorView{7789ba2 V.E...... R......D 0,0-1080,2340 aid=5}[LauncherActivity], isDarkColor = false
09-11 16:25:17.738 I/HoneySpace.SPayHandler( 2316): updateSpayHandler, show = true, defaultPage = true
09-11 16:25:17.810 W/SemWifi.Continuity( 1049): bind time out! try again ... 1
09-11 16:25:17.812 D/[ContinuitySDK_1.2.7022]_VersionUtil( 1049): initSupportFeatures - abovePatchVersionCode - 1309
09-11 16:25:17.812 I/[ContinuitySDK_1.2.7022]_VersionUtil( 1049): initSupportFeatures - serviceVersionCode - 130901000, mSupportFeatures - 11
09-11 16:25:17.812 I/[ContinuitySDK_1.2.7022]_ContinuityAdapterImpl( 1049): bindService - -
09-11 16:25:17.813 I/[ContinuitySDK_1.2.7022]_ContinuityAdapterImpl( 1049): initialize - INIT_SUCCESS
09-11 16:25:17.813 I/[ContinuitySDK_1.2.7022]_ExecutorUtil( 1049): start - sIsStarted = false
09-11 16:25:17.814 W/ContextImpl( 1049): Calling a method in the system process without a qualified user: android.app.ContextImpl.bindService:2092 com.samsung.android.mcf.continuity.impl.ContinuityAdapterImpl.$r8$lambda$8A1pWsBhtxEl-BgeFqVMHKeudJs:159 com.samsung.android.mcf.continuity.impl.ContinuityAdapterImpl$$ExternalSyntheticLambda3.run:7 com.samsung.android.mcf.continuity.common.ExecutorUtil$b.run:3 java.util.concurrent.ThreadPoolExecutor.runWorker:1145 
09-11 16:25:17.817 I/[ContinuitySDK_1.2.7022]_ContinuityAdapterImpl( 1049): bindService - start bindService
09-11 16:25:17.823 I/[ContinuitySDK_1.2.7022]_ContinuityAdapterImpl( 1049): onServiceConnected - main controller is not started -> try sync cloud
09-11 16:25:17.824 I/[MCFDs]_McfSyncMainController(12508): registerSyncCloudCallback - appId: 33
09-11 16:25:17.824 I/[MCFDs]_McfSyncMainController(12508): sendSyncCloudCallback - isStarted: false
09-11 16:25:17.826 W/[ContinuitySDK_1.2.7022]_ContinuityAdapterImpl( 1049): onCallback - fail to syncCloud
09-11 16:25:17.826 I/[ContinuitySDK_1.2.7022]_ContinuityAdapterImpl( 1049): unbindServiceImpl - -
09-11 16:25:17.827 D/[ContinuitySDK_1.2.7022]_VersionUtil( 1049): isSDKSupportFeature - abovePatchVersionCode - 1207
09-11 16:25:17.827 I/[ContinuitySDK_1.2.7022]_ContinuitySession( 1049): closeServer - -
09-11 16:25:17.830 V/SemWifi.Continuity( 1049): onServiceDisconnected
09-11 16:25:17.830 I/[ContinuitySDK_1.2.7022]_ContinuityAdapterImpl( 1049): release - -
09-11 16:25:17.830 I/[ContinuitySDK_1.2.7022]_ContinuityAdapterImpl( 1049): unbindServiceImpl - -
09-11 16:25:17.830 W/[ContinuitySDK_1.2.7022]_ContinuityAdapterImpl( 1049): unbindServiceImpl - invalid service state 0
09-11 16:25:17.830 I/[ContinuitySDK_1.2.7022]_ExecutorUtil( 1049): shutdown - sIsStarted = true
09-11 16:25:17.918 I/HoneySpace.HintStateAnimationHelper( 2316): resetScreen, APPS, endSpringValue: 0.0
09-11 16:25:17.918 I/HoneySpace.HintStateAnimationHelper( 2316): hintStateEnd
09-11 16:25:17.938 I/SAMSUNGWALLET(18371): [Hint_PayHintService] onReceive() action=android.intent.action.CLOSE_SYSTEM_DIALOGS
09-11 16:25:17.938 I/SAMSUNGWALLET(18371): [Hint_PayHintService] onReceive() action=com.sec.android.app.launcher.intent.action.UPDATE_SPAY_HANDLER
09-11 16:25:17.939 I/SAMSUNGWALLET(18371): [Hint_PayHintService] home change, s home : true , default : true , gesture : true , s result : true , prev : false
09-11 16:25:17.950 I/SAMSUNGWALLET(18371): [Hint_SimpleHintProcessMonitor] isHomePackageRunning topPkgName = com.sec.android.app.launcher, topClsName = com.sec.android.app.launcher.Launcher, return true , se : true
09-11 16:25:17.953 I/SAMSUNGWALLET(18371): [Hint_PayHintService] Hint Status - SHOW, y : 0.0
09-11 16:25:17.955 I/SAMSUNGWALLET(18371): [Hint_PayHintService] getWindowLayoutParams
09-11 16:25:17.956 I/SAMSUNGWALLET(18371): [Hint_PayHintService] S fit
09-11 16:25:17.958 I/SAMSUNGWALLET(18371): [SimpleCardManagerImpl] getFocusCard mList is empty
09-11 16:25:17.962 V/WindowManager( 1049): Relayout Window{fa4d72a u0 com.samsung.android.spay.pay.HintService}: viewVisibility=0 req=366x67 ty=2024 d0
09-11 16:25:17.963 I/SurfaceFlinger(  747): id=24766 createSurf, flag=44004, com.samsung.android.spay.pay.HintService$_18371#24766
09-11 16:25:17.964 D/WindowManager( 1049): makeSurface duration=1 name=com.samsung.android.spay.pay.HintService$_18371
09-11 16:25:17.965 D/DisplayPolicyExt( 1049): notifySamsungPayInfo: true, Rect(357, 2273 - 723, 2340)
09-11 16:25:17.966 V/WindowManager( 1049): Relayout hash=fa4d72a, pid=18371, syncId=-1: mAttrs={(0,0)(366x67) gr=BOTTOM CENTER sim={adjust=pan} layoutInDisplayCutoutMode=shortEdges ty=NAVIGATION_BAR_PANEL fmt=TRANSLUCENT
09-11 16:25:17.966 V/WindowManager( 1049):   fl=1800308
09-11 16:25:17.966 V/WindowManager( 1049):   pfl=10000040
09-11 16:25:17.966 V/WindowManager( 1049):   bhv=1
09-11 16:25:17.966 V/WindowManager( 1049):   fitTypes=2
09-11 16:25:17.966 V/WindowManager( 1049):   fitSides=5
09-11 16:25:17.966 V/WindowManager( 1049):   frameRateBoostOnTouch=true
09-11 16:25:17.966 V/WindowManager( 1049):   dvrrWindowFrameRateHint=true naviIconColor=0}
09-11 16:25:17.967 D/Navbar.NavigationBar( 1587): notifySamsungPayInfo displayId : 0, visible: true
09-11 16:25:17.968 D/Navbar.Store( 1587): handleEvent(0) OnUpdateSpayVisibility(showing=true, width=366) [Module] NavigationBar
09-11 16:25:17.968 D/Navbar.Store( 1587): --[Band]GESTURE_PACK_SET_HINT_VISIBILITY
09-11 16:25:17.968 D/Navbar.Store( 1587): --[Band] (afterAction) GESTURE_PACK_SET_HINT_VISIBILITY
09-11 16:25:17.968 D/Navbar.Store( 1587): ----apply(0) NavBarStoreAction$UpdateGestureHintVisibility
09-11 16:25:17.968 D/NavBarStateManager( 1587): NavBarStates(0) canShowGestureHint: false
09-11 16:25:17.969 I/HoneySpace.TISBinder( 2316): notifyPayInfo, isShowing = true, width = 366
09-11 16:25:17.970 I/HoneySpace.SystemUiRepository( 2316): _spayWidth = 366
09-11 16:25:17.971 I/HoneySpace.TaskbarEventTracker( 2316): invokeEvent() called with: event = NotifyPayInfo(isShowing=true, width=366)
09-11 16:25:17.975 I/BLASTBufferQueue_Java(18371): new BLASTBufferQueue, mName= VRI[HintService]@543f6f2 mNativeObject= 0xb400007812ad3200 sc.mNativeObject= 0xb4000077c4c67780 caller= android.view.ViewRootImpl.updateBlastSurfaceIfNeeded:3397 android.view.ViewRootImpl.relayoutWindow:11361 android.view.ViewRootImpl.performTraversals:4544 android.view.ViewRootImpl.doTraversal:3708 android.view.ViewRootImpl$TraversalRunnable.run:12542 android.view.Choreographer$CallbackRecord.run:1751 android.view.Choreographer$CallbackRecord.run:1760 android.view.Choreographer.doCallbacks:1216 android.view.Choreographer.doFrame:1142 android.view.Choreographer$FrameDisplayEventReceiver.run:1707 
09-11 16:25:17.975 I/BLASTBufferQueue_Java(18371): update, w= 366 h= 67 mName = VRI[HintService]@543f6f2 mNativeObject= 0xb400007812ad3200 sc.mNativeObject= 0xb4000077c4c67780 format= -3 caller= android.graphics.BLASTBufferQueue.<init>:88 android.view.ViewRootImpl.updateBlastSurfaceIfNeeded:3397 android.view.ViewRootImpl.relayoutWindow:11361 android.view.ViewRootImpl.performTraversals:4544 android.view.ViewRootImpl.doTraversal:3708 android.view.ViewRootImpl$TraversalRunnable.run:12542 
09-11 16:25:17.977 I/VRI[HintService]@543f6f2(18371): Relayout returned: old=(357,2273,723,2340) new=(357,2273,723,2340) relayoutAsync=false req=(366,67)0 dur=10 res=0x3 s={true 0xb400007812a9d000} ch=true seqId=0
09-11 16:25:17.981 I/VRI[HintService]@543f6f2(18371): Creating new active sync group VRI[HintService]@543f6f2#15
09-11 16:25:17.984 I/SurfaceFlinger(  747): [com.samsung.android.spay.pay.HintService$_18371#24766] attach to parent LayerHierarchy{RequestedLayerState{fa4d72a com.samsung.android.spay.pay.HintService#24606 parentId=24605} 1 children}
09-11 16:25:17.986 I/VRI[HintService]@543f6f2(18371): mWNT: t=0xb4000077c500cb00 mBlastBufferQueue=0xb400007812ad3200 fn= 1 HdrRenderState mRenderHdrSdrRatio=1.0 caller= android.view.ViewRootImpl$11.onFrameDraw:15016 android.view.ThreadedRenderer$1.onFrameDraw:761 <bottom of call stack> 
09-11 16:25:17.986 I/VRI[HintService]@543f6f2(18371): Setting up sync and frameCommitCallback
09-11 16:25:17.990 I/BLASTBufferQueue(18371): [VRI[HintService]@543f6f2#6](f:0,a:0,s:0) onFrameAvailable the first frame is available
09-11 16:25:17.991 I/SurfaceFlinger(  747): [com.samsung.android.spay.pay.HintService$_18371#24766] setTransactionState with the first frame. bufferData(ID: 78902844194840, frameNumber: 1)
09-11 16:25:17.992 I/VRI[HintService]@543f6f2(18371): Received frameCommittedCallback lastAttemptedDrawFrameNum=1 didProduceBuffer=true
09-11 16:25:17.994 D/WindowManager( 1049): finishDrawingWindow: Window{fa4d72a u0 com.samsung.android.spay.pay.HintService} mDrawState=DRAW_PENDING seqId=0
09-11 16:25:17.996 V/WindowManager( 1049): performShowLocked: mDrawState=HAS_DRAWN in Window{fa4d72a u0 com.samsung.android.spay.pay.HintService}
09-11 16:25:18.004 D/io_stats(  460): !@   8,0 r 26831365 465359343 w 3795229 68750632 d 441066 51600152 f 202029 583983 iot 12647076 0 th 0 0 0 pt 0 inp 0 0 111197.333
09-11 16:25:18.004 D/io_stats(  460): !@ Read_top(KB): gle.android.gms(1753) 880 chbox:googleapp(3107) 568 .android.chrome(21674) 376
09-11 16:25:18.004 D/io_stats(  460): !@ Write_top(KB): kworker/u16:2(17323) 368 id.diagmonagent(3707) 40 android.vending(20990) 12
09-11 16:25:18.016 I/SurfaceFlinger(  747): Layer [com.samsung.android.spay.pay.HintService$_18371#24766] hidden!! flag(0)
09-11 16:25:18.019 D/SurfaceFlinger(  747): Display 4633128672291735931 HWC layers:
09-11 16:25:18.019 D/SurfaceFlinger(  747):        DEVICE |   0xb40000719aa2fd00 | 0000 | RGBA_8888    |    0.0    0.0 1080.0 2340.0 |    0    0 1080 2340 | Wallpaper BBQ wrapper 5_system#91 (1)
09-11 16:25:18.019 D/SurfaceFlinger(  747):        DEVICE |   0xb4000071759b8780 | 0001 | RGBA_8888    |    0.0    0.0 1080.0 2340.0 |    0    0 1080 2340 | com.sec.android.app.launcher/com.sec[...]ivities.LauncherActivity$_2316#24731 (143)
09-11 16:25:18.019 D/SurfaceFlinger(  747):        DEVICE |   0xb400007175633f80 | 0001 | RGBA_8888    |    0.0    0.0 1080.0   96.0 |    0    0 1080   96 | StatusBar$_1587#95 (22543)
09-11 16:25:18.019 D/SurfaceFlinger(  747):        DEVICE |   0xb4000071752d6b00 | 0001 | RGBA_8888    |    0.0    0.0 1080.0  135.0 |    0 2205 1080 2340 | NavigationBar0$_1587#23260 (1508)
09-11 16:25:18.019 D/SurfaceFlinger(  747):        DEVICE |   0xb40000717a395580 | 0001 | RGBA_8888    |    0.0    0.0  366.0   67.0 |  357 2273  723 2340 | com.samsung.android.spay.pay.HintService$_18371#24766 (1)
09-11 16:25:18.019 D/SurfaceFlinger(  747): 
09-11 16:25:18.143 D/InputReader( 1049): Btn_touch(3): value=1 when=111197.471561
09-11 16:25:18.143 I/InputReader( 1049): Touch event's action is 0x0 (id=5, t=0) [pCnt=1, s=0.7433 ] when=111197.471561
09-11 16:25:18.146 I/InputDispatcher( 1049): Delivering touch to (1587): action: 0x4, f=0x0, d=0, '50debd8', t=1 
09-11 16:25:18.146 I/InputDispatcher( 1049): Delivering touch to (3107): action: 0x4, f=0x0, d=0, 'e6b8bdb', t=1 
09-11 16:25:18.147 I/InputDispatcher( 1049): Delivering touch to (2316): action: 0x0, f=0x0, d=0, '1f5a5af', t=1 
09-11 16:25:18.147 I/VRI[LauncherActivity]@e283ed9( 2316): ViewPostIme pointer 0
09-11 16:25:18.147 I/HoneySpace.LongPressTouchController( 2316): ACTION_DOWN, (604.0, 1578.0)
09-11 16:25:18.148 I/HoneySpace.LongPressTouchController( 2316): is not VacantCell
09-11 16:25:18.148 I/HoneySpace.HomeView( 2316): findControllerToHandleTouch ev = 0
09-11 16:25:18.148 I/HoneySpace.StatusBarTouchController( 2316): canInterceptTouch showNotificationPanel : true systemUiProxy.isActive() = true honeyScreenManager.currentHoneyScreen : HOME honeyScreen.currentHoneyState : com.honeyspace.sdk.HomeScreen$Normal@6a643bf
09-11 16:25:18.148 I/HoneySpace.FinderTouchController( 2316): onControllerInterceptTouchEvent :: canInterceptTouch() = false, QuickOptionUtil.isShowQuickOption() : false QuickOptionUtil.isDragging : false
09-11 16:25:18.148 I/HoneySpace.HomeAppsTouchController( 2316): currentChangeState : com.honeyspace.sdk.HomeScreen$Normal@6a643bf, currentHoneyState : com.honeyspace.sdk.HomeScreen$Normal@6a643bf, EditLockPopup : false, isOpenFolderMode : false, isChildScrolling : false, isDragAnimRunning : false
09-11 16:25:18.148 I/HoneySpace.HomeAppsTouchController( 2316): currentChangeState : com.honeyspace.sdk.HomeScreen$Normal@6a643bf, currentHoneyState : com.honeyspace.sdk.HomeScreen$Normal@6a643bf, EditLockPopup : false, isOpenFolderMode : false, isChildScrolling : false, isDragAnimRunning : false
09-11 16:25:18.148 I/HoneySpace.PageEditTouchController( 2316): onControllerInterceptTouchEvent, isInProgress = false
09-11 16:25:18.148 I/HoneySpace.WorkspaceFastRecyclerView( 2316): dispatchTouchEvent() event.action=0
09-11 16:25:18.148 I/HoneySpace.WorkspaceFastRecyclerView( 2316): processDownMotionEvent, index = 0, id = 0
09-11 16:25:18.148 I/HoneySpace.WorkspaceFastRecyclerView( 2316): initTouchPoint, index = 0, id = 0
09-11 16:25:18.149 I/HoneySpace.GestureInputHandler( 2316): inputConsumers = [com.honeyspace.gesture.inputconsumer.InputConsumer$Companion$NO_OP$1@3dd94c9]
09-11 16:25:18.150 I/HoneySpace.InputSession( 2316): inputConsumers = NO_OP
09-11 16:25:18.150 I/HoneySpace.InputSession( 2316): open
09-11 16:25:18.151 I/SemDvfsHyPerManager( 3725): acquire hyper - TATouchBoost/3725@21, type = -999
09-11 16:25:18.152 I/GestureDetector( 1049): obtain mCurrentDownEvent. id: 795896881 caller: com.android.server.wm.SystemGesturesPointerEventListener.onPointerEvent:17 com.android.server.wm.PointerEventDispatcher.onInputEvent:51 android.view.InputEventReceiver.dispatchInputEvent:385 
09-11 16:25:18.152 I/GestureDetector( 1049): obtain mCurrentDownEvent. id: 795896881 caller: com.android.server.wm.SystemPerformancePointerEventListener.onPointerEvent:13 com.android.server.wm.PointerEventDispatcher.onInputEvent:51 android.view.InputEventReceiver.dispatchInputEvent:385 
09-11 16:25:18.154 I/HYPER-HAL(  689): [RequestManager.cpp]acquire(): Acquired ID : 7018152  [3725 / 21]    HINT :      list : [TABoost / 1] [TIMEOUT / 1500] 
09-11 16:25:18.159 I/GestureDetector( 1049): obtain mCurrentMotionEventRaw. action: 2 id: 303973587
09-11 16:25:18.160 I/GestureDetector( 1049): obtain mCurrentMotionEventRaw. action: 2 id: 303973587
09-11 16:25:18.161 I/HoneySpace.HomeView( 2316): findControllerToHandleTouch ev = 2
09-11 16:25:18.161 I/HoneySpace.FinderTouchController( 2316): onControllerInterceptTouchEvent :: canInterceptTouch() = false, QuickOptionUtil.isShowQuickOption() : false QuickOptionUtil.isDragging : false
09-11 16:25:18.161 I/HoneySpace.HomeAppsTouchController( 2316): currentChangeState : com.honeyspace.sdk.HomeScreen$Normal@6a643bf, currentHoneyState : com.honeyspace.sdk.HomeScreen$Normal@6a643bf, EditLockPopup : false, isOpenFolderMode : false, isChildScrolling : false, isDragAnimRunning : false
09-11 16:25:18.161 I/HoneySpace.HomeAppsTouchController( 2316): skip move event PointF(604.0, 1578.0) true
09-11 16:25:18.161 I/HoneySpace.PageEditTouchController( 2316): onControllerInterceptTouchEvent, isInProgress = false
09-11 16:25:18.161 I/HoneySpace.MinusOnePageController( 2316): ACTION_MOVE isValidState: true isNormalState: true shouldStartScroll: false delta: 0.0 isScrollableItemTouch: false touchSlop: 34.5 minusOnePageMover: q3.d@e4178a6
09-11 16:25:18.161 I/HoneySpace.WorkspaceFastRecyclerView( 2316): updateIsBeingDraggedOnTouchDown touchSlop:35, diff:0, moved:false, useLongTouchSlop:true
09-11 16:25:18.172 I/HoneySpace.HomeView( 2316): findControllerToHandleTouch ev = 2
09-11 16:25:18.172 I/HoneySpace.FinderTouchController( 2316): onControllerInterceptTouchEvent :: canInterceptTouch() = false, QuickOptionUtil.isShowQuickOption() : false QuickOptionUtil.isDragging : false
09-11 16:25:18.172 I/HoneySpace.HomeAppsTouchController( 2316): currentChangeState : com.honeyspace.sdk.HomeScreen$Normal@6a643bf, currentHoneyState : com.honeyspace.sdk.HomeScreen$Normal@6a643bf, EditLockPopup : false, isOpenFolderMode : false, isChildScrolling : false, isDragAnimRunning : false
09-11 16:25:18.172 I/HoneySpace.HomeAppsTouchController( 2316): skip move event PointF(604.0, 1578.0) true
09-11 16:25:18.172 I/HoneySpace.PageEditTouchController( 2316): onControllerInterceptTouchEvent, isInProgress = false
09-11 16:25:18.172 I/HoneySpace.MinusOnePageController( 2316): ACTION_MOVE isValidState: true isNormalState: true shouldStartScroll: false delta: 0.0 isScrollableItemTouch: false touchSlop: 34.5 minusOnePageMover: q3.d@e4178a6
09-11 16:25:18.172 I/HoneySpace.WorkspaceFastRecyclerView( 2316): updateIsBeingDraggedOnTouchDown touchSlop:35, diff:0, moved:false, useLongTouchSlop:true
09-11 16:25:18.183 I/HoneySpace.HomeView( 2316): findControllerToHandleTouch ev = 2
09-11 16:25:18.183 I/HoneySpace.FinderTouchController( 2316): onControllerInterceptTouchEvent :: canInterceptTouch() = false, QuickOptionUtil.isShowQuickOption() : false QuickOptionUtil.isDragging : false
09-11 16:25:18.183 I/HoneySpace.HomeAppsTouchController( 2316): currentChangeState : com.honeyspace.sdk.HomeScreen$Normal@6a643bf, currentHoneyState : com.honeyspace.sdk.HomeScreen$Normal@6a643bf, EditLockPopup : false, isOpenFolderMode : false, isChildScrolling : false, isDragAnimRunning : false
09-11 16:25:18.183 I/HoneySpace.HomeAppsTouchController( 2316): skip move event PointF(604.0, 1578.0) true
09-11 16:25:18.184 I/HoneySpace.PageEditTouchController( 2316): onControllerInterceptTouchEvent, isInProgress = false
09-11 16:25:18.184 I/HoneySpace.MinusOnePageController( 2316): ACTION_MOVE isValidState: true isNormalState: true shouldStartScroll: false delta: 0.0 isScrollableItemTouch: false touchSlop: 34.5 minusOnePageMover: q3.d@e4178a6
09-11 16:25:18.184 I/HoneySpace.WorkspaceFastRecyclerView( 2316): updateIsBeingDraggedOnTouchDown touchSlop:35, diff:0, moved:false, useLongTouchSlop:true
09-11 16:25:18.194 I/HoneySpace.HomeView( 2316): findControllerToHandleTouch ev = 2
09-11 16:25:18.195 I/HoneySpace.FinderTouchController( 2316): onControllerInterceptTouchEvent :: canInterceptTouch() = false, QuickOptionUtil.isShowQuickOption() : false QuickOptionUtil.isDragging : false
